Dec 14 00:56:32 zhuqingyang-Rev-1-0 kernel: [ 1561.434533] [drm:gen6_sanitize_pm] *ERROR* Power management discrepancy: GEN6_RP_INTERRUPT_LIMITS expected 000d0000, was 1a0d0000
Dec 14 01:25:28 zhuqingyang-Rev-1-0 kernel: [ 3294.947950] show_signal_msg: 33 callbacks suppressed
Dec 14 01:25:28 zhuqingyang-Rev-1-0 kernel: [ 3294.947954] fcitx-qimpanel[1841]: segfault at 2f0060 ip 002f0060 sp bf86a0cc error 14 in fcitx-qimpanel[8048000+f9000]
Dec 14 01:25:29 zhuqingyang-Rev-1-0 kernel: Kernel logging (proc) stopped.
Dec 14 09:24:35 zhuqingyang-Rev-1-0 kernel: imklog 5.8.6, log source = /proc/kmsg started.
Dec 14 09:24:35 zhuqingyang-Rev-1-0 kernel: [    0.000000] Initializing cgroup subsys cpuset
Dec 14 09:24:35 zhuqingyang-Rev-1-0 kernel: [    0.000000] Initializing cgroup subsys cpu
Dec 14 09:24:35 zhuqingyang-Rev-1-0 kernel: [    0.000000] Linux version 3.2.0-61-generic-pae (buildd@batsu) (gcc version 4.6.3 (Ubuntu/Linaro 4.6.3-1ubuntu5) ) #92-Ubuntu SMP Tue Apr 1 00:10:04 UTC 2014 (Ubuntu 3.2.0-61.92-generic-pae 3.2.55)
Dec 14 09:24:35 zhuqingyang-Rev-1-0 kernel: [    0.000000] KERNEL supported cpus:
Dec 14 09:24:35 zhuqingyang-Rev-1-0 kernel: [    0.000000]   Intel GenuineIntel
Dec 14 09:24:35 zhuqingyang-Rev-1-0 kernel: [    0.000000]   AMD AuthenticAMD
Dec 14 09:24:35 zhuqingyang-Rev-1-0 kernel: [    0.000000]   NSC Geode by NSC
Dec 14 09:24:35 zhuqingyang-Rev-1-0 kernel: [    0.000000]   Cyrix CyrixInstead
Dec 14 09:24:35 zhuqingyang-Rev-1-0 kernel: [    0.000000]   Centaur CentaurHauls
Dec 14 09:24:35 zhuqingyang-Rev-1-0 kernel: [    0.000000]   Transmeta GenuineTMx86
Dec 14 09:24:35 zhuqingyang-Rev-1-0 kernel: [    0.000000]   Transmeta TransmetaCPU
Dec 14 09:24:35 zhuqingyang-Rev-1-0 kernel: [    0.000000]   UMC UMC UMC UMC
Dec 14 09:24:35 zhuqingyang-Rev-1-0 kernel: [    0.000000] BIOS-provided physical RAM map:
Dec 14 09:24:35 zhuqingyang-Rev-1-0 kernel: [    0.000000]  BIOS-e820: 0000000000000000 - 000000000009c400 (usable)
Dec 14 09:24:35 zhuqingyang-Rev-1-0 kernel: [    0.000000]  BIOS-e820: 000000000009c400 - 00000000000a0000 (reserved)
Dec 14 09:24:35 zhuqingyang-Rev-1-0 kernel: [    0.000000]  BIOS-e820: 00000000000dc000 - 00000000000e0000 (reserved)
Dec 14 09:24:35 zhuqingyang-Rev-1-0 kernel: [    0.000000]  BIOS-e820: 00000000000e4000 - 0000000000100000 (reserved)
Dec 14 09:24:35 zhuqingyang-Rev-1-0 kernel: [    0.000000]  BIOS-e820: 0000000000100000 - 0000000020000000 (usable)
Dec 14 09:24:35 zhuqingyang-Rev-1-0 kernel: [    0.000000]  BIOS-e820: 0000000020000000 - 0000000020200000 (reserved)
Dec 14 09:24:35 zhuqingyang-Rev-1-0 kernel: [    0.000000]  BIOS-e820: 0000000020200000 - 0000000040000000 (usable)
Dec 14 09:24:35 zhuqingyang-Rev-1-0 kernel: [    0.000000]  BIOS-e820: 0000000040000000 - 0000000040200000 (reserved)
Dec 14 09:24:35 zhuqingyang-Rev-1-0 kernel: [    0.000000]  BIOS-e820: 0000000040200000 - 00000000d6a7c000 (usable)
Dec 14 09:24:35 zhuqingyang-Rev-1-0 kernel: [    0.000000]  BIOS-e820: 00000000d6a7c000 - 00000000d6a82000 (reserved)
Dec 14 09:24:35 zhuqingyang-Rev-1-0 kernel: [    0.000000]  BIOS-e820: 00000000d6a82000 - 00000000d6bf2000 (usable)
Dec 14 09:24:35 zhuqingyang-Rev-1-0 kernel: [    0.000000]  BIOS-e820: 00000000d6bf2000 - 00000000d6c0f000 (reserved)
Dec 14 09:24:35 zhuqingyang-Rev-1-0 kernel: [    0.000000]  BIOS-e820: 00000000d6c0f000 - 00000000d6c70000 (usable)
Dec 14 09:24:35 zhuqingyang-Rev-1-0 kernel: [    0.000000]  BIOS-e820: 00000000d6c70000 - 00000000d6cf1000 (ACPI NVS)
Dec 14 09:24:35 zhuqingyang-Rev-1-0 kernel: [    0.000000]  BIOS-e820: 00000000d6cf1000 - 00000000d6f0f000 (reserved)
Dec 14 09:24:35 zhuqingyang-Rev-1-0 kernel: [    0.000000]  BIOS-e820: 00000000d6f0f000 - 00000000d6f18000 (usable)
Dec 14 09:24:35 zhuqingyang-Rev-1-0 kernel: [    0.000000]  BIOS-e820: 00000000d6f18000 - 00000000d6f1f000 (reserved)
Dec 14 09:24:35 zhuqingyang-Rev-1-0 kernel: [    0.000000]  BIOS-e820: 00000000d6f1f000 - 00000000d6f80000 (usable)
Dec 14 09:24:35 zhuqingyang-Rev-1-0 kernel: [    0.000000]  BIOS-e820: 00000000d6f80000 - 00000000d6f9f000 (ACPI NVS)
Dec 14 09:24:35 zhuqingyang-Rev-1-0 kernel: [    0.000000]  BIOS-e820: 00000000d6f9f000 - 00000000d6fe0000 (usable)
Dec 14 09:24:35 zhuqingyang-Rev-1-0 kernel: [    0.000000]  BIOS-e820: 00000000d6fe0000 - 00000000d6fff000 (ACPI data)
Dec 14 09:24:35 zhuqingyang-Rev-1-0 kernel: [    0.000000]  BIOS-e820: 00000000d6fff000 - 00000000d7000000 (usable)
Dec 14 09:24:35 zhuqingyang-Rev-1-0 kernel: [    0.000000]  BIOS-e820: 00000000d7000000 - 00000000e0000000 (reserved)
Dec 14 09:24:35 zhuqingyang-Rev-1-0 kernel: [    0.000000]  BIOS-e820: 00000000f80f8000 - 00000000f80f9000 (reserved)
Dec 14 09:24:35 zhuqingyang-Rev-1-0 kernel: [    0.000000]  BIOS-e820: 00000000fed1c000 - 00000000fed90000 (reserved)
Dec 14 09:24:35 zhuqingyang-Rev-1-0 kernel: [    0.000000]  BIOS-e820: 00000000fee00000 - 00000000fee01000 (reserved)
Dec 14 09:24:35 zhuqingyang-Rev-1-0 kernel: [    0.000000]  BIOS-e820: 00000000ff000000 - 0000000100000000 (reserved)
Dec 14 09:24:35 zhuqingyang-Rev-1-0 kernel: [    0.000000]  BIOS-e820: 0000000100000000 - 000000011f800000 (usable)
Dec 14 09:24:35 zhuqingyang-Rev-1-0 kernel: [    0.000000] NX (Execute Disable) protection: active
Dec 14 09:24:35 zhuqingyang-Rev-1-0 kernel: [    0.000000] SMBIOS 2.6 present.
Dec 14 09:24:35 zhuqingyang-Rev-1-0 kernel: [    0.000000] DMI: LENOVO                           ZHAOYANG K27    /KLx                             , BIOS 46CN21WW   09/07/2011
Dec 14 09:24:35 zhuqingyang-Rev-1-0 kernel: [    0.000000] e820 update range: 0000000000000000 - 0000000000010000 (usable) ==> (reserved)
Dec 14 09:24:35 zhuqingyang-Rev-1-0 kernel: [    0.000000] e820 remove range: 00000000000a0000 - 0000000000100000 (usable)
Dec 14 09:24:35 zhuqingyang-Rev-1-0 kernel: [    0.000000] last_pfn = 0x11f800 max_arch_pfn = 0x1000000
Dec 14 09:24:35 zhuqingyang-Rev-1-0 kernel: [    0.000000] MTRR default type: uncachable
Dec 14 09:24:35 zhuqingyang-Rev-1-0 kernel: [    0.000000] MTRR fixed ranges enabled:
Dec 14 09:24:35 zhuqingyang-Rev-1-0 kernel: [    0.000000]   00000-9FFFF write-back
Dec 14 09:24:35 zhuqingyang-Rev-1-0 kernel: [    0.000000]   A0000-BFFFF uncachable
Dec 14 09:24:35 zhuqingyang-Rev-1-0 kernel: [    0.000000]   C0000-CFFFF write-protect
Dec 14 09:24:35 zhuqingyang-Rev-1-0 kernel: [    0.000000]   D0000-DFFFF uncachable
Dec 14 09:24:35 zhuqingyang-Rev-1-0 kernel: [    0.000000]   E0000-FFFFF write-through
Dec 14 09:24:35 zhuqingyang-Rev-1-0 kernel: [    0.000000] MTRR variable ranges enabled:
Dec 14 09:24:35 zhuqingyang-Rev-1-0 kernel: [    0.000000]   0 disabled
Dec 14 09:24:35 zhuqingyang-Rev-1-0 kernel: [    0.000000]   1 base 000000000 mask F80000000 write-back
Dec 14 09:24:35 zhuqingyang-Rev-1-0 kernel: [    0.000000]   2 base 080000000 mask FC0000000 write-back
Dec 14 09:24:35 zhuqingyang-Rev-1-0 kernel: [    0.000000]   3 base 0C0000000 mask FE0000000 write-back
Dec 14 09:24:35 zhuqingyang-Rev-1-0 kernel: [    0.000000]   4 base 100000000 mask FE0000000 write-back
Dec 14 09:24:35 zhuqingyang-Rev-1-0 kernel: [    0.000000]   5 base 11F800000 mask FFF800000 uncachable
Dec 14 09:24:35 zhuqingyang-Rev-1-0 kernel: [    0.000000]   6 base 0D7800000 mask FFF800000 uncachable
Dec 14 09:24:35 zhuqingyang-Rev-1-0 kernel: [    0.000000]   7 base 0D8000000 mask FF8000000 uncachable
Dec 14 09:24:35 zhuqingyang-Rev-1-0 kernel: [    0.000000]   8 disabled
Dec 14 09:24:35 zhuqingyang-Rev-1-0 kernel: [    0.000000]   9 disabled
Dec 14 09:24:35 zhuqingyang-Rev-1-0 kernel: [    0.000000] x86 PAT enabled: cpu 0, old 0x7040600070406, new 0x7010600070106
Dec 14 09:24:35 zhuqingyang-Rev-1-0 kernel: [    0.000000] original variable MTRRs
Dec 14 09:24:35 zhuqingyang-Rev-1-0 kernel: [    0.000000] reg 1, base: 0GB, range: 2GB, type WB
Dec 14 09:24:35 zhuqingyang-Rev-1-0 kernel: [    0.000000] reg 2, base: 2GB, range: 1GB, type WB
Dec 14 09:24:35 zhuqingyang-Rev-1-0 kernel: [    0.000000] reg 3, base: 3GB, range: 512MB, type WB
Dec 14 09:24:35 zhuqingyang-Rev-1-0 kernel: [    0.000000] reg 4, base: 4GB, range: 512MB, type WB
Dec 14 09:24:35 zhuqingyang-Rev-1-0 kernel: [    0.000000] reg 5, base: 4600MB, range: 8MB, type UC
Dec 14 09:24:35 zhuqingyang-Rev-1-0 kernel: [    0.000000] reg 6, base: 3448MB, range: 8MB, type UC
Dec 14 09:24:35 zhuqingyang-Rev-1-0 kernel: [    0.000000] reg 7, base: 3456MB, range: 128MB, type UC
Dec 14 09:24:35 zhuqingyang-Rev-1-0 kernel: [    0.000000] total RAM covered: 3952M
Dec 14 09:24:35 zhuqingyang-Rev-1-0 kernel: [    0.000000] Found optimal setting for mtrr clean up
Dec 14 09:24:35 zhuqingyang-Rev-1-0 kernel: [    0.000000]  gran_size: 64K 	chunk_size: 16M 	num_reg: 7  	lose cover RAM: 0G
Dec 14 09:24:35 zhuqingyang-Rev-1-0 kernel: [    0.000000] New variable MTRRs
Dec 14 09:24:35 zhuqingyang-Rev-1-0 kernel: [    0.000000] reg 0, base: 0GB, range: 2GB, type WB
Dec 14 09:24:35 zhuqingyang-Rev-1-0 kernel: [    0.000000] reg 1, base: 2GB, range: 1GB, type WB
Dec 14 09:24:35 zhuqingyang-Rev-1-0 kernel: [    0.000000] reg 2, base: 3GB, range: 256MB, type WB
Dec 14 09:24:35 zhuqingyang-Rev-1-0 kernel: [    0.000000] reg 3, base: 3328MB, range: 128MB, type WB
Dec 14 09:24:35 zhuqingyang-Rev-1-0 kernel: [    0.000000] reg 4, base: 3448MB, range: 8MB, type UC
Dec 14 09:24:35 zhuqingyang-Rev-1-0 kernel: [    0.000000] reg 5, base: 4GB, range: 512MB, type WB
Dec 14 09:24:35 zhuqingyang-Rev-1-0 kernel: [    0.000000] reg 6, base: 4600MB, range: 8MB, type UC
Dec 14 09:24:35 zhuqingyang-Rev-1-0 kernel: [    0.000000] e820 update range: 00000000d7800000 - 0000000100000000 (usable) ==> (reserved)
Dec 14 09:24:35 zhuqingyang-Rev-1-0 kernel: [    0.000000] found SMP MP-table at [c00f7020] f7020
Dec 14 09:24:35 zhuqingyang-Rev-1-0 kernel: [    0.000000] initial memory mapped : 0 - 02000000
Dec 14 09:24:35 zhuqingyang-Rev-1-0 kernel: [    0.000000] Base memory trampoline at [c0098000] 98000 size 16384
Dec 14 09:24:35 zhuqingyang-Rev-1-0 kernel: [    0.000000] reserving inaccessible SNB gfx pages
Dec 14 09:24:35 zhuqingyang-Rev-1-0 kernel: [    0.000000] init_memory_mapping: 0000000000000000-0000000037bfe000
Dec 14 09:24:35 zhuqingyang-Rev-1-0 kernel: [    0.000000]  0000000000 - 0000200000 page 4k
Dec 14 09:24:35 zhuqingyang-Rev-1-0 kernel: [    0.000000]  0000200000 - 0037a00000 page 2M
Dec 14 09:24:35 zhuqingyang-Rev-1-0 kernel: [    0.000000]  0037a00000 - 0037bfe000 page 4k
Dec 14 09:24:35 zhuqingyang-Rev-1-0 kernel: [    0.000000] kernel direct mapping tables up to 37bfe000 @ 1ffa000-2000000
Dec 14 09:24:35 zhuqingyang-Rev-1-0 kernel: [    0.000000] RAMDISK: 364d8000 - 37264000
Dec 14 09:24:35 zhuqingyang-Rev-1-0 kernel: [    0.000000] ACPI: RSDP 000f6ee0 00024 (v02 PTLTD )
Dec 14 09:24:35 zhuqingyang-Rev-1-0 kernel: [    0.000000] ACPI: XSDT d6ff2928 00064 (v01 LENOVO CB-01    06040000  LTP 00000000)
Dec 14 09:24:35 zhuqingyang-Rev-1-0 kernel: [    0.000000] ACPI: FACP d6fe2000 000F4 (v03 LENOVO CB-01    06040000 PTEC 00000001)
Dec 14 09:24:35 zhuqingyang-Rev-1-0 kernel: [    0.000000] ACPI: DSDT d6fe3000 0C246 (v02 LENOVO CB-01    06040000 INTL 20060912)
Dec 14 09:24:35 zhuqingyang-Rev-1-0 kernel: [    0.000000] ACPI: FACS d6f9cfc0 00040
Dec 14 09:24:35 zhuqingyang-Rev-1-0 kernel: [    0.000000] ACPI: HPET d6ffed6a 00038 (v01 LENOVO CB-01    06040000 PTEC 00000001)
Dec 14 09:24:35 zhuqingyang-Rev-1-0 kernel: [    0.000000] ACPI: MCFG d6ffeda2 0003C (v01 LENOVO CB-01    06040000 PTEC 00000001)
Dec 14 09:24:35 zhuqingyang-Rev-1-0 kernel: [    0.000000] ACPI: APIC d6ffedde 00084 (v01 LENOVO CB-01    06040000  LTP 00000000)
Dec 14 09:24:35 zhuqingyang-Rev-1-0 kernel: [    0.000000] ACPI: BOOT d6ffee62 00028 (v01 LENOVO CB-01    06040000  LTP 00000001)
Dec 14 09:24:35 zhuqingyang-Rev-1-0 kernel: [    0.000000] ACPI: SLIC d6ffee8a 00176 (v01 LENOVO CB-01    06040000  LTP 00000000)
Dec 14 09:24:35 zhuqingyang-Rev-1-0 kernel: [    0.000000] ACPI: SSDT d6fe1000 00846 (v01  PmRef  Cpu0Ist 00003000 INTL 20060912)
Dec 14 09:24:35 zhuqingyang-Rev-1-0 kernel: [    0.000000] ACPI: SSDT d6fe0000 00996 (v01  PmRef    CpuPm 00003000 INTL 20060912)
Dec 14 09:24:35 zhuqingyang-Rev-1-0 kernel: [    0.000000] ACPI: Local APIC address 0xfee00000
Dec 14 09:24:35 zhuqingyang-Rev-1-0 kernel: [    0.000000] 3708MB HIGHMEM available.
Dec 14 09:24:35 zhuqingyang-Rev-1-0 kernel: [    0.000000] 891MB LOWMEM available.
Dec 14 09:24:35 zhuqingyang-Rev-1-0 kernel: [    0.000000]   mapped low ram: 0 - 37bfe000
Dec 14 09:24:35 zhuqingyang-Rev-1-0 kernel: [    0.000000]   low ram: 0 - 37bfe000
Dec 14 09:24:35 zhuqingyang-Rev-1-0 kernel: [    0.000000] Zone PFN ranges:
Dec 14 09:24:35 zhuqingyang-Rev-1-0 kernel: [    0.000000]   DMA      0x00000010 -> 0x00001000
Dec 14 09:24:35 zhuqingyang-Rev-1-0 kernel: [    0.000000]   Normal   0x00001000 -> 0x00037bfe
Dec 14 09:24:35 zhuqingyang-Rev-1-0 kernel: [    0.000000]   HighMem  0x00037bfe -> 0x0011f800
Dec 14 09:24:35 zhuqingyang-Rev-1-0 kernel: [    0.000000] Movable zone start PFN for each node
Dec 14 09:24:35 zhuqingyang-Rev-1-0 kernel: [    0.000000] early_node_map[11] active PFN ranges
Dec 14 09:24:35 zhuqingyang-Rev-1-0 kernel: [    0.000000]     0: 0x00000010 -> 0x0000009c
Dec 14 09:24:35 zhuqingyang-Rev-1-0 kernel: [    0.000000]     0: 0x00000100 -> 0x00020000
Dec 14 09:24:35 zhuqingyang-Rev-1-0 kernel: [    0.000000]     0: 0x00020200 -> 0x00040000
Dec 14 09:24:35 zhuqingyang-Rev-1-0 kernel: [    0.000000]     0: 0x00040200 -> 0x000d6a7c
Dec 14 09:24:35 zhuqingyang-Rev-1-0 kernel: [    0.000000]     0: 0x000d6a82 -> 0x000d6bf2
Dec 14 09:24:35 zhuqingyang-Rev-1-0 kernel: [    0.000000]     0: 0x000d6c0f -> 0x000d6c70
Dec 14 09:24:35 zhuqingyang-Rev-1-0 kernel: [    0.000000]     0: 0x000d6f0f -> 0x000d6f18
Dec 14 09:24:35 zhuqingyang-Rev-1-0 kernel: [    0.000000]     0: 0x000d6f1f -> 0x000d6f80
Dec 14 09:24:35 zhuqingyang-Rev-1-0 kernel: [    0.000000]     0: 0x000d6f9f -> 0x000d6fe0
Dec 14 09:24:35 zhuqingyang-Rev-1-0 kernel: [    0.000000]     0: 0x000d6fff -> 0x000d7000
Dec 14 09:24:35 zhuqingyang-Rev-1-0 kernel: [    0.000000]     0: 0x00100000 -> 0x0011f800
Dec 14 09:24:35 zhuqingyang-Rev-1-0 kernel: [    0.000000] On node 0 totalpages: 1007749
Dec 14 09:24:35 zhuqingyang-Rev-1-0 kernel: [    0.000000] free_area_init_node: node 0, pgdat c1871a40, node_mem_map f40e8200
Dec 14 09:24:35 zhuqingyang-Rev-1-0 kernel: [    0.000000]   DMA zone: 32 pages used for memmap
Dec 14 09:24:35 zhuqingyang-Rev-1-0 kernel: [    0.000000]   DMA zone: 0 pages reserved
Dec 14 09:24:35 zhuqingyang-Rev-1-0 kernel: [    0.000000]   DMA zone: 3948 pages, LIFO batch:0
Dec 14 09:24:35 zhuqingyang-Rev-1-0 kernel: [    0.000000]   Normal zone: 1752 pages used for memmap
Dec 14 09:24:35 zhuqingyang-Rev-1-0 kernel: [    0.000000]   Normal zone: 221990 pages, LIFO batch:31
Dec 14 09:24:35 zhuqingyang-Rev-1-0 kernel: [    0.000000]   HighMem zone: 7417 pages used for memmap
Dec 14 09:24:35 zhuqingyang-Rev-1-0 kernel: [    0.000000]   HighMem zone: 772610 pages, LIFO batch:31
Dec 14 09:24:35 zhuqingyang-Rev-1-0 kernel: [    0.000000] Using APIC driver default
Dec 14 09:24:35 zhuqingyang-Rev-1-0 kernel: [    0.000000] ACPI: PM-Timer IO Port: 0x408
Dec 14 09:24:35 zhuqingyang-Rev-1-0 kernel: [    0.000000] ACPI: Local APIC address 0xfee00000
Dec 14 09:24:35 zhuqingyang-Rev-1-0 kernel: [    0.000000] ACPI: LAPIC (acpi_id[0x00] lapic_id[0x00] enabled)
Dec 14 09:24:35 zhuqingyang-Rev-1-0 kernel: [    0.000000] ACPI: LAPIC (acpi_id[0x01] lapic_id[0x02] enabled)
Dec 14 09:24:35 zhuqingyang-Rev-1-0 kernel: [    0.000000] ACPI: LAPIC (acpi_id[0x02] lapic_id[0x01] enabled)
Dec 14 09:24:35 zhuqingyang-Rev-1-0 kernel: [    0.000000] ACPI: LAPIC (acpi_id[0x03] lapic_id[0x03] enabled)
Dec 14 09:24:35 zhuqingyang-Rev-1-0 kernel: [    0.000000] ACPI: LAPIC_NMI (acpi_id[0x00] high edge lint[0x1])
Dec 14 09:24:35 zhuqingyang-Rev-1-0 kernel: [    0.000000] ACPI: LAPIC_NMI (acpi_id[0x01] high edge lint[0x1])
Dec 14 09:24:35 zhuqingyang-Rev-1-0 kernel: [    0.000000] ACPI: LAPIC_NMI (acpi_id[0x02] high edge lint[0x1])
Dec 14 09:24:35 zhuqingyang-Rev-1-0 kernel: [    0.000000] ACPI: LAPIC_NMI (acpi_id[0x03] high edge lint[0x1])
Dec 14 09:24:35 zhuqingyang-Rev-1-0 kernel: [    0.000000] ACPI: IOAPIC (id[0x04] address[0xfec00000] gsi_base[0])
Dec 14 09:24:35 zhuqingyang-Rev-1-0 kernel: [    0.000000] IOAPIC[0]: apic_id 4, version 32, address 0xfec00000, GSI 0-23
Dec 14 09:24:35 zhuqingyang-Rev-1-0 kernel: [    0.000000] ACPI: INT_SRC_OVR (bus 0 bus_irq 0 global_irq 2 high edge)
Dec 14 09:24:35 zhuqingyang-Rev-1-0 kernel: [    0.000000] ACPI: INT_SRC_OVR (bus 0 bus_irq 9 global_irq 9 high level)
Dec 14 09:24:35 zhuqingyang-Rev-1-0 kernel: [    0.000000] ACPI: IRQ0 used by override.
Dec 14 09:24:35 zhuqingyang-Rev-1-0 kernel: [    0.000000] ACPI: IRQ2 used by override.
Dec 14 09:24:35 zhuqingyang-Rev-1-0 kernel: [    0.000000] ACPI: IRQ9 used by override.
Dec 14 09:24:35 zhuqingyang-Rev-1-0 kernel: [    0.000000] Using ACPI (MADT) for SMP configuration information
Dec 14 09:24:35 zhuqingyang-Rev-1-0 kernel: [    0.000000] ACPI: HPET id: 0x8086a701 base: 0xfed00000
Dec 14 09:24:35 zhuqingyang-Rev-1-0 kernel: [    0.000000] SMP: Allowing 4 CPUs, 0 hotplug CPUs
Dec 14 09:24:35 zhuqingyang-Rev-1-0 kernel: [    0.000000] nr_irqs_gsi: 40
Dec 14 09:24:35 zhuqingyang-Rev-1-0 kernel: [    0.000000] PM: Registered nosave memory: 000000000009c000 - 000000000009d000
Dec 14 09:24:35 zhuqingyang-Rev-1-0 kernel: [    0.000000] PM: Registered nosave memory: 000000000009d000 - 00000000000a0000
Dec 14 09:24:35 zhuqingyang-Rev-1-0 kernel: [    0.000000] PM: Registered nosave memory: 00000000000a0000 - 00000000000dc000
Dec 14 09:24:35 zhuqingyang-Rev-1-0 kernel: [    0.000000] PM: Registered nosave memory: 00000000000dc000 - 00000000000e0000
Dec 14 09:24:35 zhuqingyang-Rev-1-0 kernel: [    0.000000] PM: Registered nosave memory: 00000000000e0000 - 00000000000e4000
Dec 14 09:24:35 zhuqingyang-Rev-1-0 kernel: [    0.000000] PM: Registered nosave memory: 00000000000e4000 - 0000000000100000
Dec 14 09:24:35 zhuqingyang-Rev-1-0 kernel: [    0.000000] PM: Registered nosave memory: 0000000020000000 - 0000000020200000
Dec 14 09:24:35 zhuqingyang-Rev-1-0 kernel: [    0.000000] Allocating PCI resources starting at e0000000 (gap: e0000000:180f8000)
Dec 14 09:24:35 zhuqingyang-Rev-1-0 kernel: [    0.000000] Booting paravirtualized kernel on bare hardware
Dec 14 09:24:35 zhuqingyang-Rev-1-0 kernel: [    0.000000] setup_percpu: NR_CPUS:8 nr_cpumask_bits:8 nr_cpu_ids:4 nr_node_ids:1
Dec 14 09:24:35 zhuqingyang-Rev-1-0 kernel: [    0.000000] PERCPU: Embedded 14 pages/cpu @f7bb2000 s34240 r0 d23104 u57344
Dec 14 09:24:35 zhuqingyang-Rev-1-0 kernel: [    0.000000] pcpu-alloc: s34240 r0 d23104 u57344 alloc=14*4096
Dec 14 09:24:35 zhuqingyang-Rev-1-0 kernel: [    0.000000] pcpu-alloc: [0] 0 [0] 1 [0] 2 [0] 3 
Dec 14 09:24:35 zhuqingyang-Rev-1-0 kernel: [    0.000000] Built 1 zonelists in Zone order, mobility grouping on.  Total pages: 998548
Dec 14 09:24:35 zhuqingyang-Rev-1-0 kernel: [    0.000000] Kernel command line: BOOT_IMAGE=/boot/vmlinuz-3.2.0-61-generic-pae root=UUID=4e672614-a8b6-4bfc-83a7-e7fb7fd10a74 ro quiet splash vt.handoff=7
Dec 14 09:24:35 zhuqingyang-Rev-1-0 kernel: [    0.000000] PID hash table entries: 4096 (order: 2, 16384 bytes)
Dec 14 09:24:35 zhuqingyang-Rev-1-0 kernel: [    0.000000] Dentry cache hash table entries: 131072 (order: 7, 524288 bytes)
Dec 14 09:24:35 zhuqingyang-Rev-1-0 kernel: [    0.000000] Inode-cache hash table entries: 65536 (order: 6, 262144 bytes)
Dec 14 09:24:35 zhuqingyang-Rev-1-0 kernel: [    0.000000] Initializing CPU#0
Dec 14 09:24:35 zhuqingyang-Rev-1-0 kernel: [    0.000000] xsave/xrstor: enabled xstate_bv 0x7, cntxt size 0x340
Dec 14 09:24:35 zhuqingyang-Rev-1-0 kernel: [    0.000000] allocated 18841344 bytes of page_cgroup
Dec 14 09:24:35 zhuqingyang-Rev-1-0 kernel: [    0.000000] please try 'cgroup_disable=memory' option if you don't want memory cgroups
Dec 14 09:24:35 zhuqingyang-Rev-1-0 kernel: [    0.000000] Initializing HighMem for node 0 (00037bfe:0011f800)
Dec 14 09:24:35 zhuqingyang-Rev-1-0 kernel: [    0.000000] Memory: 3949868k/4710400k available (5842k kernel code, 81128k reserved, 2857k data, 744k init, 3120108k highmem)
Dec 14 09:24:35 zhuqingyang-Rev-1-0 kernel: [    0.000000] virtual kernel memory layout:
Dec 14 09:24:35 zhuqingyang-Rev-1-0 kernel: [    0.000000]     fixmap  : 0xfff16000 - 0xfffff000   ( 932 kB)
Dec 14 09:24:35 zhuqingyang-Rev-1-0 kernel: [    0.000000]     pkmap   : 0xffc00000 - 0xffe00000   (2048 kB)
Dec 14 09:24:35 zhuqingyang-Rev-1-0 kernel: [    0.000000]     vmalloc : 0xf83fe000 - 0xffbfe000   ( 120 MB)
Dec 14 09:24:35 zhuqingyang-Rev-1-0 kernel: [    0.000000]     lowmem  : 0xc0000000 - 0xf7bfe000   ( 891 MB)
Dec 14 09:24:35 zhuqingyang-Rev-1-0 kernel: [    0.000000]       .init : 0xc1880000 - 0xc193a000   ( 744 kB)
Dec 14 09:24:35 zhuqingyang-Rev-1-0 kernel: [    0.000000]       .data : 0xc15b4afc - 0xc187f280   (2857 kB)
Dec 14 09:24:35 zhuqingyang-Rev-1-0 kernel: [    0.000000]       .text : 0xc1000000 - 0xc15b4afc   (5842 kB)
Dec 14 09:24:35 zhuqingyang-Rev-1-0 kernel: [    0.000000] Checking if this processor honours the WP bit even in supervisor mode...Ok.
Dec 14 09:24:35 zhuqingyang-Rev-1-0 kernel: [    0.000000] SLUB: Genslabs=15, HWalign=64, Order=0-3, MinObjects=0, CPUs=4, Nodes=1
Dec 14 09:24:35 zhuqingyang-Rev-1-0 kernel: [    0.000000] Hierarchical RCU implementation.
Dec 14 09:24:35 zhuqingyang-Rev-1-0 kernel: [    0.000000] 	RCU dyntick-idle grace-period acceleration is enabled.
Dec 14 09:24:35 zhuqingyang-Rev-1-0 kernel: [    0.000000] NR_IRQS:2304 nr_irqs:712 16
Dec 14 09:24:35 zhuqingyang-Rev-1-0 kernel: [    0.000000] CPU 0 irqstacks, hard=f740a000 soft=f740c000
Dec 14 09:24:35 zhuqingyang-Rev-1-0 kernel: [    0.000000] Extended CMOS year: 2000
Dec 14 09:24:35 zhuqingyang-Rev-1-0 kernel: [    0.000000] vt handoff: transparent VT on vt#7
Dec 14 09:24:35 zhuqingyang-Rev-1-0 kernel: [    0.000000] Console: colour dummy device 80x25
Dec 14 09:24:35 zhuqingyang-Rev-1-0 kernel: [    0.000000] console [tty0] enabled
Dec 14 09:24:35 zhuqingyang-Rev-1-0 kernel: [    0.000000] hpet clockevent registered
Dec 14 09:24:35 zhuqingyang-Rev-1-0 kernel: [    0.000000] Fast TSC calibration using PIT
Dec 14 09:24:35 zhuqingyang-Rev-1-0 kernel: [    0.004000] Detected 2793.540 MHz processor.
Dec 14 09:24:35 zhuqingyang-Rev-1-0 kernel: [    0.000001] Calibrating delay loop (skipped), value calculated using timer frequency.. 5587.08 BogoMIPS (lpj=11174160)
Dec 14 09:24:35 zhuqingyang-Rev-1-0 kernel: [    0.000004] pid_max: default: 32768 minimum: 301
Dec 14 09:24:35 zhuqingyang-Rev-1-0 kernel: [    0.000019] Security Framework initialized
Dec 14 09:24:35 zhuqingyang-Rev-1-0 kernel: [    0.000030] AppArmor: AppArmor initialized
Dec 14 09:24:35 zhuqingyang-Rev-1-0 kernel: [    0.000031] Yama: becoming mindful.
Dec 14 09:24:35 zhuqingyang-Rev-1-0 kernel: [    0.000066] Mount-cache hash table entries: 512
Dec 14 09:24:35 zhuqingyang-Rev-1-0 kernel: [    0.000146] Initializing cgroup subsys cpuacct
Dec 14 09:24:35 zhuqingyang-Rev-1-0 kernel: [    0.000150] Initializing cgroup subsys memory
Dec 14 09:24:35 zhuqingyang-Rev-1-0 kernel: [    0.000155] Initializing cgroup subsys devices
Dec 14 09:24:35 zhuqingyang-Rev-1-0 kernel: [    0.000157] Initializing cgroup subsys freezer
Dec 14 09:24:35 zhuqingyang-Rev-1-0 kernel: [    0.000158] Initializing cgroup subsys blkio
Dec 14 09:24:35 zhuqingyang-Rev-1-0 kernel: [    0.000162] Initializing cgroup subsys perf_event
Dec 14 09:24:35 zhuqingyang-Rev-1-0 kernel: [    0.000182] CPU: Physical Processor ID: 0
Dec 14 09:24:35 zhuqingyang-Rev-1-0 kernel: [    0.000183] CPU: Processor Core ID: 0
Dec 14 09:24:35 zhuqingyang-Rev-1-0 kernel: [    0.000187] ENERGY_PERF_BIAS: Set to 'normal', was 'performance'
Dec 14 09:24:35 zhuqingyang-Rev-1-0 kernel: [    0.000188] ENERGY_PERF_BIAS: View and update with x86_energy_perf_policy(8)
Dec 14 09:24:35 zhuqingyang-Rev-1-0 kernel: [    0.000190] mce: CPU supports 7 MCE banks
Dec 14 09:24:35 zhuqingyang-Rev-1-0 kernel: [    0.000200] CPU0: Thermal monitoring enabled (TM1)
Dec 14 09:24:35 zhuqingyang-Rev-1-0 kernel: [    0.000206] using mwait in idle threads.
Dec 14 09:24:35 zhuqingyang-Rev-1-0 kernel: [    0.002106] ACPI: Core revision 20110623
Dec 14 09:24:35 zhuqingyang-Rev-1-0 kernel: [    0.020296] ftrace: allocating 26146 entries in 52 pages
Dec 14 09:24:35 zhuqingyang-Rev-1-0 kernel: [    0.028328] Enabling APIC mode:  Flat.  Using 1 I/O APICs
Dec 14 09:24:35 zhuqingyang-Rev-1-0 kernel: [    0.028743] ..TIMER: vector=0x30 apic1=0 pin1=2 apic2=-1 pin2=-1
Dec 14 09:24:35 zhuqingyang-Rev-1-0 kernel: [    0.068366] CPU0: Intel(R) Core(TM) i7-2640M CPU @ 2.80GHz stepping 07
Dec 14 09:24:35 zhuqingyang-Rev-1-0 kernel: [    0.172756] Performance Events: PEBS fmt1+, SandyBridge events, Intel PMU driver.
Dec 14 09:24:35 zhuqingyang-Rev-1-0 kernel: [    0.172760] PEBS disabled due to CPU errata.
Dec 14 09:24:35 zhuqingyang-Rev-1-0 kernel: [    0.172762] ... version:                3
Dec 14 09:24:35 zhuqingyang-Rev-1-0 kernel: [    0.172763] ... bit width:              48
Dec 14 09:24:35 zhuqingyang-Rev-1-0 kernel: [    0.172764] ... generic registers:      4
Dec 14 09:24:35 zhuqingyang-Rev-1-0 kernel: [    0.172765] ... value mask:             0000ffffffffffff
Dec 14 09:24:35 zhuqingyang-Rev-1-0 kernel: [    0.172766] ... max period:             000000007fffffff
Dec 14 09:24:35 zhuqingyang-Rev-1-0 kernel: [    0.172768] ... fixed-purpose events:   3
Dec 14 09:24:35 zhuqingyang-Rev-1-0 kernel: [    0.172769] ... event mask:             000000070000000f
Dec 14 09:24:35 zhuqingyang-Rev-1-0 kernel: [    0.172868] NMI watchdog enabled, takes one hw-pmu counter.
Dec 14 09:24:35 zhuqingyang-Rev-1-0 kernel: [    0.172926] CPU 1 irqstacks, hard=f7512000 soft=f7514000
Dec 14 09:24:35 zhuqingyang-Rev-1-0 kernel: [    0.172927] Booting Node   0, Processors  #1
Dec 14 09:24:35 zhuqingyang-Rev-1-0 kernel: [    0.172929] smpboot cpu 1: start_ip = 98000
Dec 14 09:24:35 zhuqingyang-Rev-1-0 kernel: [    0.183195] Initializing CPU#1
Dec 14 09:24:35 zhuqingyang-Rev-1-0 kernel: [    0.280651] NMI watchdog enabled, takes one hw-pmu counter.
Dec 14 09:24:35 zhuqingyang-Rev-1-0 kernel: [    0.280712] CPU 2 irqstacks, hard=f7520000 soft=f7522000
Dec 14 09:24:35 zhuqingyang-Rev-1-0 kernel: [    0.280713]  #2
Dec 14 09:24:35 zhuqingyang-Rev-1-0 kernel: [    0.280714] smpboot cpu 2: start_ip = 98000
Dec 14 09:24:35 zhuqingyang-Rev-1-0 kernel: [    0.291018] Initializing CPU#2
Dec 14 09:24:35 zhuqingyang-Rev-1-0 kernel: [    0.388529] NMI watchdog enabled, takes one hw-pmu counter.
Dec 14 09:24:35 zhuqingyang-Rev-1-0 kernel: [    0.388599] CPU 3 irqstacks, hard=f7554000 soft=f7556000
Dec 14 09:24:35 zhuqingyang-Rev-1-0 kernel: [    0.388600]  #3 Ok.
Dec 14 09:24:35 zhuqingyang-Rev-1-0 kernel: [    0.388601] smpboot cpu 3: start_ip = 98000
Dec 14 09:24:35 zhuqingyang-Rev-1-0 kernel: [    0.398866] Initializing CPU#3
Dec 14 09:24:35 zhuqingyang-Rev-1-0 kernel: [    0.496419] NMI watchdog enabled, takes one hw-pmu counter.
Dec 14 09:24:35 zhuqingyang-Rev-1-0 kernel: [    0.496442] Brought up 4 CPUs
Dec 14 09:24:35 zhuqingyang-Rev-1-0 kernel: [    0.496443] Total of 4 processors activated (22348.87 BogoMIPS).
Dec 14 09:24:35 zhuqingyang-Rev-1-0 kernel: [    0.500135] devtmpfs: initialized
Dec 14 09:24:35 zhuqingyang-Rev-1-0 kernel: [    0.500225] EVM: security.selinux
Dec 14 09:24:35 zhuqingyang-Rev-1-0 kernel: [    0.500226] EVM: security.SMACK64
Dec 14 09:24:35 zhuqingyang-Rev-1-0 kernel: [    0.500227] EVM: security.capability
Dec 14 09:24:35 zhuqingyang-Rev-1-0 kernel: [    0.500246] PM: Registering ACPI NVS region at d6c70000 (528384 bytes)
Dec 14 09:24:35 zhuqingyang-Rev-1-0 kernel: [    0.500256] PM: Registering ACPI NVS region at d6f80000 (126976 bytes)
Dec 14 09:24:35 zhuqingyang-Rev-1-0 kernel: [    0.500981] print_constraints: dummy: 
Dec 14 09:24:35 zhuqingyang-Rev-1-0 kernel: [    0.501009] RTC time:  9:24:15, date: 12/14/14
Dec 14 09:24:35 zhuqingyang-Rev-1-0 kernel: [    0.501036] NET: Registered protocol family 16
Dec 14 09:24:35 zhuqingyang-Rev-1-0 kernel: [    0.501110] Trying to unpack rootfs image as initramfs...
Dec 14 09:24:35 zhuqingyang-Rev-1-0 kernel: [    0.501115] EISA bus registered
Dec 14 09:24:35 zhuqingyang-Rev-1-0 kernel: [    0.501127] ACPI: bus type pci registered
Dec 14 09:24:35 zhuqingyang-Rev-1-0 kernel: [    0.501182] PCI: MMCONFIG for domain 0000 [bus 00-ff] at [mem 0xf8000000-0x107ffffff] (base 0xf8000000)
Dec 14 09:24:35 zhuqingyang-Rev-1-0 kernel: [    0.501185] PCI: not using MMCONFIG
Dec 14 09:24:35 zhuqingyang-Rev-1-0 kernel: [    0.506062] PCI : PCI BIOS aera is rw and x. Use pci=nobios if you want it NX.
Dec 14 09:24:35 zhuqingyang-Rev-1-0 kernel: [    0.506162] PCI: PCI BIOS revision 3.00 entry at 0xfddb2, last bus=7
Dec 14 09:24:35 zhuqingyang-Rev-1-0 kernel: [    0.506163] PCI: Using configuration type 1 for base access
Dec 14 09:24:35 zhuqingyang-Rev-1-0 kernel: [    0.506934] bio: create slab <bio-0> at 0
Dec 14 09:24:35 zhuqingyang-Rev-1-0 kernel: [    0.506996] ACPI: Added _OSI(Module Device)
Dec 14 09:24:35 zhuqingyang-Rev-1-0 kernel: [    0.506998] ACPI: Added _OSI(Processor Device)
Dec 14 09:24:35 zhuqingyang-Rev-1-0 kernel: [    0.506999] ACPI: Added _OSI(3.0 _SCP Extensions)
Dec 14 09:24:35 zhuqingyang-Rev-1-0 kernel: [    0.507001] ACPI: Added _OSI(Processor Aggregator Device)
Dec 14 09:24:35 zhuqingyang-Rev-1-0 kernel: [    0.508704] ACPI: EC: Look up EC in DSDT
Dec 14 09:24:35 zhuqingyang-Rev-1-0 kernel: [    0.510390] ACPI: Executed 1 blocks of module-level executable AML code
Dec 14 09:24:35 zhuqingyang-Rev-1-0 kernel: [    0.513436] [Firmware Bug]: ACPI: BIOS _OSI(Linux) query ignored
Dec 14 09:24:35 zhuqingyang-Rev-1-0 kernel: [    0.513764] ACPI: SSDT d6f19718 0068F (v01  PmRef  Cpu0Cst 00003001 INTL 20060912)
Dec 14 09:24:35 zhuqingyang-Rev-1-0 kernel: [    0.514202] ACPI: Dynamic OEM Table Load:
Dec 14 09:24:35 zhuqingyang-Rev-1-0 kernel: [    0.514204] ACPI: SSDT   (null) 0068F (v01  PmRef  Cpu0Cst 00003001 INTL 20060912)
Dec 14 09:24:35 zhuqingyang-Rev-1-0 kernel: [    0.544422] ACPI: SSDT d6f1aa98 00303 (v01  PmRef    ApIst 00003000 INTL 20060912)
Dec 14 09:24:35 zhuqingyang-Rev-1-0 kernel: [    0.544891] ACPI: Dynamic OEM Table Load:
Dec 14 09:24:35 zhuqingyang-Rev-1-0 kernel: [    0.544893] ACPI: SSDT   (null) 00303 (v01  PmRef    ApIst 00003000 INTL 20060912)
Dec 14 09:24:35 zhuqingyang-Rev-1-0 kernel: [    0.568259] ACPI: SSDT d6f18d98 00119 (v01  PmRef    ApCst 00003000 INTL 20060912)
Dec 14 09:24:35 zhuqingyang-Rev-1-0 kernel: [    0.568694] ACPI: Dynamic OEM Table Load:
Dec 14 09:24:35 zhuqingyang-Rev-1-0 kernel: [    0.568696] ACPI: SSDT   (null) 00119 (v01  PmRef    ApCst 00003000 INTL 20060912)
Dec 14 09:24:35 zhuqingyang-Rev-1-0 kernel: [    0.721939] Freeing initrd memory: 13872k freed
Dec 14 09:24:35 zhuqingyang-Rev-1-0 kernel: [    0.889097] ACPI: Interpreter enabled
Dec 14 09:24:35 zhuqingyang-Rev-1-0 kernel: [    0.889114] ACPI: (supports S0 S1 S3 S4 S5)
Dec 14 09:24:35 zhuqingyang-Rev-1-0 kernel: [    0.889136] ACPI: Using IOAPIC for interrupt routing
Dec 14 09:24:35 zhuqingyang-Rev-1-0 kernel: [    0.889155] PCI: MMCONFIG for domain 0000 [bus 00-ff] at [mem 0xf8000000-0x107ffffff] (base 0xf8000000)
Dec 14 09:24:35 zhuqingyang-Rev-1-0 kernel: [    0.890135] PCI: MMCONFIG at [mem 0xf8000000-0x107ffffff] reserved in ACPI motherboard resources
Dec 14 09:24:35 zhuqingyang-Rev-1-0 kernel: [    0.890138] PCI: MMCONFIG for 0000 [bus00-3f] at [mem 0xf8000000-0xfbffffff] (base 0xf8000000) (size reduced!)
Dec 14 09:24:35 zhuqingyang-Rev-1-0 kernel: [    0.890139] PCI: Using MMCONFIG for extended config space
Dec 14 09:24:35 zhuqingyang-Rev-1-0 kernel: [    0.897587] ACPI: EC: GPE = 0x17, I/O: command/status = 0x66, data = 0x62
Dec 14 09:24:35 zhuqingyang-Rev-1-0 kernel: [    0.897741] ACPI: No dock devices found.
Dec 14 09:24:35 zhuqingyang-Rev-1-0 kernel: [    0.897742] HEST: Table not found.
Dec 14 09:24:35 zhuqingyang-Rev-1-0 kernel: [    0.897747] PCI: Using host bridge windows from ACPI; if necessary, use "pci=nocrs" and report a bug
Dec 14 09:24:35 zhuqingyang-Rev-1-0 kernel: [    0.897978] \_SB_.PCI0:_OSC invalid UUID
Dec 14 09:24:35 zhuqingyang-Rev-1-0 kernel: [    0.897979] _OSC request data:1 8 0 
Dec 14 09:24:35 zhuqingyang-Rev-1-0 kernel: [    0.897982] ACPI: PCI Root Bridge [PCI0] (domain 0000 [bus 00-3e])
Dec 14 09:24:35 zhuqingyang-Rev-1-0 kernel: [    0.898383] pci_root PNP0A08:00: host bridge window [io  0x0000-0x0cf7]
Dec 14 09:24:35 zhuqingyang-Rev-1-0 kernel: [    0.898385] pci_root PNP0A08:00: host bridge window [io  0x0d00-0xffff]
Dec 14 09:24:35 zhuqingyang-Rev-1-0 kernel: [    0.898387] pci_root PNP0A08:00: host bridge window [mem 0x000a0000-0x000bffff]
Dec 14 09:24:35 zhuqingyang-Rev-1-0 kernel: [    0.898389] pci_root PNP0A08:00: host bridge window [mem 0x000d0000-0x000d3fff]
Dec 14 09:24:35 zhuqingyang-Rev-1-0 kernel: [    0.898390] pci_root PNP0A08:00: host bridge window [mem 0x000d4000-0x000d7fff]
Dec 14 09:24:35 zhuqingyang-Rev-1-0 kernel: [    0.898392] pci_root PNP0A08:00: host bridge window [mem 0x000d8000-0x000dbfff]
Dec 14 09:24:35 zhuqingyang-Rev-1-0 kernel: [    0.898394] pci_root PNP0A08:00: host bridge window [mem 0x000e0000-0x000e3fff]
Dec 14 09:24:35 zhuqingyang-Rev-1-0 kernel: [    0.898396] pci_root PNP0A08:00: host bridge window [mem 0xe0000000-0xfeafffff]
Dec 14 09:24:35 zhuqingyang-Rev-1-0 kernel: [    0.898398] pci_root PNP0A08:00: host bridge window [mem 0xf8628900-0xfeb00000]
Dec 14 09:24:35 zhuqingyang-Rev-1-0 kernel: [    0.898399] pci_root PNP0A08:00: host bridge window [mem 0xf7000000-0xf8000000]
Dec 14 09:24:35 zhuqingyang-Rev-1-0 kernel: [    0.898402] pci_root PNP0A08:00: host bridge window expanded to [mem 0xe0000000-0xfeb00000]; [mem 0xf8628900-0xfeb00000] ignored
Dec 14 09:24:35 zhuqingyang-Rev-1-0 kernel: [    0.898405] pci_root PNP0A08:00: host bridge window expanded to [mem 0xe0000000-0xfeb00000]; [mem 0xf7000000-0xf8000000] ignored
Dec 14 09:24:35 zhuqingyang-Rev-1-0 kernel: [    0.898415] pci 0000:00:00.0: [8086:0104] type 0 class 0x000600
Dec 14 09:24:35 zhuqingyang-Rev-1-0 kernel: [    0.898450] pci 0000:00:02.0: [8086:0126] type 0 class 0x000300
Dec 14 09:24:35 zhuqingyang-Rev-1-0 kernel: [    0.898460] pci 0000:00:02.0: reg 10: [mem 0xf4000000-0xf43fffff 64bit]
Dec 14 09:24:35 zhuqingyang-Rev-1-0 kernel: [    0.898466] pci 0000:00:02.0: reg 18: [mem 0xe0000000-0xefffffff 64bit pref]
Dec 14 09:24:35 zhuqingyang-Rev-1-0 kernel: [    0.898471] pci 0000:00:02.0: reg 20: [io  0x1800-0x183f]
Dec 14 09:24:35 zhuqingyang-Rev-1-0 kernel: [    0.898524] pci 0000:00:16.0: [8086:1c3a] type 0 class 0x000780
Dec 14 09:24:35 zhuqingyang-Rev-1-0 kernel: [    0.898547] pci 0000:00:16.0: reg 10: [mem 0xf4924000-0xf492400f 64bit]
Dec 14 09:24:35 zhuqingyang-Rev-1-0 kernel: [    0.898623] pci 0000:00:16.0: PME# supported from D0 D3hot D3cold
Dec 14 09:24:35 zhuqingyang-Rev-1-0 kernel: [    0.898628] pci 0000:00:16.0: PME# disabled
Dec 14 09:24:35 zhuqingyang-Rev-1-0 kernel: [    0.898657] pci 0000:00:19.0: [8086:1503] type 0 class 0x000200
Dec 14 09:24:35 zhuqingyang-Rev-1-0 kernel: [    0.898675] pci 0000:00:19.0: reg 10: [mem 0xf4900000-0xf491ffff]
Dec 14 09:24:35 zhuqingyang-Rev-1-0 kernel: [    0.898684] pci 0000:00:19.0: reg 14: [mem 0xf4927000-0xf4927fff]
Dec 14 09:24:35 zhuqingyang-Rev-1-0 kernel: [    0.898693] pci 0000:00:19.0: reg 18: [io  0x1860-0x187f]
Dec 14 09:24:35 zhuqingyang-Rev-1-0 kernel: [    0.898756] pci 0000:00:19.0: PME# supported from D0 D3hot D3cold
Dec 14 09:24:35 zhuqingyang-Rev-1-0 kernel: [    0.898760] pci 0000:00:19.0: PME# disabled
Dec 14 09:24:35 zhuqingyang-Rev-1-0 kernel: [    0.898783] pci 0000:00:1a.0: [8086:1c2d] type 0 class 0x000c03
Dec 14 09:24:35 zhuqingyang-Rev-1-0 kernel: [    0.898804] pci 0000:00:1a.0: reg 10: [mem 0xf4928000-0xf49283ff]
Dec 14 09:24:35 zhuqingyang-Rev-1-0 kernel: [    0.898894] pci 0000:00:1a.0: PME# supported from D0 D3hot D3cold
Dec 14 09:24:35 zhuqingyang-Rev-1-0 kernel: [    0.898898] pci 0000:00:1a.0: PME# disabled
Dec 14 09:24:35 zhuqingyang-Rev-1-0 kernel: [    0.898921] pci 0000:00:1b.0: [8086:1c20] type 0 class 0x000403
Dec 14 09:24:35 zhuqingyang-Rev-1-0 kernel: [    0.898936] pci 0000:00:1b.0: reg 10: [mem 0xf4920000-0xf4923fff 64bit]
Dec 14 09:24:35 zhuqingyang-Rev-1-0 kernel: [    0.899004] pci 0000:00:1b.0: PME# supported from D0 D3hot D3cold
Dec 14 09:24:35 zhuqingyang-Rev-1-0 kernel: [    0.899008] pci 0000:00:1b.0: PME# disabled
Dec 14 09:24:35 zhuqingyang-Rev-1-0 kernel: [    0.899031] pci 0000:00:1c.0: [8086:1c10] type 1 class 0x000604
Dec 14 09:24:35 zhuqingyang-Rev-1-0 kernel: [    0.899110] pci 0000:00:1c.0: PME# supported from D0 D3hot D3cold
Dec 14 09:24:35 zhuqingyang-Rev-1-0 kernel: [    0.899114] pci 0000:00:1c.0: PME# disabled
Dec 14 09:24:35 zhuqingyang-Rev-1-0 kernel: [    0.899138] pci 0000:00:1c.2: [8086:1c14] type 1 class 0x000604
Dec 14 09:24:35 zhuqingyang-Rev-1-0 kernel: [    0.899217] pci 0000:00:1c.2: PME# supported from D0 D3hot D3cold
Dec 14 09:24:35 zhuqingyang-Rev-1-0 kernel: [    0.899221] pci 0000:00:1c.2: PME# disabled
Dec 14 09:24:35 zhuqingyang-Rev-1-0 kernel: [    0.899253] pci 0000:00:1d.0: [8086:1c26] type 0 class 0x000c03
Dec 14 09:24:35 zhuqingyang-Rev-1-0 kernel: [    0.899273] pci 0000:00:1d.0: reg 10: [mem 0xf4929000-0xf49293ff]
Dec 14 09:24:35 zhuqingyang-Rev-1-0 kernel: [    0.899363] pci 0000:00:1d.0: PME# supported from D0 D3hot D3cold
Dec 14 09:24:35 zhuqingyang-Rev-1-0 kernel: [    0.899368] pci 0000:00:1d.0: PME# disabled
Dec 14 09:24:35 zhuqingyang-Rev-1-0 kernel: [    0.899391] pci 0000:00:1f.0: [8086:1c49] type 0 class 0x000601
Dec 14 09:24:35 zhuqingyang-Rev-1-0 kernel: [    0.899511] pci 0000:00:1f.2: [8086:1c01] type 0 class 0x000101
Dec 14 09:24:35 zhuqingyang-Rev-1-0 kernel: [    0.899526] pci 0000:00:1f.2: reg 10: [io  0x1898-0x189f]
Dec 14 09:24:35 zhuqingyang-Rev-1-0 kernel: [    0.899534] pci 0000:00:1f.2: reg 14: [io  0x184c-0x184f]
Dec 14 09:24:35 zhuqingyang-Rev-1-0 kernel: [    0.899542] pci 0000:00:1f.2: reg 18: [io  0x1890-0x1897]
Dec 14 09:24:35 zhuqingyang-Rev-1-0 kernel: [    0.899550] pci 0000:00:1f.2: reg 1c: [io  0x1848-0x184b]
Dec 14 09:24:35 zhuqingyang-Rev-1-0 kernel: [    0.899558] pci 0000:00:1f.2: reg 20: [io  0x1880-0x188f]
Dec 14 09:24:35 zhuqingyang-Rev-1-0 kernel: [    0.899566] pci 0000:00:1f.2: reg 24: [io  0x1850-0x185f]
Dec 14 09:24:35 zhuqingyang-Rev-1-0 kernel: [    0.899612] pci 0000:00:1f.3: [8086:1c22] type 0 class 0x000c05
Dec 14 09:24:35 zhuqingyang-Rev-1-0 kernel: [    0.899627] pci 0000:00:1f.3: reg 10: [mem 0xf492a000-0xf492a0ff 64bit]
Dec 14 09:24:35 zhuqingyang-Rev-1-0 kernel: [    0.899649] pci 0000:00:1f.3: reg 20: [io  0x18a0-0x18bf]
Dec 14 09:24:35 zhuqingyang-Rev-1-0 kernel: [    0.899689] pci 0000:00:1f.5: [8086:1c09] type 0 class 0x000101
Dec 14 09:24:35 zhuqingyang-Rev-1-0 kernel: [    0.899704] pci 0000:00:1f.5: reg 10: [io  0x18f0-0x18f7]
Dec 14 09:24:35 zhuqingyang-Rev-1-0 kernel: [    0.899712] pci 0000:00:1f.5: reg 14: [io  0x18e4-0x18e7]
Dec 14 09:24:35 zhuqingyang-Rev-1-0 kernel: [    0.899720] pci 0000:00:1f.5: reg 18: [io  0x18e8-0x18ef]
Dec 14 09:24:35 zhuqingyang-Rev-1-0 kernel: [    0.899728] pci 0000:00:1f.5: reg 1c: [io  0x18e0-0x18e3]
Dec 14 09:24:35 zhuqingyang-Rev-1-0 kernel: [    0.899736] pci 0000:00:1f.5: reg 20: [io  0x18d0-0x18df]
Dec 14 09:24:35 zhuqingyang-Rev-1-0 kernel: [    0.899744] pci 0000:00:1f.5: reg 24: [io  0x18c0-0x18cf]
Dec 14 09:24:35 zhuqingyang-Rev-1-0 kernel: [    0.899831] pci 0000:00:1c.0: PCI bridge to [bus 03-04]
Dec 14 09:24:35 zhuqingyang-Rev-1-0 kernel: [    0.899835] pci 0000:00:1c.0:   bridge window [io  0x2000-0x2fff]
Dec 14 09:24:35 zhuqingyang-Rev-1-0 kernel: [    0.899840] pci 0000:00:1c.0:   bridge window [mem 0xf4400000-0xf45fffff]
Dec 14 09:24:35 zhuqingyang-Rev-1-0 kernel: [    0.899846] pci 0000:00:1c.0:   bridge window [mem 0xf0000000-0xf3ffffff 64bit pref]
Dec 14 09:24:35 zhuqingyang-Rev-1-0 kernel: [    0.899927] pci 0000:05:00.0: [8086:0084] type 0 class 0x000280
Dec 14 09:24:35 zhuqingyang-Rev-1-0 kernel: [    0.899972] pci 0000:05:00.0: reg 10: [mem 0xf4600000-0xf4601fff 64bit]
Dec 14 09:24:35 zhuqingyang-Rev-1-0 kernel: [    0.900189] pci 0000:05:00.0: PME# supported from D0 D3hot D3cold
Dec 14 09:24:35 zhuqingyang-Rev-1-0 kernel: [    0.900197] pci 0000:05:00.0: PME# disabled
Dec 14 09:24:35 zhuqingyang-Rev-1-0 kernel: [    0.907696] pci 0000:00:1c.2: PCI bridge to [bus 05-05]
Dec 14 09:24:35 zhuqingyang-Rev-1-0 kernel: [    0.907711] pci 0000:00:1c.2:   bridge window [mem 0xf4600000-0xf46fffff]
Dec 14 09:24:35 zhuqingyang-Rev-1-0 kernel: [    0.907752] pci_bus 0000:00: on NUMA node 0
Dec 14 09:24:35 zhuqingyang-Rev-1-0 kernel: [    0.907759] ACPI: PCI Interrupt Routing Table [\_SB_.PCI0._PRT]
Dec 14 09:24:35 zhuqingyang-Rev-1-0 kernel: [    0.907947] ACPI: PCI Interrupt Routing Table [\_SB_.PCI0.RP01._PRT]
Dec 14 09:24:35 zhuqingyang-Rev-1-0 kernel: [    0.907983] ACPI: PCI Interrupt Routing Table [\_SB_.PCI0.RP03._PRT]
Dec 14 09:24:35 zhuqingyang-Rev-1-0 kernel: [    0.908064] \_SB_.PCI0:_OSC invalid UUID
Dec 14 09:24:35 zhuqingyang-Rev-1-0 kernel: [    0.908065] _OSC request data:1 1f 0 
Dec 14 09:24:35 zhuqingyang-Rev-1-0 kernel: [    0.908068]  pci0000:00: Requesting ACPI _OSC control (0x1d)
Dec 14 09:24:35 zhuqingyang-Rev-1-0 kernel: [    0.908094] \_SB_.PCI0:_OSC invalid UUID
Dec 14 09:24:35 zhuqingyang-Rev-1-0 kernel: [    0.908095] _OSC request data:1 0 1d 
Dec 14 09:24:35 zhuqingyang-Rev-1-0 kernel: [    0.908098]  pci0000:00: ACPI _OSC request failed (AE_ERROR), returned control mask: 0x1d
Dec 14 09:24:35 zhuqingyang-Rev-1-0 kernel: [    0.908099] ACPI _OSC control for PCIe not granted, disabling ASPM
Dec 14 09:24:35 zhuqingyang-Rev-1-0 kernel: [    0.910469] ACPI: PCI Interrupt Link [LNKA] (IRQs 1 3 4 5 6 7 10 *11 12 14 15)
Dec 14 09:24:35 zhuqingyang-Rev-1-0 kernel: [    0.910510] ACPI: PCI Interrupt Link [LNKB] (IRQs 1 3 4 5 6 7 10 *11 12 14 15)
Dec 14 09:24:35 zhuqingyang-Rev-1-0 kernel: [    0.910548] ACPI: PCI Interrupt Link [LNKC] (IRQs 1 3 4 *5 6 7 10 11 12 14 15)
Dec 14 09:24:35 zhuqingyang-Rev-1-0 kernel: [    0.910587] ACPI: PCI Interrupt Link [LNKD] (IRQs 1 3 4 5 6 7 *10 11 12 14 15)
Dec 14 09:24:35 zhuqingyang-Rev-1-0 kernel: [    0.910625] ACPI: PCI Interrupt Link [LNKE] (IRQs 1 3 4 5 6 *7 10 11 12 14 15)
Dec 14 09:24:35 zhuqingyang-Rev-1-0 kernel: [    0.910664] ACPI: PCI Interrupt Link [LNKF] (IRQs 1 3 4 5 6 7 10 11 12 14 15) *0, disabled.
Dec 14 09:24:35 zhuqingyang-Rev-1-0 kernel: [    0.910702] ACPI: PCI Interrupt Link [LNKG] (IRQs 1 3 4 5 6 7 *10 11 12 14 15)
Dec 14 09:24:35 zhuqingyang-Rev-1-0 kernel: [    0.910741] ACPI: PCI Interrupt Link [LNKH] (IRQs 1 3 4 5 6 7 *10 11 12 14 15)
Dec 14 09:24:35 zhuqingyang-Rev-1-0 kernel: [    0.910830] vgaarb: device added: PCI:0000:00:02.0,decodes=io+mem,owns=io+mem,locks=none
Dec 14 09:24:35 zhuqingyang-Rev-1-0 kernel: [    0.910835] vgaarb: loaded
Dec 14 09:24:35 zhuqingyang-Rev-1-0 kernel: [    0.910836] vgaarb: bridge control possible 0000:00:02.0
Dec 14 09:24:35 zhuqingyang-Rev-1-0 kernel: [    0.910914] i2c-core: driver [aat2870] using legacy suspend method
Dec 14 09:24:35 zhuqingyang-Rev-1-0 kernel: [    0.910915] i2c-core: driver [aat2870] using legacy resume method
Dec 14 09:24:35 zhuqingyang-Rev-1-0 kernel: [    0.910964] SCSI subsystem initialized
Dec 14 09:24:35 zhuqingyang-Rev-1-0 kernel: [    0.911001] libata version 3.00 loaded.
Dec 14 09:24:35 zhuqingyang-Rev-1-0 kernel: [    0.911032] usbcore: registered new interface driver usbfs
Dec 14 09:24:35 zhuqingyang-Rev-1-0 kernel: [    0.911040] usbcore: registered new interface driver hub
Dec 14 09:24:35 zhuqingyang-Rev-1-0 kernel: [    0.911056] usbcore: registered new device driver usb
Dec 14 09:24:35 zhuqingyang-Rev-1-0 kernel: [    0.911116] PCI: Using ACPI for IRQ routing
Dec 14 09:24:35 zhuqingyang-Rev-1-0 kernel: [    0.911250] PCI: pci_cache_line_size set to 64 bytes
Dec 14 09:24:35 zhuqingyang-Rev-1-0 kernel: [    0.911314] reserve RAM buffer: 000000000009c400 - 000000000009ffff 
Dec 14 09:24:35 zhuqingyang-Rev-1-0 kernel: [    0.911316] reserve RAM buffer: 00000000d6a7c000 - 00000000d7ffffff 
Dec 14 09:24:35 zhuqingyang-Rev-1-0 kernel: [    0.911319] reserve RAM buffer: 00000000d6bf2000 - 00000000d7ffffff 
Dec 14 09:24:35 zhuqingyang-Rev-1-0 kernel: [    0.911321] reserve RAM buffer: 00000000d6c70000 - 00000000d7ffffff 
Dec 14 09:24:35 zhuqingyang-Rev-1-0 kernel: [    0.911324] reserve RAM buffer: 00000000d6f18000 - 00000000d7ffffff 
Dec 14 09:24:35 zhuqingyang-Rev-1-0 kernel: [    0.911326] reserve RAM buffer: 00000000d6f80000 - 00000000d7ffffff 
Dec 14 09:24:35 zhuqingyang-Rev-1-0 kernel: [    0.911327] reserve RAM buffer: 00000000d6fe0000 - 00000000d7ffffff 
Dec 14 09:24:35 zhuqingyang-Rev-1-0 kernel: [    0.911329] reserve RAM buffer: 00000000d7000000 - 00000000d7ffffff 
Dec 14 09:24:35 zhuqingyang-Rev-1-0 kernel: [    0.911331] reserve RAM buffer: 000000011f800000 - 000000011fffffff 
Dec 14 09:24:35 zhuqingyang-Rev-1-0 kernel: [    0.911401] NetLabel: Initializing
Dec 14 09:24:35 zhuqingyang-Rev-1-0 kernel: [    0.911402] NetLabel:  domain hash size = 128
Dec 14 09:24:35 zhuqingyang-Rev-1-0 kernel: [    0.911403] NetLabel:  protocols = UNLABELED CIPSOv4
Dec 14 09:24:35 zhuqingyang-Rev-1-0 kernel: [    0.911410] NetLabel:  unlabeled traffic allowed by default
Dec 14 09:24:35 zhuqingyang-Rev-1-0 kernel: [    0.911453] hpet0: at MMIO 0xfed00000, IRQs 2, 8, 0, 0, 0, 0, 0, 0
Dec 14 09:24:35 zhuqingyang-Rev-1-0 kernel: [    0.911458] hpet0: 8 comparators, 64-bit 14.318180 MHz counter
Dec 14 09:24:35 zhuqingyang-Rev-1-0 kernel: [    0.913472] Switching to clocksource hpet
Dec 14 09:24:35 zhuqingyang-Rev-1-0 kernel: [    0.918747] AppArmor: AppArmor Filesystem Enabled
Dec 14 09:24:35 zhuqingyang-Rev-1-0 kernel: [    0.918763] pnp: PnP ACPI init
Dec 14 09:24:35 zhuqingyang-Rev-1-0 kernel: [    0.918774] ACPI: bus type pnp registered
Dec 14 09:24:35 zhuqingyang-Rev-1-0 kernel: [    0.919002] pnp 00:00: [bus 00-3e]
Dec 14 09:24:35 zhuqingyang-Rev-1-0 kernel: [    0.919004] pnp 00:00: [io  0x0000-0x0cf7 window]
Dec 14 09:24:35 zhuqingyang-Rev-1-0 kernel: [    0.919005] pnp 00:00: [io  0x0cf8-0x0cff]
Dec 14 09:24:35 zhuqingyang-Rev-1-0 kernel: [    0.919007] pnp 00:00: [io  0x0d00-0xffff window]
Dec 14 09:24:35 zhuqingyang-Rev-1-0 kernel: [    0.919009] pnp 00:00: [mem 0x000a0000-0x000bffff window]
Dec 14 09:24:35 zhuqingyang-Rev-1-0 kernel: [    0.919010] pnp 00:00: [mem 0x000c0000-0x000c3fff window]
Dec 14 09:24:35 zhuqingyang-Rev-1-0 kernel: [    0.919012] pnp 00:00: [mem 0x000c4000-0x000c7fff window]
Dec 14 09:24:35 zhuqingyang-Rev-1-0 kernel: [    0.919013] pnp 00:00: [mem 0x000c8000-0x000cbfff window]
Dec 14 09:24:35 zhuqingyang-Rev-1-0 kernel: [    0.919015] pnp 00:00: [mem 0x000cc000-0x000cffff window]
Dec 14 09:24:35 zhuqingyang-Rev-1-0 kernel: [    0.919017] pnp 00:00: [mem 0x000d0000-0x000d3fff window]
Dec 14 09:24:35 zhuqingyang-Rev-1-0 kernel: [    0.919018] pnp 00:00: [mem 0x000d4000-0x000d7fff window]
Dec 14 09:24:35 zhuqingyang-Rev-1-0 kernel: [    0.919021] pnp 00:00: [mem 0x000d8000-0x000dbfff window]
Dec 14 09:24:35 zhuqingyang-Rev-1-0 kernel: [    0.919022] pnp 00:00: [mem 0x000dc000-0x000dffff window]
Dec 14 09:24:35 zhuqingyang-Rev-1-0 kernel: [    0.919024] pnp 00:00: [mem 0x000e0000-0x000e3fff window]
Dec 14 09:24:35 zhuqingyang-Rev-1-0 kernel: [    0.919025] pnp 00:00: [mem 0x000e4000-0x000e7fff window]
Dec 14 09:24:35 zhuqingyang-Rev-1-0 kernel: [    0.919027] pnp 00:00: [mem 0x000e8000-0x000ebfff window]
Dec 14 09:24:35 zhuqingyang-Rev-1-0 kernel: [    0.919029] pnp 00:00: [mem 0x000ec000-0x000effff window]
Dec 14 09:24:35 zhuqingyang-Rev-1-0 kernel: [    0.919030] pnp 00:00: [mem 0x000f0000-0x000fffff window]
Dec 14 09:24:35 zhuqingyang-Rev-1-0 kernel: [    0.919032] pnp 00:00: [mem 0xe0000000-0xfeafffff window]
Dec 14 09:24:35 zhuqingyang-Rev-1-0 kernel: [    0.919033] pnp 00:00: [mem 0xfed40000-0xfed44fff window]
Dec 14 09:24:35 zhuqingyang-Rev-1-0 kernel: [    0.919035] pnp 00:00: [mem 0xf8628900-0xfeb00000 window]
Dec 14 09:24:35 zhuqingyang-Rev-1-0 kernel: [    0.919036] pnp 00:00: [mem 0xf7000000-0xf8000000 window]
Dec 14 09:24:35 zhuqingyang-Rev-1-0 kernel: [    0.919080] pnp 00:00: Plug and Play ACPI device, IDs PNP0a08 PNP0a03 (active)
Dec 14 09:24:35 zhuqingyang-Rev-1-0 kernel: [    0.919104] pnp 00:01: [io  0x0000-0x001f]
Dec 14 09:24:35 zhuqingyang-Rev-1-0 kernel: [    0.919105] pnp 00:01: [io  0x0081-0x0091]
Dec 14 09:24:35 zhuqingyang-Rev-1-0 kernel: [    0.919107] pnp 00:01: [io  0x0093-0x009f]
Dec 14 09:24:35 zhuqingyang-Rev-1-0 kernel: [    0.919108] pnp 00:01: [io  0x00c0-0x00df]
Dec 14 09:24:35 zhuqingyang-Rev-1-0 kernel: [    0.919109] pnp 00:01: [dma 4]
Dec 14 09:24:35 zhuqingyang-Rev-1-0 kernel: [    0.919128] pnp 00:01: Plug and Play ACPI device, IDs PNP0200 (active)
Dec 14 09:24:35 zhuqingyang-Rev-1-0 kernel: [    0.919134] pnp 00:02: [mem 0xff000000-0xffffffff]
Dec 14 09:24:35 zhuqingyang-Rev-1-0 kernel: [    0.919153] pnp 00:02: Plug and Play ACPI device, IDs INT0800 (active)
Dec 14 09:24:35 zhuqingyang-Rev-1-0 kernel: [    0.919209] pnp 00:03: [mem 0xfed00000-0xfed003ff]
Dec 14 09:24:35 zhuqingyang-Rev-1-0 kernel: [    0.919227] pnp 00:03: Plug and Play ACPI device, IDs PNP0103 (active)
Dec 14 09:24:35 zhuqingyang-Rev-1-0 kernel: [    0.919235] pnp 00:04: [io  0x00f0]
Dec 14 09:24:35 zhuqingyang-Rev-1-0 kernel: [    0.919243] pnp 00:04: [irq 13]
Dec 14 09:24:35 zhuqingyang-Rev-1-0 kernel: [    0.919261] pnp 00:04: Plug and Play ACPI device, IDs PNP0c04 (active)
Dec 14 09:24:35 zhuqingyang-Rev-1-0 kernel: [    0.919269] pnp 00:05: [io  0x002e-0x002f]
Dec 14 09:24:35 zhuqingyang-Rev-1-0 kernel: [    0.919271] pnp 00:05: [io  0x004e-0x004f]
Dec 14 09:24:35 zhuqingyang-Rev-1-0 kernel: [    0.919272] pnp 00:05: [io  0x0061]
Dec 14 09:24:35 zhuqingyang-Rev-1-0 kernel: [    0.919273] pnp 00:05: [io  0x0063]
Dec 14 09:24:35 zhuqingyang-Rev-1-0 kernel: [    0.919274] pnp 00:05: [io  0x0065]
Dec 14 09:24:35 zhuqingyang-Rev-1-0 kernel: [    0.919276] pnp 00:05: [io  0x0067]
Dec 14 09:24:35 zhuqingyang-Rev-1-0 kernel: [    0.919277] pnp 00:05: [io  0x0070]
Dec 14 09:24:35 zhuqingyang-Rev-1-0 kernel: [    0.919278] pnp 00:05: [io  0x0080]
Dec 14 09:24:35 zhuqingyang-Rev-1-0 kernel: [    0.919279] pnp 00:05: [io  0x0092]
Dec 14 09:24:35 zhuqingyang-Rev-1-0 kernel: [    0.919281] pnp 00:05: [io  0x00b2-0x00b3]
Dec 14 09:24:35 zhuqingyang-Rev-1-0 kernel: [    0.919282] pnp 00:05: [io  0x0680-0x069f]
Dec 14 09:24:35 zhuqingyang-Rev-1-0 kernel: [    0.919283] pnp 00:05: [io  0x0800-0x080f]
Dec 14 09:24:35 zhuqingyang-Rev-1-0 kernel: [    0.919285] pnp 00:05: [io  0xffff]
Dec 14 09:24:35 zhuqingyang-Rev-1-0 kernel: [    0.919286] pnp 00:05: [io  0xffff]
Dec 14 09:24:35 zhuqingyang-Rev-1-0 kernel: [    0.919287] pnp 00:05: [io  0x0400-0x0453]
Dec 14 09:24:35 zhuqingyang-Rev-1-0 kernel: [    0.919289] pnp 00:05: [io  0x0458-0x047f]
Dec 14 09:24:35 zhuqingyang-Rev-1-0 kernel: [    0.919290] pnp 00:05: [io  0x0500-0x057f]
Dec 14 09:24:35 zhuqingyang-Rev-1-0 kernel: [    0.919291] pnp 00:05: [io  0x164e-0x164f]
Dec 14 09:24:35 zhuqingyang-Rev-1-0 kernel: [    0.919327] system 00:05: [io  0x0680-0x069f] has been reserved
Dec 14 09:24:35 zhuqingyang-Rev-1-0 kernel: [    0.919329] system 00:05: [io  0x0800-0x080f] has been reserved
Dec 14 09:24:35 zhuqingyang-Rev-1-0 kernel: [    0.919331] system 00:05: [io  0xffff] has been reserved
Dec 14 09:24:35 zhuqingyang-Rev-1-0 kernel: [    0.919333] system 00:05: [io  0xffff] has been reserved
Dec 14 09:24:35 zhuqingyang-Rev-1-0 kernel: [    0.919335] system 00:05: [io  0x0400-0x0453] has been reserved
Dec 14 09:24:35 zhuqingyang-Rev-1-0 kernel: [    0.919336] system 00:05: [io  0x0458-0x047f] has been reserved
Dec 14 09:24:35 zhuqingyang-Rev-1-0 kernel: [    0.919338] system 00:05: [io  0x0500-0x057f] has been reserved
Dec 14 09:24:35 zhuqingyang-Rev-1-0 kernel: [    0.919340] system 00:05: [io  0x164e-0x164f] has been reserved
Dec 14 09:24:35 zhuqingyang-Rev-1-0 kernel: [    0.919342] system 00:05: Plug and Play ACPI device, IDs PNP0c02 (active)
Dec 14 09:24:35 zhuqingyang-Rev-1-0 kernel: [    0.919348] pnp 00:06: [io  0x0070-0x0077]
Dec 14 09:24:35 zhuqingyang-Rev-1-0 kernel: [    0.919353] pnp 00:06: [irq 8]
Dec 14 09:24:35 zhuqingyang-Rev-1-0 kernel: [    0.919371] pnp 00:06: Plug and Play ACPI device, IDs PNP0b00 (active)
Dec 14 09:24:35 zhuqingyang-Rev-1-0 kernel: [    0.919390] pnp 00:07: [io  0x0454-0x0457]
Dec 14 09:24:35 zhuqingyang-Rev-1-0 kernel: [    0.919419] system 00:07: [io  0x0454-0x0457] has been reserved
Dec 14 09:24:35 zhuqingyang-Rev-1-0 kernel: [    0.919421] system 00:07: Plug and Play ACPI device, IDs INT3f0d PNP0c02 (active)
Dec 14 09:24:35 zhuqingyang-Rev-1-0 kernel: [    0.919436] pnp 00:08: [io  0x0060]
Dec 14 09:24:35 zhuqingyang-Rev-1-0 kernel: [    0.919438] pnp 00:08: [io  0x0064]
Dec 14 09:24:35 zhuqingyang-Rev-1-0 kernel: [    0.919442] pnp 00:08: [irq 1]
Dec 14 09:24:35 zhuqingyang-Rev-1-0 kernel: [    0.919461] pnp 00:08: Plug and Play ACPI device, IDs PNP0303 (active)
Dec 14 09:24:35 zhuqingyang-Rev-1-0 kernel: [    0.919470] pnp 00:09: [irq 12]
Dec 14 09:24:35 zhuqingyang-Rev-1-0 kernel: [    0.919490] pnp 00:09: Plug and Play ACPI device, IDs PNP0f13 SYN1000 SYN0002 (active)
Dec 14 09:24:35 zhuqingyang-Rev-1-0 kernel: [    0.919581] pnp 00:0a: [mem 0xfed1c000-0xfed1ffff]
Dec 14 09:24:35 zhuqingyang-Rev-1-0 kernel: [    0.919582] pnp 00:0a: [mem 0xfed10000-0xfed17fff]
Dec 14 09:24:35 zhuqingyang-Rev-1-0 kernel: [    0.919583] pnp 00:0a: [mem 0xfed18000-0xfed18fff]
Dec 14 09:24:35 zhuqingyang-Rev-1-0 kernel: [    0.919585] pnp 00:0a: [mem 0xfed19000-0xfed19fff]
Dec 14 09:24:35 zhuqingyang-Rev-1-0 kernel: [    0.919586] pnp 00:0a: [mem 0xf8000000-0xfbffffff]
Dec 14 09:24:35 zhuqingyang-Rev-1-0 kernel: [    0.919588] pnp 00:0a: [mem 0x00000000-0x00000fff]
Dec 14 09:24:35 zhuqingyang-Rev-1-0 kernel: [    0.919589] pnp 00:0a: [mem 0x00000000-0x00000fff]
Dec 14 09:24:35 zhuqingyang-Rev-1-0 kernel: [    0.919591] pnp 00:0a: [mem 0xfed20000-0xfed3ffff]
Dec 14 09:24:35 zhuqingyang-Rev-1-0 kernel: [    0.919592] pnp 00:0a: [mem 0xfed90000-0xfed93fff]
Dec 14 09:24:35 zhuqingyang-Rev-1-0 kernel: [    0.919594] pnp 00:0a: [mem 0xfed40000-0xfed44fff]
Dec 14 09:24:35 zhuqingyang-Rev-1-0 kernel: [    0.919596] pnp 00:0a: [mem 0xfed45000-0xfed8ffff]
Dec 14 09:24:35 zhuqingyang-Rev-1-0 kernel: [    0.919598] pnp 00:0a: [mem 0xff000000-0xffffffff]
Dec 14 09:24:35 zhuqingyang-Rev-1-0 kernel: [    0.919599] pnp 00:0a: [mem 0xfee00000-0xfeefffff]
Dec 14 09:24:35 zhuqingyang-Rev-1-0 kernel: [    0.919601] pnp 00:0a: [mem 0x00000000-0xffffffffffffffff disabled]
Dec 14 09:24:35 zhuqingyang-Rev-1-0 kernel: [    0.919602] pnp 00:0a: [mem 0xf8628900-0xfeafffff]
Dec 14 09:24:35 zhuqingyang-Rev-1-0 kernel: [    0.919604] pnp 00:0a: [mem 0xf7000000-0xf7ffffff]
Dec 14 09:24:35 zhuqingyang-Rev-1-0 kernel: [    0.919638] system 00:0a: [mem 0xfed1c000-0xfed1ffff] has been reserved
Dec 14 09:24:35 zhuqingyang-Rev-1-0 kernel: [    0.919640] system 00:0a: [mem 0xfed10000-0xfed17fff] has been reserved
Dec 14 09:24:35 zhuqingyang-Rev-1-0 kernel: [    0.919642] system 00:0a: [mem 0xfed18000-0xfed18fff] has been reserved
Dec 14 09:24:35 zhuqingyang-Rev-1-0 kernel: [    0.919644] system 00:0a: [mem 0xfed19000-0xfed19fff] has been reserved
Dec 14 09:24:35 zhuqingyang-Rev-1-0 kernel: [    0.919646] system 00:0a: [mem 0xf8000000-0xfbffffff] could not be reserved
Dec 14 09:24:35 zhuqingyang-Rev-1-0 kernel: [    0.919648] system 00:0a: [mem 0x00000000-0x00000fff] could not be reserved
Dec 14 09:24:35 zhuqingyang-Rev-1-0 kernel: [    0.919649] system 00:0a: [mem 0x00000000-0x00000fff] could not be reserved
Dec 14 09:24:35 zhuqingyang-Rev-1-0 kernel: [    0.919651] system 00:0a: [mem 0xfed20000-0xfed3ffff] has been reserved
Dec 14 09:24:35 zhuqingyang-Rev-1-0 kernel: [    0.919653] system 00:0a: [mem 0xfed90000-0xfed93fff] has been reserved
Dec 14 09:24:35 zhuqingyang-Rev-1-0 kernel: [    0.919655] system 00:0a: [mem 0xfed40000-0xfed44fff] has been reserved
Dec 14 09:24:35 zhuqingyang-Rev-1-0 kernel: [    0.919657] system 00:0a: [mem 0xfed45000-0xfed8ffff] has been reserved
Dec 14 09:24:35 zhuqingyang-Rev-1-0 kernel: [    0.919659] system 00:0a: [mem 0xff000000-0xffffffff] has been reserved
Dec 14 09:24:35 zhuqingyang-Rev-1-0 kernel: [    0.919661] system 00:0a: [mem 0xfee00000-0xfeefffff] could not be reserved
Dec 14 09:24:35 zhuqingyang-Rev-1-0 kernel: [    0.919663] system 00:0a: [mem 0xf8628900-0xfeafffff] has been reserved
Dec 14 09:24:35 zhuqingyang-Rev-1-0 kernel: [    0.919665] system 00:0a: [mem 0xf7000000-0xf7ffffff] has been reserved
Dec 14 09:24:35 zhuqingyang-Rev-1-0 kernel: [    0.919667] system 00:0a: Plug and Play ACPI device, IDs PNP0c02 (active)
Dec 14 09:24:35 zhuqingyang-Rev-1-0 kernel: [    0.920374] pnp: PnP ACPI: found 11 devices
Dec 14 09:24:35 zhuqingyang-Rev-1-0 kernel: [    0.920375] ACPI: ACPI bus type pnp unregistered
Dec 14 09:24:35 zhuqingyang-Rev-1-0 kernel: [    0.920377] PnPBIOS: Disabled by ACPI PNP
Dec 14 09:24:35 zhuqingyang-Rev-1-0 kernel: [    0.956809] PCI: max bus depth: 1 pci_try_num: 2
Dec 14 09:24:35 zhuqingyang-Rev-1-0 kernel: [    0.956831] pci 0000:00:1c.0: PCI bridge to [bus 03-04]
Dec 14 09:24:35 zhuqingyang-Rev-1-0 kernel: [    0.956834] pci 0000:00:1c.0:   bridge window [io  0x2000-0x2fff]
Dec 14 09:24:35 zhuqingyang-Rev-1-0 kernel: [    0.956840] pci 0000:00:1c.0:   bridge window [mem 0xf4400000-0xf45fffff]
Dec 14 09:24:35 zhuqingyang-Rev-1-0 kernel: [    0.956844] pci 0000:00:1c.0:   bridge window [mem 0xf0000000-0xf3ffffff 64bit pref]
Dec 14 09:24:35 zhuqingyang-Rev-1-0 kernel: [    0.956851] pci 0000:00:1c.2: PCI bridge to [bus 05-05]
Dec 14 09:24:35 zhuqingyang-Rev-1-0 kernel: [    0.956856] pci 0000:00:1c.2:   bridge window [mem 0xf4600000-0xf46fffff]
Dec 14 09:24:35 zhuqingyang-Rev-1-0 kernel: [    0.956875] pci 0000:00:1c.0: PCI INT A -> GSI 16 (level, low) -> IRQ 16
Dec 14 09:24:35 zhuqingyang-Rev-1-0 kernel: [    0.956880] pci 0000:00:1c.0: setting latency timer to 64
Dec 14 09:24:35 zhuqingyang-Rev-1-0 kernel: [    0.956889] pci 0000:00:1c.2: PCI INT C -> GSI 18 (level, low) -> IRQ 18
Dec 14 09:24:35 zhuqingyang-Rev-1-0 kernel: [    0.956893] pci 0000:00:1c.2: setting latency timer to 64
Dec 14 09:24:35 zhuqingyang-Rev-1-0 kernel: [    0.956897] pci_bus 0000:00: resource 4 [io  0x0000-0x0cf7]
Dec 14 09:24:35 zhuqingyang-Rev-1-0 kernel: [    0.956898] pci_bus 0000:00: resource 5 [io  0x0d00-0xffff]
Dec 14 09:24:35 zhuqingyang-Rev-1-0 kernel: [    0.956900] pci_bus 0000:00: resource 6 [mem 0x000a0000-0x000bffff]
Dec 14 09:24:35 zhuqingyang-Rev-1-0 kernel: [    0.956902] pci_bus 0000:00: resource 7 [mem 0x000d0000-0x000d3fff]
Dec 14 09:24:35 zhuqingyang-Rev-1-0 kernel: [    0.956903] pci_bus 0000:00: resource 8 [mem 0x000d4000-0x000d7fff]
Dec 14 09:24:35 zhuqingyang-Rev-1-0 kernel: [    0.956905] pci_bus 0000:00: resource 9 [mem 0x000d8000-0x000dbfff]
Dec 14 09:24:35 zhuqingyang-Rev-1-0 kernel: [    0.956907] pci_bus 0000:00: resource 10 [mem 0x000e0000-0x000e3fff]
Dec 14 09:24:35 zhuqingyang-Rev-1-0 kernel: [    0.956908] pci_bus 0000:00: resource 11 [mem 0xe0000000-0xfeb00000]
Dec 14 09:24:35 zhuqingyang-Rev-1-0 kernel: [    0.956910] pci_bus 0000:03: resource 0 [io  0x2000-0x2fff]
Dec 14 09:24:35 zhuqingyang-Rev-1-0 kernel: [    0.956911] pci_bus 0000:03: resource 1 [mem 0xf4400000-0xf45fffff]
Dec 14 09:24:35 zhuqingyang-Rev-1-0 kernel: [    0.956913] pci_bus 0000:03: resource 2 [mem 0xf0000000-0xf3ffffff 64bit pref]
Dec 14 09:24:35 zhuqingyang-Rev-1-0 kernel: [    0.956915] pci_bus 0000:05: resource 1 [mem 0xf4600000-0xf46fffff]
Dec 14 09:24:35 zhuqingyang-Rev-1-0 kernel: [    0.956937] NET: Registered protocol family 2
Dec 14 09:24:35 zhuqingyang-Rev-1-0 kernel: [    0.956975] IP route cache hash table entries: 32768 (order: 5, 131072 bytes)
Dec 14 09:24:35 zhuqingyang-Rev-1-0 kernel: [    0.957084] TCP established hash table entries: 131072 (order: 8, 1048576 bytes)
Dec 14 09:24:35 zhuqingyang-Rev-1-0 kernel: [    0.957259] TCP bind hash table entries: 65536 (order: 7, 524288 bytes)
Dec 14 09:24:35 zhuqingyang-Rev-1-0 kernel: [    0.957337] TCP: Hash tables configured (established 131072 bind 65536)
Dec 14 09:24:35 zhuqingyang-Rev-1-0 kernel: [    0.957338] TCP reno registered
Dec 14 09:24:35 zhuqingyang-Rev-1-0 kernel: [    0.957340] UDP hash table entries: 512 (order: 2, 16384 bytes)
Dec 14 09:24:35 zhuqingyang-Rev-1-0 kernel: [    0.957344] UDP-Lite hash table entries: 512 (order: 2, 16384 bytes)
Dec 14 09:24:35 zhuqingyang-Rev-1-0 kernel: [    0.957392] NET: Registered protocol family 1
Dec 14 09:24:35 zhuqingyang-Rev-1-0 kernel: [    0.957401] pci 0000:00:02.0: Boot video device
Dec 14 09:24:35 zhuqingyang-Rev-1-0 kernel: [    0.957413] pci 0000:00:1a.0: PCI INT A -> GSI 16 (level, low) -> IRQ 16
Dec 14 09:24:35 zhuqingyang-Rev-1-0 kernel: [    0.957435] pci 0000:00:1a.0: PCI INT A disabled
Dec 14 09:24:35 zhuqingyang-Rev-1-0 kernel: [    0.957452] pci 0000:00:1d.0: PCI INT A -> GSI 23 (level, low) -> IRQ 23
Dec 14 09:24:35 zhuqingyang-Rev-1-0 kernel: [    0.957466] pci 0000:00:1d.0: PCI INT A disabled
Dec 14 09:24:35 zhuqingyang-Rev-1-0 kernel: [    0.957483] PCI: CLS 64 bytes, default 64
Dec 14 09:24:35 zhuqingyang-Rev-1-0 kernel: [    0.957488] Simple Boot Flag at 0x36 set to 0x1
Dec 14 09:24:35 zhuqingyang-Rev-1-0 kernel: [    0.957844] audit: initializing netlink socket (disabled)
Dec 14 09:24:35 zhuqingyang-Rev-1-0 kernel: [    0.957849] type=2000 audit(1418549055.792:1): initialized
Dec 14 09:24:35 zhuqingyang-Rev-1-0 kernel: [    0.976297] highmem bounce pool size: 64 pages
Dec 14 09:24:35 zhuqingyang-Rev-1-0 kernel: [    0.976301] HugeTLB registered 2 MB page size, pre-allocated 0 pages
Dec 14 09:24:35 zhuqingyang-Rev-1-0 kernel: [    0.977848] VFS: Disk quotas dquot_6.5.2
Dec 14 09:24:35 zhuqingyang-Rev-1-0 kernel: [    0.977888] Dquot-cache hash table entries: 1024 (order 0, 4096 bytes)
Dec 14 09:24:35 zhuqingyang-Rev-1-0 kernel: [    0.978257] fuse init (API version 7.17)
Dec 14 09:24:35 zhuqingyang-Rev-1-0 kernel: [    0.978329] msgmni has been set to 1647
Dec 14 09:24:35 zhuqingyang-Rev-1-0 kernel: [    0.978618] Block layer SCSI generic (bsg) driver version 0.4 loaded (major 253)
Dec 14 09:24:35 zhuqingyang-Rev-1-0 kernel: [    0.978641] io scheduler noop registered
Dec 14 09:24:35 zhuqingyang-Rev-1-0 kernel: [    0.978642] io scheduler deadline registered
Dec 14 09:24:35 zhuqingyang-Rev-1-0 kernel: [    0.978648] io scheduler cfq registered (default)
Dec 14 09:24:35 zhuqingyang-Rev-1-0 kernel: [    0.978807] pci_hotplug: PCI Hot Plug PCI Core version: 0.5
Dec 14 09:24:35 zhuqingyang-Rev-1-0 kernel: [    0.978820] pciehp: PCI Express Hot Plug Controller Driver version: 0.4
Dec 14 09:24:35 zhuqingyang-Rev-1-0 kernel: [    0.978865] intel_idle: MWAIT substates: 0x21120
Dec 14 09:24:35 zhuqingyang-Rev-1-0 kernel: [    0.978866] intel_idle: v0.4 model 0x2A
Dec 14 09:24:35 zhuqingyang-Rev-1-0 kernel: [    0.978867] intel_idle: lapic_timer_reliable_states 0xffffffff
Dec 14 09:24:35 zhuqingyang-Rev-1-0 kernel: [    0.979129] ACPI: Deprecated procfs I/F for AC is loaded, please retry with CONFIG_ACPI_PROCFS_POWER cleared
Dec 14 09:24:35 zhuqingyang-Rev-1-0 kernel: [    0.980722] ACPI: AC Adapter [ACAD] (on-line)
Dec 14 09:24:35 zhuqingyang-Rev-1-0 kernel: [    0.980789] input: Lid Switch as /devices/LNXSYSTM:00/LNXSYBUS:00/PNP0C0D:00/input/input0
Dec 14 09:24:35 zhuqingyang-Rev-1-0 kernel: [    0.981321] ACPI: Lid Switch [LID]
Dec 14 09:24:35 zhuqingyang-Rev-1-0 kernel: [    0.981372] input: Power Button as /devices/LNXSYSTM:00/LNXSYBUS:00/PNP0C0C:00/input/input1
Dec 14 09:24:35 zhuqingyang-Rev-1-0 kernel: [    0.981375] ACPI: Power Button [PWRB]
Dec 14 09:24:35 zhuqingyang-Rev-1-0 kernel: [    0.981406] input: Sleep Button as /devices/LNXSYSTM:00/LNXSYBUS:00/PNP0C0E:00/input/input2
Dec 14 09:24:35 zhuqingyang-Rev-1-0 kernel: [    0.981408] ACPI: Sleep Button [SLPB]
Dec 14 09:24:35 zhuqingyang-Rev-1-0 kernel: [    0.981435] input: Power Button as /devices/LNXSYSTM:00/LNXPWRBN:00/input/input3
Dec 14 09:24:35 zhuqingyang-Rev-1-0 kernel: [    0.981437] ACPI: Power Button [PWRF]
Dec 14 09:24:35 zhuqingyang-Rev-1-0 kernel: [    0.983946] thermal LNXTHERM:00: registered as thermal_zone0
Dec 14 09:24:35 zhuqingyang-Rev-1-0 kernel: [    0.983948] ACPI: Thermal Zone [TZ00] (54 C)
Dec 14 09:24:35 zhuqingyang-Rev-1-0 kernel: [    0.983965] ACPI: Deprecated procfs I/F for battery is loaded, please retry with CONFIG_ACPI_PROCFS_POWER cleared
Dec 14 09:24:35 zhuqingyang-Rev-1-0 kernel: [    0.983970] ACPI: Battery Slot [BAT1] (battery present)
Dec 14 09:24:35 zhuqingyang-Rev-1-0 kernel: [    0.983986] ERST: Table is not found!
Dec 14 09:24:35 zhuqingyang-Rev-1-0 kernel: [    0.983987] GHES: HEST is not enabled!
Dec 14 09:24:35 zhuqingyang-Rev-1-0 kernel: [    0.984031] isapnp: Scanning for PnP cards...
Dec 14 09:24:35 zhuqingyang-Rev-1-0 kernel: [    0.984042] Serial: 8250/16550 driver, 32 ports, IRQ sharing enabled
Dec 14 09:24:35 zhuqingyang-Rev-1-0 kernel: [    1.129727] ACPI: Battery Slot [BAT1] (battery present)
Dec 14 09:24:35 zhuqingyang-Rev-1-0 kernel: [    1.371876] isapnp: No Plug & Play device found
Dec 14 09:24:35 zhuqingyang-Rev-1-0 kernel: [    1.397208] Linux agpgart interface v0.103
Dec 14 09:24:35 zhuqingyang-Rev-1-0 kernel: [    1.397274] agpgart-intel 0000:00:00.0: Intel Sandybridge Chipset
Dec 14 09:24:35 zhuqingyang-Rev-1-0 kernel: [    1.397355] agpgart-intel 0000:00:00.0: detected gtt size: 2097152K total, 262144K mappable
Dec 14 09:24:35 zhuqingyang-Rev-1-0 kernel: [    1.398430] agpgart-intel 0000:00:00.0: detected 131072K stolen memory
Dec 14 09:24:35 zhuqingyang-Rev-1-0 kernel: [    1.398528] agpgart-intel 0000:00:00.0: AGP aperture is 256M @ 0xe0000000
Dec 14 09:24:35 zhuqingyang-Rev-1-0 kernel: [    1.399578] brd: module loaded
Dec 14 09:24:35 zhuqingyang-Rev-1-0 kernel: [    1.400115] loop: module loaded
Dec 14 09:24:35 zhuqingyang-Rev-1-0 kernel: [    1.400229] ata_piix 0000:00:1f.2: version 2.13
Dec 14 09:24:35 zhuqingyang-Rev-1-0 kernel: [    1.400248] ata_piix 0000:00:1f.2: PCI INT B -> GSI 19 (level, low) -> IRQ 19
Dec 14 09:24:35 zhuqingyang-Rev-1-0 kernel: [    1.400253] ata_piix 0000:00:1f.2: MAP [ P0 P2 P1 P3 ]
Dec 14 09:24:35 zhuqingyang-Rev-1-0 kernel: [    1.552525] ata_piix 0000:00:1f.2: SCR access via SIDPR is available but doesn't work
Dec 14 09:24:35 zhuqingyang-Rev-1-0 kernel: [    1.552550] ata_piix 0000:00:1f.2: setting latency timer to 64
Dec 14 09:24:35 zhuqingyang-Rev-1-0 kernel: [    1.552797] scsi0 : ata_piix
Dec 14 09:24:35 zhuqingyang-Rev-1-0 kernel: [    1.552856] scsi1 : ata_piix
Dec 14 09:24:35 zhuqingyang-Rev-1-0 kernel: [    1.552903] ata1: SATA max UDMA/133 cmd 0x1898 ctl 0x184c bmdma 0x1880 irq 19
Dec 14 09:24:35 zhuqingyang-Rev-1-0 kernel: [    1.552905] ata2: SATA max UDMA/133 cmd 0x1890 ctl 0x1848 bmdma 0x1888 irq 19
Dec 14 09:24:35 zhuqingyang-Rev-1-0 kernel: [    1.552921] ata_piix 0000:00:1f.5: PCI INT B -> GSI 19 (level, low) -> IRQ 19
Dec 14 09:24:35 zhuqingyang-Rev-1-0 kernel: [    1.552925] ata_piix 0000:00:1f.5: MAP [ P0 -- P1 -- ]
Dec 14 09:24:35 zhuqingyang-Rev-1-0 kernel: [    1.708318] ata_piix 0000:00:1f.5: setting latency timer to 64
Dec 14 09:24:35 zhuqingyang-Rev-1-0 kernel: [    1.708562] scsi2 : ata_piix
Dec 14 09:24:35 zhuqingyang-Rev-1-0 kernel: [    1.708623] scsi3 : ata_piix
Dec 14 09:24:35 zhuqingyang-Rev-1-0 kernel: [    1.708666] ata3: SATA max UDMA/133 cmd 0x18f0 ctl 0x18e4 bmdma 0x18d0 irq 19
Dec 14 09:24:35 zhuqingyang-Rev-1-0 kernel: [    1.708670] ata4: SATA max UDMA/133 cmd 0x18e8 ctl 0x18e0 bmdma 0x18d8 irq 19
Dec 14 09:24:35 zhuqingyang-Rev-1-0 kernel: [    1.709010] Fixed MDIO Bus: probed
Dec 14 09:24:35 zhuqingyang-Rev-1-0 kernel: [    1.709030] tun: Universal TUN/TAP device driver, 1.6
Dec 14 09:24:35 zhuqingyang-Rev-1-0 kernel: [    1.709032] tun: (C) 1999-2004 Max Krasnyansky <maxk@qualcomm.com>
Dec 14 09:24:35 zhuqingyang-Rev-1-0 kernel: [    1.709073] PPP generic driver version 2.4.2
Dec 14 09:24:35 zhuqingyang-Rev-1-0 kernel: [    1.709169] ehci_hcd: USB 2.0 'Enhanced' Host Controller (EHCI) Driver
Dec 14 09:24:35 zhuqingyang-Rev-1-0 kernel: [    1.709183] ehci_hcd 0000:00:1a.0: PCI INT A -> GSI 16 (level, low) -> IRQ 16
Dec 14 09:24:35 zhuqingyang-Rev-1-0 kernel: [    1.709198] ehci_hcd 0000:00:1a.0: setting latency timer to 64
Dec 14 09:24:35 zhuqingyang-Rev-1-0 kernel: [    1.709202] ehci_hcd 0000:00:1a.0: EHCI Host Controller
Dec 14 09:24:35 zhuqingyang-Rev-1-0 kernel: [    1.709241] ehci_hcd 0000:00:1a.0: new USB bus registered, assigned bus number 1
Dec 14 09:24:35 zhuqingyang-Rev-1-0 kernel: [    1.709264] ehci_hcd 0000:00:1a.0: debug port 2
Dec 14 09:24:35 zhuqingyang-Rev-1-0 kernel: [    1.713145] ehci_hcd 0000:00:1a.0: cache line size of 64 is not supported
Dec 14 09:24:35 zhuqingyang-Rev-1-0 kernel: [    1.713161] ehci_hcd 0000:00:1a.0: irq 16, io mem 0xf4928000
Dec 14 09:24:35 zhuqingyang-Rev-1-0 kernel: [    1.720389] ata2.00: ATA-8: HITACHI HTS545050B9A300, PB4ZC6ZH, max UDMA/100
Dec 14 09:24:35 zhuqingyang-Rev-1-0 kernel: [    1.720391] ata2.00: 976773168 sectors, multi 16: LBA48 NCQ (depth 0/32)
Dec 14 09:24:35 zhuqingyang-Rev-1-0 kernel: [    1.728256] ehci_hcd 0000:00:1a.0: USB 2.0 started, EHCI 1.00
Dec 14 09:24:35 zhuqingyang-Rev-1-0 kernel: [    1.728427] hub 1-0:1.0: USB hub found
Dec 14 09:24:35 zhuqingyang-Rev-1-0 kernel: [    1.728430] hub 1-0:1.0: 3 ports detected
Dec 14 09:24:35 zhuqingyang-Rev-1-0 kernel: [    1.728477] ehci_hcd 0000:00:1d.0: PCI INT A -> GSI 23 (level, low) -> IRQ 23
Dec 14 09:24:35 zhuqingyang-Rev-1-0 kernel: [    1.728488] ehci_hcd 0000:00:1d.0: setting latency timer to 64
Dec 14 09:24:35 zhuqingyang-Rev-1-0 kernel: [    1.728491] ehci_hcd 0000:00:1d.0: EHCI Host Controller
Dec 14 09:24:35 zhuqingyang-Rev-1-0 kernel: [    1.728522] ehci_hcd 0000:00:1d.0: new USB bus registered, assigned bus number 2
Dec 14 09:24:35 zhuqingyang-Rev-1-0 kernel: [    1.728541] ehci_hcd 0000:00:1d.0: debug port 2
Dec 14 09:24:35 zhuqingyang-Rev-1-0 kernel: [    1.732432] ehci_hcd 0000:00:1d.0: cache line size of 64 is not supported
Dec 14 09:24:35 zhuqingyang-Rev-1-0 kernel: [    1.732445] ehci_hcd 0000:00:1d.0: irq 23, io mem 0xf4929000
Dec 14 09:24:35 zhuqingyang-Rev-1-0 kernel: [    1.736675] ata2.00: configured for UDMA/100
Dec 14 09:24:35 zhuqingyang-Rev-1-0 kernel: [    1.736831] scsi 1:0:0:0: Direct-Access     ATA      HITACHI HTS54505 PB4Z PQ: 0 ANSI: 5
Dec 14 09:24:35 zhuqingyang-Rev-1-0 kernel: [    1.736930] sd 1:0:0:0: [sda] 976773168 512-byte logical blocks: (500 GB/465 GiB)
Dec 14 09:24:35 zhuqingyang-Rev-1-0 kernel: [    1.736943] sd 1:0:0:0: Attached scsi generic sg0 type 0
Dec 14 09:24:35 zhuqingyang-Rev-1-0 kernel: [    1.736996] sd 1:0:0:0: [sda] Write Protect is off
Dec 14 09:24:35 zhuqingyang-Rev-1-0 kernel: [    1.736998] sd 1:0:0:0: [sda] Mode Sense: 00 3a 00 00
Dec 14 09:24:35 zhuqingyang-Rev-1-0 kernel: [    1.737023] sd 1:0:0:0: [sda] Write cache: enabled, read cache: enabled, doesn't support DPO or FUA
Dec 14 09:24:35 zhuqingyang-Rev-1-0 kernel: [    1.748227] ehci_hcd 0000:00:1d.0: USB 2.0 started, EHCI 1.00
Dec 14 09:24:35 zhuqingyang-Rev-1-0 kernel: [    1.748390] hub 2-0:1.0: USB hub found
Dec 14 09:24:35 zhuqingyang-Rev-1-0 kernel: [    1.748393] hub 2-0:1.0: 3 ports detected
Dec 14 09:24:35 zhuqingyang-Rev-1-0 kernel: [    1.748439] ohci_hcd: USB 1.1 'Open' Host Controller (OHCI) Driver
Dec 14 09:24:35 zhuqingyang-Rev-1-0 kernel: [    1.748448] uhci_hcd: USB Universal Host Controller Interface driver
Dec 14 09:24:35 zhuqingyang-Rev-1-0 kernel: [    1.748480] usbcore: registered new interface driver libusual
Dec 14 09:24:35 zhuqingyang-Rev-1-0 kernel: [    1.748515] i8042: PNP: PS/2 Controller [PNP0303:PS2K,PNP0f13:PS2M] at 0x60,0x64 irq 1,12
Dec 14 09:24:35 zhuqingyang-Rev-1-0 kernel: [    1.752272] i8042: Detected active multiplexing controller, rev 1.1
Dec 14 09:24:35 zhuqingyang-Rev-1-0 kernel: [    1.753661] serio: i8042 KBD port at 0x60,0x64 irq 1
Dec 14 09:24:35 zhuqingyang-Rev-1-0 kernel: [    1.753665] serio: i8042 AUX0 port at 0x60,0x64 irq 12
Dec 14 09:24:35 zhuqingyang-Rev-1-0 kernel: [    1.753671] serio: i8042 AUX1 port at 0x60,0x64 irq 12
Dec 14 09:24:35 zhuqingyang-Rev-1-0 kernel: [    1.753672] serio: i8042 AUX2 port at 0x60,0x64 irq 12
Dec 14 09:24:35 zhuqingyang-Rev-1-0 kernel: [    1.753674] serio: i8042 AUX3 port at 0x60,0x64 irq 12
Dec 14 09:24:35 zhuqingyang-Rev-1-0 kernel: [    1.753802] mousedev: PS/2 mouse device common for all mice
Dec 14 09:24:35 zhuqingyang-Rev-1-0 kernel: [    1.753954] rtc_cmos 00:06: RTC can wake from S4
Dec 14 09:24:35 zhuqingyang-Rev-1-0 kernel: [    1.754049] rtc_cmos 00:06: rtc core: registered rtc_cmos as rtc0
Dec 14 09:24:35 zhuqingyang-Rev-1-0 kernel: [    1.754076] rtc0: alarms up to one month, y3k, 242 bytes nvram, hpet irqs
Dec 14 09:24:35 zhuqingyang-Rev-1-0 kernel: [    1.754115] device-mapper: uevent: version 1.0.3
Dec 14 09:24:35 zhuqingyang-Rev-1-0 kernel: [    1.754165] device-mapper: ioctl: 4.22.0-ioctl (2011-10-19) initialised: dm-devel@redhat.com
Dec 14 09:24:35 zhuqingyang-Rev-1-0 kernel: [    1.754178] EISA: Probing bus 0 at eisa.0
Dec 14 09:24:35 zhuqingyang-Rev-1-0 kernel: [    1.754180] EISA: Cannot allocate resource for mainboard
Dec 14 09:24:35 zhuqingyang-Rev-1-0 kernel: [    1.754182] Cannot allocate resource for EISA slot 1
Dec 14 09:24:35 zhuqingyang-Rev-1-0 kernel: [    1.754183] Cannot allocate resource for EISA slot 2
Dec 14 09:24:35 zhuqingyang-Rev-1-0 kernel: [    1.754184] Cannot allocate resource for EISA slot 3
Dec 14 09:24:35 zhuqingyang-Rev-1-0 kernel: [    1.754185] Cannot allocate resource for EISA slot 4
Dec 14 09:24:35 zhuqingyang-Rev-1-0 kernel: [    1.754187] Cannot allocate resource for EISA slot 5
Dec 14 09:24:35 zhuqingyang-Rev-1-0 kernel: [    1.754188] Cannot allocate resource for EISA slot 6
Dec 14 09:24:35 zhuqingyang-Rev-1-0 kernel: [    1.754189] Cannot allocate resource for EISA slot 7
Dec 14 09:24:35 zhuqingyang-Rev-1-0 kernel: [    1.754190] Cannot allocate resource for EISA slot 8
Dec 14 09:24:35 zhuqingyang-Rev-1-0 kernel: [    1.754192] EISA: Detected 0 cards.
Dec 14 09:24:35 zhuqingyang-Rev-1-0 kernel: [    1.754198] cpufreq-nforce2: No nForce2 chipset.
Dec 14 09:24:35 zhuqingyang-Rev-1-0 kernel: [    1.754292] cpuidle: using governor ladder
Dec 14 09:24:35 zhuqingyang-Rev-1-0 kernel: [    1.754443] cpuidle: using governor menu
Dec 14 09:24:35 zhuqingyang-Rev-1-0 kernel: [    1.754444] EFI Variables Facility v0.08 2004-May-17
Dec 14 09:24:35 zhuqingyang-Rev-1-0 kernel: [    1.754576] TCP cubic registered
Dec 14 09:24:35 zhuqingyang-Rev-1-0 kernel: [    1.754657] NET: Registered protocol family 10
Dec 14 09:24:35 zhuqingyang-Rev-1-0 kernel: [    1.754957] NET: Registered protocol family 17
Dec 14 09:24:35 zhuqingyang-Rev-1-0 kernel: [    1.754960] Registering the dns_resolver key type
Dec 14 09:24:35 zhuqingyang-Rev-1-0 kernel: [    1.754977] Using IPI No-Shortcut mode
Dec 14 09:24:35 zhuqingyang-Rev-1-0 kernel: [    1.755062] PM: Hibernation image not present or could not be loaded.
Dec 14 09:24:35 zhuqingyang-Rev-1-0 kernel: [    1.755069] registered taskstats version 1
Dec 14 09:24:35 zhuqingyang-Rev-1-0 kernel: [    1.760109]   Magic number: 10:416:424
Dec 14 09:24:35 zhuqingyang-Rev-1-0 kernel: [    1.760192] rtc_cmos 00:06: setting system clock to 2014-12-14 09:24:16 UTC (1418549056)
Dec 14 09:24:35 zhuqingyang-Rev-1-0 kernel: [    1.760788] BIOS EDD facility v0.16 2004-Jun-25, 0 devices found
Dec 14 09:24:35 zhuqingyang-Rev-1-0 kernel: [    1.760790] EDD information not available.
Dec 14 09:24:35 zhuqingyang-Rev-1-0 kernel: [    1.792773] input: AT Translated Set 2 keyboard as /devices/platform/i8042/serio0/input/input4
Dec 14 09:24:35 zhuqingyang-Rev-1-0 kernel: [    1.795224]  sda: sda1 sda2 sda3 < sda5 sda6 >
Dec 14 09:24:35 zhuqingyang-Rev-1-0 kernel: [    1.795695] sd 1:0:0:0: [sda] Attached SCSI disk
Dec 14 09:24:35 zhuqingyang-Rev-1-0 kernel: [    1.955973] Refined TSC clocksource calibration: 2793.653 MHz.
Dec 14 09:24:35 zhuqingyang-Rev-1-0 kernel: [    1.955987] Switching to clocksource tsc
Dec 14 09:24:35 zhuqingyang-Rev-1-0 kernel: [    2.039266] ata3: SATA link down (SStatus 0 SControl 300)
Dec 14 09:24:35 zhuqingyang-Rev-1-0 kernel: [    2.039804] usb 1-1: new high-speed USB device number 2 using ehci_hcd
Dec 14 09:24:35 zhuqingyang-Rev-1-0 kernel: [    2.172403] hub 1-1:1.0: USB hub found
Dec 14 09:24:35 zhuqingyang-Rev-1-0 kernel: [    2.172582] hub 1-1:1.0: 6 ports detected
Dec 14 09:24:35 zhuqingyang-Rev-1-0 kernel: [    2.283440] usb 2-1: new high-speed USB device number 2 using ehci_hcd
Dec 14 09:24:35 zhuqingyang-Rev-1-0 kernel: [    2.416039] hub 2-1:1.0: USB hub found
Dec 14 09:24:35 zhuqingyang-Rev-1-0 kernel: [    2.416217] hub 2-1:1.0: 6 ports detected
Dec 14 09:24:35 zhuqingyang-Rev-1-0 kernel: [    2.487377] usb 1-1.2: new low-speed USB device number 3 using ehci_hcd
Dec 14 09:24:35 zhuqingyang-Rev-1-0 kernel: [    2.655122] usb 1-1.3: new high-speed USB device number 4 using ehci_hcd
Dec 14 09:24:35 zhuqingyang-Rev-1-0 kernel: [    2.734783] ata4: failed to resume link (SControl 0)
Dec 14 09:24:35 zhuqingyang-Rev-1-0 kernel: [    2.746152] ata4: SATA link down (SStatus 4 SControl 0)
Dec 14 09:24:35 zhuqingyang-Rev-1-0 kernel: [    2.746266] Freeing unused kernel memory: 744k freed
Dec 14 09:24:35 zhuqingyang-Rev-1-0 kernel: [    2.746425] Write protecting the kernel text: 5844k
Dec 14 09:24:35 zhuqingyang-Rev-1-0 kernel: [    2.746441] Write protecting the kernel read-only data: 2388k
Dec 14 09:24:35 zhuqingyang-Rev-1-0 kernel: [    2.746444] NX-protecting the kernel data: 4396k
Dec 14 09:24:35 zhuqingyang-Rev-1-0 kernel: [    2.818884] usb 1-1.4: new full-speed USB device number 5 using ehci_hcd
Dec 14 09:24:35 zhuqingyang-Rev-1-0 kernel: [    2.982450] usb 2-1.3: new high-speed USB device number 3 using ehci_hcd
Dec 14 09:24:35 zhuqingyang-Rev-1-0 kernel: [    2.987776] e1000e: Intel(R) PRO/1000 Network Driver - 1.5.1-k
Dec 14 09:24:35 zhuqingyang-Rev-1-0 kernel: [    2.987780] e1000e: Copyright(c) 1999 - 2011 Intel Corporation.
Dec 14 09:24:35 zhuqingyang-Rev-1-0 kernel: [    2.987822] e1000e 0000:00:19.0: PCI INT A -> GSI 20 (level, low) -> IRQ 20
Dec 14 09:24:35 zhuqingyang-Rev-1-0 kernel: [    2.987835] e1000e 0000:00:19.0: setting latency timer to 64
Dec 14 09:24:35 zhuqingyang-Rev-1-0 kernel: [    2.988006] e1000e 0000:00:19.0: irq 40 for MSI/MSI-X
Dec 14 09:24:35 zhuqingyang-Rev-1-0 kernel: [    2.989712] input: Logitech USB Optical Mouse as /devices/pci0000:00/0000:00:1a.0/usb1/1-1/1-1.2/1-1.2:1.0/input/input5
Dec 14 09:24:35 zhuqingyang-Rev-1-0 kernel: [    2.989863] generic-usb 0003:046D:C077.0001: input,hidraw0: USB HID v1.11 Mouse [Logitech USB Optical Mouse] on usb-0000:00:1a.0-1.2/input0
Dec 14 09:24:35 zhuqingyang-Rev-1-0 kernel: [    2.989889] usbcore: registered new interface driver usbhid
Dec 14 09:24:35 zhuqingyang-Rev-1-0 kernel: [    2.989892] usbhid: USB HID core driver
Dec 14 09:24:35 zhuqingyang-Rev-1-0 kernel: [    3.301426] e1000e 0000:00:19.0: eth0: (PCI Express:2.5GT/s:Width x1) 04:7d:7b:48:33:ef
Dec 14 09:24:35 zhuqingyang-Rev-1-0 kernel: [    3.301429] e1000e 0000:00:19.0: eth0: Intel(R) PRO/1000 Network Connection
Dec 14 09:24:35 zhuqingyang-Rev-1-0 kernel: [    3.301481] e1000e 0000:00:19.0: eth0: MAC: 10, PHY: 11, PBA No: FFFFFF-0FF
Dec 14 09:24:35 zhuqingyang-Rev-1-0 kernel: [    3.389886] EXT4-fs (sda5): mounted filesystem with ordered data mode. Opts: (null)
Dec 14 09:24:35 zhuqingyang-Rev-1-0 kernel: [   19.942025] Adding 4028412k swap on /dev/sda6.  Priority:-1 extents:1 across:4028412k 
Dec 14 09:24:35 zhuqingyang-Rev-1-0 kernel: [   19.946060] ADDRCONF(NETDEV_UP): eth0: link is not ready
Dec 14 09:24:35 zhuqingyang-Rev-1-0 kernel: [   20.013468] lp: driver loaded but no devices found
Dec 14 09:24:35 zhuqingyang-Rev-1-0 kernel: [   20.125731] mei: module is from the staging directory, the quality is unknown, you have been warned.
Dec 14 09:24:35 zhuqingyang-Rev-1-0 kernel: [   20.126029] mei 0000:00:16.0: PCI INT A -> GSI 16 (level, low) -> IRQ 16
Dec 14 09:24:35 zhuqingyang-Rev-1-0 kernel: [   20.126036] mei 0000:00:16.0: setting latency timer to 64
Dec 14 09:24:35 zhuqingyang-Rev-1-0 kernel: [   20.126094] mei 0000:00:16.0: irq 41 for MSI/MSI-X
Dec 14 09:24:35 zhuqingyang-Rev-1-0 kernel: [   20.136801] [drm] Initialized drm 1.1.0 20060810
Dec 14 09:24:35 zhuqingyang-Rev-1-0 kernel: [   20.148288] wmi: Mapper loaded
Dec 14 09:24:35 zhuqingyang-Rev-1-0 kernel: [   20.154267] EXT4-fs (sda5): re-mounted. Opts: errors=remount-ro
Dec 14 09:24:35 zhuqingyang-Rev-1-0 kernel: [   20.156192] i915 0000:00:02.0: PCI INT A -> GSI 16 (level, low) -> IRQ 16
Dec 14 09:24:35 zhuqingyang-Rev-1-0 kernel: [   20.156196] i915 0000:00:02.0: setting latency timer to 64
Dec 14 09:24:35 zhuqingyang-Rev-1-0 kernel: [   20.174022] type=1400 audit(1418520274.936:2): apparmor="STATUS" operation="profile_load" name="/sbin/dhclient" pid=540 comm="apparmor_parser"
Dec 14 09:24:35 zhuqingyang-Rev-1-0 kernel: [   20.174397] type=1400 audit(1418520274.936:3): apparmor="STATUS" operation="profile_load" name="/usr/lib/NetworkManager/nm-dhcp-client.action" pid=540 comm="apparmor_parser"
Dec 14 09:24:35 zhuqingyang-Rev-1-0 kernel: [   20.174613] type=1400 audit(1418520274.936:4): apparmor="STATUS" operation="profile_load" name="/usr/lib/connman/scripts/dhclient-script" pid=540 comm="apparmor_parser"
Dec 14 09:24:35 zhuqingyang-Rev-1-0 kernel: [   20.188974] i915 0000:00:02.0: irq 42 for MSI/MSI-X
Dec 14 09:24:35 zhuqingyang-Rev-1-0 kernel: [   20.188979] [drm] Supports vblank timestamp caching Rev 1 (10.10.2010).
Dec 14 09:24:35 zhuqingyang-Rev-1-0 kernel: [   20.188980] [drm] Driver supports precise vblank timestamp query.
Dec 14 09:24:35 zhuqingyang-Rev-1-0 kernel: [   20.189010] vgaarb: device changed decodes: PCI:0000:00:02.0,olddecodes=io+mem,decodes=io+mem:owns=io+mem
Dec 14 09:24:35 zhuqingyang-Rev-1-0 kernel: [   20.189348] cfg80211: Calling CRDA to update world regulatory domain
Dec 14 09:24:35 zhuqingyang-Rev-1-0 kernel: [   20.198565] rts5139: module is from the staging directory, the quality is unknown, you have been warned.
Dec 14 09:24:35 zhuqingyang-Rev-1-0 kernel: [   20.200743] Initializing rts5139 USB card reader driver...
Dec 14 09:24:35 zhuqingyang-Rev-1-0 kernel: [   20.201670] Intel(R) Wireless WiFi Link AGN driver for Linux, in-tree:
Dec 14 09:24:35 zhuqingyang-Rev-1-0 kernel: [   20.201672] Copyright(c) 2003-2011 Intel Corporation
Dec 14 09:24:35 zhuqingyang-Rev-1-0 kernel: [   20.201708] iwlwifi 0000:05:00.0: PCI INT A -> GSI 18 (level, low) -> IRQ 18
Dec 14 09:24:35 zhuqingyang-Rev-1-0 kernel: [   20.201717] iwlwifi 0000:05:00.0: setting latency timer to 64
Dec 14 09:24:35 zhuqingyang-Rev-1-0 kernel: [   20.201737] iwlwifi 0000:05:00.0: pci_resource_len = 0x00002000
Dec 14 09:24:35 zhuqingyang-Rev-1-0 kernel: [   20.201739] iwlwifi 0000:05:00.0: pci_resource_base = f847c000
Dec 14 09:24:35 zhuqingyang-Rev-1-0 kernel: [   20.201741] iwlwifi 0000:05:00.0: HW Revision ID = 0x0
Dec 14 09:24:35 zhuqingyang-Rev-1-0 kernel: [   20.201832] iwlwifi 0000:05:00.0: irq 43 for MSI/MSI-X
Dec 14 09:24:35 zhuqingyang-Rev-1-0 kernel: [   20.201864] iwlwifi 0000:05:00.0: Detected Intel(R) Centrino(R) Wireless-N 1000 BGN, REV=0x6C
Dec 14 09:24:35 zhuqingyang-Rev-1-0 kernel: [   20.201928] iwlwifi 0000:05:00.0: L1 Disabled; Enabling L0S
Dec 14 09:24:35 zhuqingyang-Rev-1-0 kernel: [   20.204053] Linux video capture interface: v2.00
Dec 14 09:24:35 zhuqingyang-Rev-1-0 kernel: [   20.204514] uvcvideo: Found UVC 1.00 device Lenovo EasyCamera (5986:0364)
Dec 14 09:24:35 zhuqingyang-Rev-1-0 kernel: [   20.222279] scsi4 : SCSI emulation for RTS5139 USB card reader
Dec 14 09:24:35 zhuqingyang-Rev-1-0 kernel: [   20.222371] iwlwifi 0000:05:00.0: device EEPROM VER=0x15d, CALIB=0x6
Dec 14 09:24:35 zhuqingyang-Rev-1-0 kernel: [   20.222374] iwlwifi 0000:05:00.0: Device SKU: 0X50
Dec 14 09:24:35 zhuqingyang-Rev-1-0 kernel: [   20.222376] iwlwifi 0000:05:00.0: Valid Tx ant: 0X1, Valid Rx ant: 0X3
Dec 14 09:24:35 zhuqingyang-Rev-1-0 kernel: [   20.222390] iwlwifi 0000:05:00.0: Tunable channels: 13 802.11bg, 0 802.11a channels
Dec 14 09:24:35 zhuqingyang-Rev-1-0 kernel: [   20.222498] scsi 4:0:0:0: Direct-Access     Generic- xD/SD/M.S.       1.00 PQ: 0 ANSI: 0 CCS
Dec 14 09:24:35 zhuqingyang-Rev-1-0 kernel: [   20.223625] sd 4:0:0:0: Attached scsi generic sg1 type 0
Dec 14 09:24:35 zhuqingyang-Rev-1-0 kernel: [   20.223921] usbcore: registered new interface driver rts5139
Dec 14 09:24:35 zhuqingyang-Rev-1-0 kernel: [   20.223923] Realtek rts5139 USB card reader support registered.
Dec 14 09:24:35 zhuqingyang-Rev-1-0 kernel: [   20.225097] input: Lenovo EasyCamera as /devices/pci0000:00/0000:00:1d.0/usb2/2-1/2-1.3/2-1.3:1.0/input/input6
Dec 14 09:24:35 zhuqingyang-Rev-1-0 kernel: [   20.225158] usbcore: registered new interface driver uvcvideo
Dec 14 09:24:35 zhuqingyang-Rev-1-0 kernel: [   20.225160] USB Video Class driver (1.1.1)
Dec 14 09:24:35 zhuqingyang-Rev-1-0 kernel: [   20.226639] sd 4:0:0:0: [sdb] Attached SCSI removable disk
Dec 14 09:24:35 zhuqingyang-Rev-1-0 kernel: [   20.282940] input: Ideapad extra buttons as /devices/platform/ideapad/input/input7
Dec 14 09:24:35 zhuqingyang-Rev-1-0 kernel: [   20.287888] cfg80211: World regulatory domain updated:
Dec 14 09:24:35 zhuqingyang-Rev-1-0 kernel: [   20.287890] cfg80211:     (start_freq - end_freq @ bandwidth), (max_antenna_gain, max_eirp)
Dec 14 09:24:35 zhuqingyang-Rev-1-0 kernel: [   20.287893] cfg80211:     (2402000 KHz - 2472000 KHz @ 40000 KHz), (300 mBi, 2000 mBm)
Dec 14 09:24:35 zhuqingyang-Rev-1-0 kernel: [   20.287895] cfg80211:     (2457000 KHz - 2482000 KHz @ 20000 KHz), (300 mBi, 2000 mBm)
Dec 14 09:24:35 zhuqingyang-Rev-1-0 kernel: [   20.287897] cfg80211:     (2474000 KHz - 2494000 KHz @ 20000 KHz), (300 mBi, 2000 mBm)
Dec 14 09:24:35 zhuqingyang-Rev-1-0 kernel: [   20.287900] cfg80211:     (5170000 KHz - 5250000 KHz @ 40000 KHz), (300 mBi, 2000 mBm)
Dec 14 09:24:35 zhuqingyang-Rev-1-0 kernel: [   20.287902] cfg80211:     (5735000 KHz - 5835000 KHz @ 40000 KHz), (300 mBi, 2000 mBm)
Dec 14 09:24:35 zhuqingyang-Rev-1-0 kernel: [   20.489596] iwlwifi 0000:05:00.0: loaded firmware version 39.31.5.1 build 35138
Dec 14 09:24:35 zhuqingyang-Rev-1-0 kernel: [   20.489690] Registered led device: phy0-led
Dec 14 09:24:35 zhuqingyang-Rev-1-0 kernel: [   20.489716] cfg80211: Ignoring regulatory request Set by core since the driver uses its own custom regulatory domain
Dec 14 09:24:35 zhuqingyang-Rev-1-0 kernel: [   20.491682] ieee80211 phy0: Selected rate control algorithm 'iwl-agn-rs'
Dec 14 09:24:35 zhuqingyang-Rev-1-0 kernel: [   20.795541] fbcon: inteldrmfb (fb0) is primary device
Dec 14 09:24:35 zhuqingyang-Rev-1-0 kernel: [   20.795604] Console: switching to colour frame buffer device 170x48
Dec 14 09:24:35 zhuqingyang-Rev-1-0 kernel: [   20.795626] fb0: inteldrmfb frame buffer device
Dec 14 09:24:35 zhuqingyang-Rev-1-0 kernel: [   20.795627] drm: registered panic notifier
Dec 14 09:24:35 zhuqingyang-Rev-1-0 kernel: [   20.809884] init: failsafe main process (788) killed by TERM signal
Dec 14 09:24:35 zhuqingyang-Rev-1-0 kernel: [   20.816297] acpi device:2f: registered as cooling_device4
Dec 14 09:24:35 zhuqingyang-Rev-1-0 kernel: [   20.816470] input: Video Bus as /devices/LNXSYSTM:00/LNXSYBUS:00/PNP0A08:00/LNXVIDEO:01/input/input8
Dec 14 09:24:35 zhuqingyang-Rev-1-0 kernel: [   20.816516] ACPI: Video Device [GFX0] (multi-head: yes  rom: no  post: no)
Dec 14 09:24:35 zhuqingyang-Rev-1-0 kernel: [   20.817223] [drm] Initialized i915 1.6.0 20080730 for 0000:00:02.0 on minor 0
Dec 14 09:24:35 zhuqingyang-Rev-1-0 kernel: [   20.817263] snd_hda_intel 0000:00:1b.0: PCI INT A -> GSI 22 (level, low) -> IRQ 22
Dec 14 09:24:35 zhuqingyang-Rev-1-0 kernel: [   20.817322] snd_hda_intel 0000:00:1b.0: irq 44 for MSI/MSI-X
Dec 14 09:24:35 zhuqingyang-Rev-1-0 kernel: [   20.817348] snd_hda_intel 0000:00:1b.0: setting latency timer to 64
Dec 14 09:24:35 zhuqingyang-Rev-1-0 kernel: [   20.846928] Bluetooth: Core ver 2.16
Dec 14 09:24:35 zhuqingyang-Rev-1-0 kernel: [   20.846942] NET: Registered protocol family 31
Dec 14 09:24:35 zhuqingyang-Rev-1-0 kernel: [   20.846944] Bluetooth: HCI device and connection manager initialized
Dec 14 09:24:35 zhuqingyang-Rev-1-0 kernel: [   20.846946] Bluetooth: HCI socket layer initialized
Dec 14 09:24:35 zhuqingyang-Rev-1-0 kernel: [   20.846947] Bluetooth: L2CAP socket layer initialized
Dec 14 09:24:35 zhuqingyang-Rev-1-0 kernel: [   20.846951] Bluetooth: SCO socket layer initialized
Dec 14 09:24:35 zhuqingyang-Rev-1-0 kernel: [   20.850632] Bluetooth: RFCOMM TTY layer initialized
Dec 14 09:24:35 zhuqingyang-Rev-1-0 kernel: [   20.850636] Bluetooth: RFCOMM socket layer initialized
Dec 14 09:24:35 zhuqingyang-Rev-1-0 kernel: [   20.850638] Bluetooth: RFCOMM ver 1.11
Dec 14 09:24:35 zhuqingyang-Rev-1-0 kernel: [   20.853038] Bluetooth: BNEP (Ethernet Emulation) ver 1.3
Dec 14 09:24:35 zhuqingyang-Rev-1-0 kernel: [   20.853041] Bluetooth: BNEP filters: protocol multicast
Dec 14 09:24:35 zhuqingyang-Rev-1-0 kernel: [   20.890013] ppdev: user-space parallel port driver
Dec 14 09:24:35 zhuqingyang-Rev-1-0 kernel: [   20.896623] type=1400 audit(1418520275.660:5): apparmor="STATUS" operation="profile_load" name="/usr/lib/cups/backend/cups-pdf" pid=886 comm="apparmor_parser"
Dec 14 09:24:35 zhuqingyang-Rev-1-0 kernel: [   20.896953] type=1400 audit(1418520275.660:6): apparmor="STATUS" operation="profile_load" name="/usr/sbin/cupsd" pid=886 comm="apparmor_parser"
Dec 14 09:24:35 zhuqingyang-Rev-1-0 kernel: [   21.077936] input: PS/2 Generic Mouse as /devices/platform/i8042/serio4/input/input9
Dec 14 09:24:36 zhuqingyang-Rev-1-0 kernel: [   21.269158] e1000e 0000:00:19.0: irq 40 for MSI/MSI-X
Dec 14 09:24:36 zhuqingyang-Rev-1-0 kernel: [   21.323239] e1000e 0000:00:19.0: irq 40 for MSI/MSI-X
Dec 14 09:24:36 zhuqingyang-Rev-1-0 kernel: [   21.323395] ADDRCONF(NETDEV_UP): eth0: link is not ready
Dec 14 09:24:36 zhuqingyang-Rev-1-0 kernel: [   21.323654] ADDRCONF(NETDEV_UP): eth0: link is not ready
Dec 14 09:24:36 zhuqingyang-Rev-1-0 kernel: [   21.325731] ADDRCONF(NETDEV_UP): wlan0: link is not ready
Dec 14 09:24:36 zhuqingyang-Rev-1-0 kernel: [   21.366878] HDMI status: Codec=3 Pin=5 Presence_Detect=0 ELD_Valid=0
Dec 14 09:24:36 zhuqingyang-Rev-1-0 kernel: [   21.366928] input: HDA Intel PCH HDMI/DP,pcm=3 as /devices/pci0000:00/0000:00:1b.0/sound/card0/input10
Dec 14 09:24:36 zhuqingyang-Rev-1-0 kernel: [   21.366995] input: HDA Intel PCH Mic as /devices/pci0000:00/0000:00:1b.0/sound/card0/input11
Dec 14 09:24:36 zhuqingyang-Rev-1-0 kernel: [   21.367099] input: HDA Intel PCH Headphone as /devices/pci0000:00/0000:00:1b.0/sound/card0/input12
Dec 14 09:24:36 zhuqingyang-Rev-1-0 kernel: [   21.555542] type=1400 audit(1418520276.320:7): apparmor="STATUS" operation="profile_replace" name="/sbin/dhclient" pid=934 comm="apparmor_parser"
Dec 14 09:24:36 zhuqingyang-Rev-1-0 kernel: [   21.555587] type=1400 audit(1418520276.320:8): apparmor="STATUS" operation="profile_load" name="/usr/share/gdm/guest-session/Xsession" pid=932 comm="apparmor_parser"
Dec 14 09:24:36 zhuqingyang-Rev-1-0 kernel: [   21.555829] type=1400 audit(1418520276.320:9): apparmor="STATUS" operation="profile_replace" name="/usr/lib/NetworkManager/nm-dhcp-client.action" pid=934 comm="apparmor_parser"
Dec 14 09:24:36 zhuqingyang-Rev-1-0 kernel: [   21.556000] type=1400 audit(1418520276.320:10): apparmor="STATUS" operation="profile_replace" name="/usr/lib/connman/scripts/dhclient-script" pid=934 comm="apparmor_parser"
Dec 14 09:24:36 zhuqingyang-Rev-1-0 kernel: [   21.557759] type=1400 audit(1418520276.320:11): apparmor="STATUS" operation="profile_load" name="/usr/lib/telepathy/mission-control-5" pid=937 comm="apparmor_parser"
Dec 14 09:24:36 zhuqingyang-Rev-1-0 kernel: [   21.658359] init: gdm main process (1005) killed by TERM signal
Dec 14 09:24:36 zhuqingyang-Rev-1-0 kernel: [   21.793039] vboxdrv: Found 4 processor cores.
Dec 14 09:24:36 zhuqingyang-Rev-1-0 kernel: [   21.793145] vboxdrv: fAsync=0 offMin=0x235 offMax=0x1442
Dec 14 09:24:36 zhuqingyang-Rev-1-0 kernel: [   21.793196] vboxdrv: TSC mode is 'synchronous', kernel timer mode is 'normal'.
Dec 14 09:24:36 zhuqingyang-Rev-1-0 kernel: [   21.793198] vboxdrv: Successfully loaded version 4.3.10 (interface 0x001a0007).
Dec 14 09:24:36 zhuqingyang-Rev-1-0 kernel: [   21.998544] vboxpci: IOMMU not found (not registered)
Dec 14 09:24:36 zhuqingyang-Rev-1-0 kernel: [   22.095099] [drm:gen6_sanitize_pm] *ERROR* Power management discrepancy: GEN6_RP_INTERRUPT_LIMITS expected 1a000000, was 12060000
Dec 14 09:24:37 zhuqingyang-Rev-1-0 kernel: [   22.879576] e1000e: eth0 NIC Link is Up 100 Mbps Full Duplex, Flow Control: Rx/Tx
Dec 14 09:24:37 zhuqingyang-Rev-1-0 kernel: [   22.879580] e1000e 0000:00:19.0: eth0: 10/100 speed: disabling TSO
Dec 14 09:24:37 zhuqingyang-Rev-1-0 kernel: [   22.879738] ADDRCONF(NETDEV_CHANGE): eth0: link becomes ready
Dec 14 09:24:37 zhuqingyang-Rev-1-0 kernel: [   22.895161] init: plymouth-stop pre-start process (1303) terminated with status 1
Dec 14 09:24:48 zhuqingyang-Rev-1-0 kernel: [   33.361168] eth0: no IPv6 routers present
Dec 14 09:24:59 zhuqingyang-Rev-1-0 kernel: [   43.996776] [drm:gen6_sanitize_pm] *ERROR* Power management discrepancy: GEN6_RP_INTERRUPT_LIMITS expected 1a0d0000, was 1a000000
Dec 14 09:25:31 zhuqingyang-Rev-1-0 kernel: [   75.970748] [drm:gen6_sanitize_pm] *ERROR* Power management discrepancy: GEN6_RP_INTERRUPT_LIMITS expected 000d0000, was 1a0d0000
Dec 14 09:53:31 zhuqingyang-Rev-1-0 kernel: [ 1753.485078] CPU3: Core temperature above threshold, cpu clock throttled (total events = 1)
Dec 14 09:53:31 zhuqingyang-Rev-1-0 kernel: [ 1753.485082] CPU0: Package temperature above threshold, cpu clock throttled (total events = 1)
Dec 14 09:53:31 zhuqingyang-Rev-1-0 kernel: [ 1753.485085] CPU2: Package temperature above threshold, cpu clock throttled (total events = 1)
Dec 14 09:53:31 zhuqingyang-Rev-1-0 kernel: [ 1753.485088] CPU1: Core temperature above threshold, cpu clock throttled (total events = 1)
Dec 14 09:53:31 zhuqingyang-Rev-1-0 kernel: [ 1753.485091] CPU1: Package temperature above threshold, cpu clock throttled (total events = 1)
Dec 14 09:53:31 zhuqingyang-Rev-1-0 kernel: [ 1753.485094] CPU3: Package temperature above threshold, cpu clock throttled (total events = 1)
Dec 14 09:53:31 zhuqingyang-Rev-1-0 kernel: [ 1753.486097] CPU3: Core temperature/speed normal
Dec 14 09:53:31 zhuqingyang-Rev-1-0 kernel: [ 1753.486100] CPU3: Package temperature/speed normal
Dec 14 09:53:31 zhuqingyang-Rev-1-0 kernel: [ 1753.486101] CPU1: Core temperature/speed normal
Dec 14 09:53:31 zhuqingyang-Rev-1-0 kernel: [ 1753.486103] CPU1: Package temperature/speed normal
Dec 14 09:53:31 zhuqingyang-Rev-1-0 kernel: [ 1753.486124] CPU2: Package temperature/speed normal
Dec 14 09:53:31 zhuqingyang-Rev-1-0 kernel: [ 1753.486126] CPU0: Package temperature/speed normal
Dec 14 09:54:15 zhuqingyang-Rev-1-0 kernel: [ 1797.418263] [Hardware Error]: Machine check events logged
Dec 14 10:29:35 zhuqingyang-Rev-1-0 kernel: [ 3913.698658] PM: Syncing filesystems ... done.
Dec 14 10:29:35 zhuqingyang-Rev-1-0 kernel: [ 3913.809742] PM: Preparing system for mem sleep
Dec 14 13:32:13 zhuqingyang-Rev-1-0 kernel: [ 3914.077657] Freezing user space processes ... (elapsed 0.01 seconds) done.
Dec 14 13:32:13 zhuqingyang-Rev-1-0 kernel: [ 3914.093581] Freezing remaining freezable tasks ... (elapsed 0.01 seconds) done.
Dec 14 13:32:13 zhuqingyang-Rev-1-0 kernel: [ 3914.109550] PM: Entering mem sleep
Dec 14 13:32:13 zhuqingyang-Rev-1-0 kernel: [ 3914.109584] Suspending console(s) (use no_console_suspend to debug)
Dec 14 13:32:13 zhuqingyang-Rev-1-0 kernel: [ 3914.128858] sd 1:0:0:0: [sda] Synchronizing SCSI cache
Dec 14 13:32:13 zhuqingyang-Rev-1-0 kernel: [ 3914.128999] sd 1:0:0:0: [sda] Stopping disk
Dec 14 13:32:13 zhuqingyang-Rev-1-0 kernel: [ 3914.129189] ata_piix 0000:00:1f.5: PCI INT B disabled
Dec 14 13:32:13 zhuqingyang-Rev-1-0 kernel: [ 3914.157394] ehci_hcd 0000:00:1a.0: PCI INT A disabled
Dec 14 13:32:13 zhuqingyang-Rev-1-0 kernel: [ 3914.217225] ehci_hcd 0000:00:1d.0: PCI INT A disabled
Dec 14 13:32:13 zhuqingyang-Rev-1-0 kernel: [ 3914.252503] e1000e 0000:00:19.0: PME# enabled
Dec 14 13:32:13 zhuqingyang-Rev-1-0 kernel: [ 3914.253575] e1000e 0000:00:19.0: wake-up capability enabled by ACPI
Dec 14 13:32:13 zhuqingyang-Rev-1-0 kernel: [ 3914.269188] PM: suspend of drv:e1000e dev:0000:00:19.0 complete after 140.189 msecs
Dec 14 13:32:13 zhuqingyang-Rev-1-0 kernel: [ 3914.489257] snd_hda_intel 0000:00:1b.0: PCI INT A disabled
Dec 14 13:32:13 zhuqingyang-Rev-1-0 kernel: [ 3914.504887] PM: suspend of drv:snd_hda_intel dev:0000:00:1b.0 complete after 376.361 msecs
Dec 14 13:32:13 zhuqingyang-Rev-1-0 kernel: [ 3914.566425] PM: suspend of drv:sd dev:1:0:0:0 complete after 438.216 msecs
Dec 14 13:32:13 zhuqingyang-Rev-1-0 kernel: [ 3914.566509] PM: suspend of drv:scsi dev:target1:0:0 complete after 438.305 msecs
Dec 14 13:32:13 zhuqingyang-Rev-1-0 kernel: [ 3914.566554] PM: suspend of drv:scsi dev:host1 complete after 438.300 msecs
Dec 14 13:32:13 zhuqingyang-Rev-1-0 kernel: [ 3914.566805] ata_piix 0000:00:1f.2: PCI INT B disabled
Dec 14 13:32:13 zhuqingyang-Rev-1-0 kernel: [ 3914.580773] PM: suspend of drv:ata_piix dev:0000:00:1f.2 complete after 452.395 msecs
Dec 14 13:32:13 zhuqingyang-Rev-1-0 kernel: [ 3914.580815] PM: suspend of drv: dev:pci0000:00 complete after 452.210 msecs
Dec 14 13:32:13 zhuqingyang-Rev-1-0 kernel: [ 3914.580853] PM: suspend of devices complete after 471.892 msecs
Dec 14 13:32:13 zhuqingyang-Rev-1-0 kernel: [ 3914.580856] PM: suspend devices took 0.472 seconds
Dec 14 13:32:13 zhuqingyang-Rev-1-0 kernel: [ 3914.596896] ehci_hcd 0000:00:1d.0: PME# enabled
Dec 14 13:32:13 zhuqingyang-Rev-1-0 kernel: [ 3914.596929] ehci_hcd 0000:00:1d.0: wake-up capability enabled by ACPI
Dec 14 13:32:13 zhuqingyang-Rev-1-0 kernel: [ 3914.612810] ehci_hcd 0000:00:1a.0: PME# enabled
Dec 14 13:32:13 zhuqingyang-Rev-1-0 kernel: [ 3914.612841] ehci_hcd 0000:00:1a.0: wake-up capability enabled by ACPI
Dec 14 13:32:13 zhuqingyang-Rev-1-0 kernel: [ 3914.644756] PM: late suspend of devices complete after 63.990 msecs
Dec 14 13:32:13 zhuqingyang-Rev-1-0 kernel: [ 3914.644960] ACPI: Preparing to enter system sleep state S3
Dec 14 13:32:13 zhuqingyang-Rev-1-0 kernel: [ 3914.684680] PM: Saving platform NVS memory
Dec 14 13:32:13 zhuqingyang-Rev-1-0 kernel: [ 3914.685135] Disabling non-boot CPUs ...
Dec 14 13:32:13 zhuqingyang-Rev-1-0 kernel: [ 3914.788457] CPU 1 is now offline
Dec 14 13:32:13 zhuqingyang-Rev-1-0 kernel: [ 3914.892296] CPU 2 is now offline
Dec 14 13:32:13 zhuqingyang-Rev-1-0 kernel: [ 3914.996144] CPU 3 is now offline
Dec 14 13:32:13 zhuqingyang-Rev-1-0 kernel: [ 3914.996459] Extended CMOS year: 2000
Dec 14 13:32:13 zhuqingyang-Rev-1-0 kernel: [ 3914.996738] ACPI: Low-level resume complete
Dec 14 13:32:13 zhuqingyang-Rev-1-0 kernel: [ 3914.996774] PM: Restoring platform NVS memory
Dec 14 13:32:13 zhuqingyang-Rev-1-0 kernel: [ 3914.997134] Extended CMOS year: 2000
Dec 14 13:32:13 zhuqingyang-Rev-1-0 kernel: [ 3914.997154] Enabling non-boot CPUs ...
Dec 14 13:32:13 zhuqingyang-Rev-1-0 kernel: [ 3914.997251] Booting Node 0 Processor 1 APIC 0x2
Dec 14 13:32:13 zhuqingyang-Rev-1-0 kernel: [ 3914.997252] smpboot cpu 1: start_ip = 98000
Dec 14 13:32:13 zhuqingyang-Rev-1-0 kernel: [ 3915.007518] Initializing CPU#1
