Dec 20 11:07:24 zhuqingyang-Rev-1-0 rsyslogd: [origin software="rsyslogd" swVersion="5.8.6" x-pid="877" x-info="http://www.rsyslog.com"] rsyslogd was HUPed
Dec 20 11:07:50 zhuqingyang-Rev-1-0 kernel: [ 1818.136855] ipheth: ipheth_rcvbulk_callback: urb status: -71
Dec 20 11:07:50 zhuqingyang-Rev-1-0 NetworkManager[863]:    SCPlugin-Ifupdown: devices removed (path: /sys/devices/pci0000:00/0000:00:1d.0/usb2/2-1/2-1.2/2-1.2:4.2/net/eth1, iface: eth1)
Dec 20 11:07:50 zhuqingyang-Rev-1-0 NetworkManager[863]: <info> (eth1): now unmanaged
Dec 20 11:07:50 zhuqingyang-Rev-1-0 NetworkManager[863]: <info> (eth1): device state change: unavailable -> unmanaged (reason 'removed') [20 10 36]
Dec 20 11:07:50 zhuqingyang-Rev-1-0 NetworkManager[863]: <info> (eth1): cleaning up...
Dec 20 11:07:50 zhuqingyang-Rev-1-0 NetworkManager[863]: <warn> (10) failed to find interface name for index
Dec 20 11:07:50 zhuqingyang-Rev-1-0 NetworkManager[863]: (nm-system.c:685):nm_system_iface_get_flags: runtime check failed: (iface != NULL)
Dec 20 11:07:50 zhuqingyang-Rev-1-0 NetworkManager[863]: <error> [1419044870.112422] [nm-system.c:687] nm_system_iface_get_flags(): (unknown): failed to get interface link object
Dec 20 11:07:50 zhuqingyang-Rev-1-0 kernel: [ 1818.174687] usb 2-1.2: USB disconnect, device number 5
Dec 20 11:07:50 zhuqingyang-Rev-1-0 kernel: [ 1818.202361] ipheth 2-1.2:4.2: Apple iPhone USB Ethernet now disconnected
Dec 20 11:07:54 zhuqingyang-Rev-1-0 kernel: [ 1823.035357] usb 2-1.1: new high-speed USB device number 6 using ehci_hcd
Dec 20 11:07:55 zhuqingyang-Rev-1-0 mtp-probe: checking bus 2, device 6: "/sys/devices/pci0000:00/0000:00:1d.0/usb2/2-1/2-1.1"
Dec 20 11:07:55 zhuqingyang-Rev-1-0 mtp-probe: bus: 2, device: 6 was not an MTP device
Dec 20 11:07:55 zhuqingyang-Rev-1-0 kernel: [ 1823.147268] ipheth 2-1.1:4.2: Apple iPhone USB Ethernet device attached
Dec 20 11:07:55 zhuqingyang-Rev-1-0 NetworkManager[863]:    SCPlugin-Ifupdown: devices added (path: /sys/devices/pci0000:00/0000:00:1d.0/usb2/2-1/2-1.1/2-1.1:4.2/net/eth1, iface: eth1)
Dec 20 11:07:55 zhuqingyang-Rev-1-0 NetworkManager[863]:    SCPlugin-Ifupdown: device added (path: /sys/devices/pci0000:00/0000:00:1d.0/usb2/2-1/2-1.1/2-1.1:4.2/net/eth1, iface: eth1): no ifupdown configuration found.
Dec 20 11:07:55 zhuqingyang-Rev-1-0 NetworkManager[863]: <warn> failed to allocate link cache: (-10) Operation not supported
Dec 20 11:07:55 zhuqingyang-Rev-1-0 NetworkManager[863]: <info> (eth1): carrier is OFF
Dec 20 11:07:55 zhuqingyang-Rev-1-0 NetworkManager[863]: <error> [1419044875.107293] [nm-device-ethernet.c:456] real_update_permanent_hw_address(): (eth1): unable to read permanent MAC address (error 0)
Dec 20 11:07:55 zhuqingyang-Rev-1-0 NetworkManager[863]: <info> (eth1): new Ethernet device (driver: 'ipheth' ifindex: 11)
Dec 20 11:07:55 zhuqingyang-Rev-1-0 NetworkManager[863]: <info> (eth1): exported as /org/freedesktop/NetworkManager/Devices/4
Dec 20 11:07:55 zhuqingyang-Rev-1-0 NetworkManager[863]: <info> (eth1): now managed
Dec 20 11:07:55 zhuqingyang-Rev-1-0 NetworkManager[863]: <info> (eth1): device state change: unmanaged -> unavailable (reason 'managed') [10 20 2]
Dec 20 11:07:55 zhuqingyang-Rev-1-0 NetworkManager[863]: <info> (eth1): bringing up device.
Dec 20 11:07:55 zhuqingyang-Rev-1-0 NetworkManager[863]: <info> (eth1): preparing device.
Dec 20 11:07:55 zhuqingyang-Rev-1-0 NetworkManager[863]: <info> (eth1): deactivating device (reason 'managed') [2]
Dec 20 11:07:55 zhuqingyang-Rev-1-0 NetworkManager[863]: <info> Added default wired connection 'Wired connection 2' for /sys/devices/pci0000:00/0000:00:1d.0/usb2/2-1/2-1.1/2-1.1:4.2/net/eth1
Dec 20 11:07:55 zhuqingyang-Rev-1-0 kernel: [ 1823.165206] ADDRCONF(NETDEV_UP): eth1: link is not ready
Dec 20 11:07:55 zhuqingyang-Rev-1-0 kernel: [ 1823.165598] ADDRCONF(NETDEV_UP): eth1: link is not ready
Dec 20 11:09:04 zhuqingyang-Rev-1-0 anacron[2859]: Job `cron.daily' terminated
Dec 20 11:09:04 zhuqingyang-Rev-1-0 anacron[2859]: Normal exit (1 job run)
Dec 20 11:09:43 zhuqingyang-Rev-1-0 kernel: [ 1931.414765] ipheth: ipheth_rcvbulk_callback: urb status: -71
Dec 20 11:09:43 zhuqingyang-Rev-1-0 kernel: [ 1931.476795] usb 2-1.1: USB disconnect, device number 6
Dec 20 11:09:43 zhuqingyang-Rev-1-0 NetworkManager[863]:    SCPlugin-Ifupdown: devices removed (path: /sys/devices/pci0000:00/0000:00:1d.0/usb2/2-1/2-1.1/2-1.1:4.2/net/eth1, iface: eth1)
Dec 20 11:09:43 zhuqingyang-Rev-1-0 NetworkManager[863]: <info> (eth1): now unmanaged
Dec 20 11:09:43 zhuqingyang-Rev-1-0 NetworkManager[863]: <info> (eth1): device state change: unavailable -> unmanaged (reason 'removed') [20 10 36]
Dec 20 11:09:43 zhuqingyang-Rev-1-0 NetworkManager[863]: <info> (eth1): cleaning up...
Dec 20 11:09:43 zhuqingyang-Rev-1-0 NetworkManager[863]: <warn> (11) failed to find interface name for index
Dec 20 11:09:43 zhuqingyang-Rev-1-0 NetworkManager[863]: (nm-system.c:685):nm_system_iface_get_flags: runtime check failed: (iface != NULL)
Dec 20 11:09:43 zhuqingyang-Rev-1-0 NetworkManager[863]: <error> [1419044983.587236] [nm-system.c:687] nm_system_iface_get_flags(): (unknown): failed to get interface link object
Dec 20 11:09:43 zhuqingyang-Rev-1-0 kernel: [ 1931.509576] ipheth 2-1.1:4.2: Apple iPhone USB Ethernet now disconnected
Dec 20 11:09:56 zhuqingyang-Rev-1-0 kernel: [ 1944.590377] usb 2-1.1: new high-speed USB device number 7 using ehci_hcd
Dec 20 11:09:56 zhuqingyang-Rev-1-0 mtp-probe: checking bus 2, device 7: "/sys/devices/pci0000:00/0000:00:1d.0/usb2/2-1/2-1.1"
Dec 20 11:09:56 zhuqingyang-Rev-1-0 mtp-probe: bus: 2, device: 7 was not an MTP device
Dec 20 11:09:56 zhuqingyang-Rev-1-0 kernel: [ 1944.840434] ipheth 2-1.1:4.2: Apple iPhone USB Ethernet device attached
Dec 20 11:09:57 zhuqingyang-Rev-1-0 NetworkManager[863]:    SCPlugin-Ifupdown: devices added (path: /sys/devices/pci0000:00/0000:00:1d.0/usb2/2-1/2-1.1/2-1.1:4.2/net/eth1, iface: eth1)
Dec 20 11:09:57 zhuqingyang-Rev-1-0 NetworkManager[863]:    SCPlugin-Ifupdown: device added (path: /sys/devices/pci0000:00/0000:00:1d.0/usb2/2-1/2-1.1/2-1.1:4.2/net/eth1, iface: eth1): no ifupdown configuration found.
Dec 20 11:09:57 zhuqingyang-Rev-1-0 NetworkManager[863]: <warn> failed to allocate link cache: (-10) Operation not supported
Dec 20 11:09:57 zhuqingyang-Rev-1-0 NetworkManager[863]: <info> (eth1): carrier is OFF
Dec 20 11:09:57 zhuqingyang-Rev-1-0 NetworkManager[863]: <error> [1419044997.288560] [nm-device-ethernet.c:456] real_update_permanent_hw_address(): (eth1): unable to read permanent MAC address (error 0)
Dec 20 11:09:57 zhuqingyang-Rev-1-0 NetworkManager[863]: <info> (eth1): new Ethernet device (driver: 'ipheth' ifindex: 12)
Dec 20 11:09:57 zhuqingyang-Rev-1-0 NetworkManager[863]: <info> (eth1): exported as /org/freedesktop/NetworkManager/Devices/5
Dec 20 11:09:57 zhuqingyang-Rev-1-0 NetworkManager[863]: <info> (eth1): now managed
Dec 20 11:09:57 zhuqingyang-Rev-1-0 NetworkManager[863]: <info> (eth1): device state change: unmanaged -> unavailable (reason 'managed') [10 20 2]
Dec 20 11:09:57 zhuqingyang-Rev-1-0 NetworkManager[863]: <info> (eth1): bringing up device.
Dec 20 11:09:57 zhuqingyang-Rev-1-0 NetworkManager[863]: <info> (eth1): preparing device.
Dec 20 11:09:57 zhuqingyang-Rev-1-0 NetworkManager[863]: <info> (eth1): deactivating device (reason 'managed') [2]
Dec 20 11:09:57 zhuqingyang-Rev-1-0 kernel: [ 1945.167288] ADDRCONF(NETDEV_UP): eth1: link is not ready
Dec 20 11:09:57 zhuqingyang-Rev-1-0 kernel: [ 1945.168833] ADDRCONF(NETDEV_UP): eth1: link is not ready
Dec 20 11:09:57 zhuqingyang-Rev-1-0 NetworkManager[863]: <info> Added default wired connection 'Wired connection 2' for /sys/devices/pci0000:00/0000:00:1d.0/usb2/2-1/2-1.1/2-1.1:4.2/net/eth1
Dec 20 11:10:01 zhuqingyang-Rev-1-0 anacron[5241]: Anacron 2.3 started on 2014-12-20
Dec 20 11:10:01 zhuqingyang-Rev-1-0 anacron[5241]: Normal exit (0 jobs run)
Dec 20 11:10:01 zhuqingyang-Rev-1-0 anacron[5368]: Anacron 2.3 started on 2014-12-20
Dec 20 11:10:01 zhuqingyang-Rev-1-0 anacron[5368]: Normal exit (0 jobs run)
Dec 20 11:10:01 zhuqingyang-Rev-1-0 anacron[5495]: Anacron 2.3 started on 2014-12-20
Dec 20 11:10:01 zhuqingyang-Rev-1-0 anacron[5495]: Normal exit (0 jobs run)
Dec 20 11:11:06 zhuqingyang-Rev-1-0 anacron[5631]: Anacron 2.3 started on 2014-12-20
Dec 20 11:11:06 zhuqingyang-Rev-1-0 anacron[5631]: Normal exit (0 jobs run)
Dec 20 11:11:06 zhuqingyang-Rev-1-0 anacron[5758]: Anacron 2.3 started on 2014-12-20
Dec 20 11:11:06 zhuqingyang-Rev-1-0 anacron[5758]: Normal exit (0 jobs run)
Dec 20 11:11:06 zhuqingyang-Rev-1-0 anacron[5885]: Anacron 2.3 started on 2014-12-20
Dec 20 11:11:06 zhuqingyang-Rev-1-0 anacron[5885]: Normal exit (0 jobs run)
Dec 20 11:11:48 zhuqingyang-Rev-1-0 kernel: [ 2055.917105] ipheth: ipheth_rcvbulk_callback: urb status: -71
Dec 20 11:11:48 zhuqingyang-Rev-1-0 kernel: [ 2056.092152] ipheth: ipheth_carrier_set: usb_control_msg: -71
Dec 20 11:11:48 zhuqingyang-Rev-1-0 kernel: [ 2056.097843] usb 2-1.1: USB disconnect, device number 7
Dec 20 11:11:48 zhuqingyang-Rev-1-0 NetworkManager[863]: <info> (eth1): now unmanaged
Dec 20 11:11:48 zhuqingyang-Rev-1-0 NetworkManager[863]: <info> (eth1): device state change: unavailable -> unmanaged (reason 'removed') [20 10 36]
Dec 20 11:11:48 zhuqingyang-Rev-1-0 NetworkManager[863]: <info> (eth1): cleaning up...
Dec 20 11:11:48 zhuqingyang-Rev-1-0 NetworkManager[863]: <warn> (12) failed to find interface name for index
Dec 20 11:11:48 zhuqingyang-Rev-1-0 NetworkManager[863]: (nm-system.c:685):nm_system_iface_get_flags: runtime check failed: (iface != NULL)
Dec 20 11:11:48 zhuqingyang-Rev-1-0 NetworkManager[863]: <error> [1419045108.393697] [nm-system.c:687] nm_system_iface_get_flags(): (unknown): failed to get interface link object
Dec 20 11:11:48 zhuqingyang-Rev-1-0 NetworkManager[863]:    SCPlugin-Ifupdown: devices removed (path: /sys/devices/pci0000:00/0000:00:1d.0/usb2/2-1/2-1.1/2-1.1:4.2/net/eth1, iface: eth1)
Dec 20 11:11:48 zhuqingyang-Rev-1-0 kernel: [ 2056.115975] ipheth 2-1.1:4.2: Apple iPhone USB Ethernet now disconnected
Dec 20 11:11:55 zhuqingyang-Rev-1-0 kernel: [ 2062.886124] usb 2-1.1: new high-speed USB device number 8 using ehci_hcd
Dec 20 11:11:55 zhuqingyang-Rev-1-0 mtp-probe: checking bus 2, device 8: "/sys/devices/pci0000:00/0000:00:1d.0/usb2/2-1/2-1.1"
Dec 20 11:11:55 zhuqingyang-Rev-1-0 mtp-probe: bus: 2, device: 8 was not an MTP device
Dec 20 11:11:55 zhuqingyang-Rev-1-0 kernel: [ 2063.016943] ipheth 2-1.1:4.2: Apple iPhone USB Ethernet device attached
Dec 20 11:11:55 zhuqingyang-Rev-1-0 NetworkManager[863]:    SCPlugin-Ifupdown: devices added (path: /sys/devices/pci0000:00/0000:00:1d.0/usb2/2-1/2-1.1/2-1.1:4.2/net/eth1, iface: eth1)
Dec 20 11:11:55 zhuqingyang-Rev-1-0 NetworkManager[863]:    SCPlugin-Ifupdown: device added (path: /sys/devices/pci0000:00/0000:00:1d.0/usb2/2-1/2-1.1/2-1.1:4.2/net/eth1, iface: eth1): no ifupdown configuration found.
Dec 20 11:11:55 zhuqingyang-Rev-1-0 NetworkManager[863]: <warn> failed to allocate link cache: (-10) Operation not supported
Dec 20 11:11:55 zhuqingyang-Rev-1-0 NetworkManager[863]: <info> (eth1): carrier is OFF
Dec 20 11:11:55 zhuqingyang-Rev-1-0 NetworkManager[863]: <error> [1419045115.352071] [nm-device-ethernet.c:456] real_update_permanent_hw_address(): (eth1): unable to read permanent MAC address (error 0)
Dec 20 11:11:55 zhuqingyang-Rev-1-0 NetworkManager[863]: <info> (eth1): new Ethernet device (driver: 'ipheth' ifindex: 13)
Dec 20 11:11:55 zhuqingyang-Rev-1-0 NetworkManager[863]: <info> (eth1): exported as /org/freedesktop/NetworkManager/Devices/6
Dec 20 11:11:55 zhuqingyang-Rev-1-0 NetworkManager[863]: <info> (eth1): now managed
Dec 20 11:11:55 zhuqingyang-Rev-1-0 NetworkManager[863]: <info> (eth1): device state change: unmanaged -> unavailable (reason 'managed') [10 20 2]
Dec 20 11:11:55 zhuqingyang-Rev-1-0 NetworkManager[863]: <info> (eth1): bringing up device.
Dec 20 11:11:55 zhuqingyang-Rev-1-0 NetworkManager[863]: <info> (eth1): preparing device.
Dec 20 11:11:55 zhuqingyang-Rev-1-0 NetworkManager[863]: <info> (eth1): deactivating device (reason 'managed') [2]
Dec 20 11:11:55 zhuqingyang-Rev-1-0 kernel: [ 2063.052528] ADDRCONF(NETDEV_UP): eth1: link is not ready
Dec 20 11:11:55 zhuqingyang-Rev-1-0 kernel: [ 2063.052911] ADDRCONF(NETDEV_UP): eth1: link is not ready
Dec 20 11:11:55 zhuqingyang-Rev-1-0 NetworkManager[863]: <info> Added default wired connection 'Wired connection 2' for /sys/devices/pci0000:00/0000:00:1d.0/usb2/2-1/2-1.1/2-1.1:4.2/net/eth1
Dec 20 11:12:11 zhuqingyang-Rev-1-0 anacron[6055]: Anacron 2.3 started on 2014-12-20
Dec 20 11:12:11 zhuqingyang-Rev-1-0 anacron[6055]: Normal exit (0 jobs run)
Dec 20 11:12:11 zhuqingyang-Rev-1-0 anacron[6182]: Anacron 2.3 started on 2014-12-20
Dec 20 11:12:11 zhuqingyang-Rev-1-0 anacron[6182]: Normal exit (0 jobs run)
Dec 20 11:12:11 zhuqingyang-Rev-1-0 anacron[6309]: Anacron 2.3 started on 2014-12-20
Dec 20 11:12:11 zhuqingyang-Rev-1-0 anacron[6309]: Normal exit (0 jobs run)
Dec 20 11:13:16 zhuqingyang-Rev-1-0 anacron[6682]: Anacron 2.3 started on 2014-12-20
Dec 20 11:13:16 zhuqingyang-Rev-1-0 anacron[6682]: Normal exit (0 jobs run)
Dec 20 11:13:16 zhuqingyang-Rev-1-0 anacron[6809]: Anacron 2.3 started on 2014-12-20
Dec 20 11:13:16 zhuqingyang-Rev-1-0 anacron[6809]: Normal exit (0 jobs run)
Dec 20 11:13:17 zhuqingyang-Rev-1-0 anacron[6936]: Anacron 2.3 started on 2014-12-20
Dec 20 11:13:17 zhuqingyang-Rev-1-0 anacron[6936]: Normal exit (0 jobs run)
Dec 20 11:13:28 zhuqingyang-Rev-1-0 kernel: [ 2155.949348] Watchdog[3013]: segfault at 0 ip b63c3d2f sp afd6bcd0 error 6 in chrome[b225d000+5537000]
Dec 20 11:13:38 zhuqingyang-Rev-1-0 kernel: [ 2166.419830] Watchdog[7151]: segfault at 0 ip b6335d2f sp afcddcd0 error 6 in chrome[b21cf000+5537000]
Dec 20 11:13:40 zhuqingyang-Rev-1-0 kernel: Kernel logging (proc) stopped.
Dec 20 11:13:40 zhuqingyang-Rev-1-0 rsyslogd: [origin software="rsyslogd" swVersion="5.8.6" x-pid="877" x-info="http://www.rsyslog.com"] exiting on signal 15.
Dec 20 11:14:20 zhuqingyang-Rev-1-0 kernel: imklog 5.8.6, log source = /proc/kmsg started.
Dec 20 11:14:20 zhuqingyang-Rev-1-0 rsyslogd: [origin software="rsyslogd" swVersion="5.8.6" x-pid="883" x-info="http://www.rsyslog.com"] start
Dec 20 11:14:20 zhuqingyang-Rev-1-0 rsyslogd: rsyslogd's groupid changed to 103
Dec 20 11:14:20 zhuqingyang-Rev-1-0 rsyslogd: rsyslogd's userid changed to 101
Dec 20 11:14:20 zhuqingyang-Rev-1-0 rsyslogd-2039: Could not open output pipe '/dev/xconsole' [try http://www.rsyslog.com/e/2039 ]
Dec 20 11:14:20 zhuqingyang-Rev-1-0 kernel: [    0.000000] Initializing cgroup subsys cpuset
Dec 20 11:14:20 zhuqingyang-Rev-1-0 kernel: [    0.000000] Initializing cgroup subsys cpu
Dec 20 11:14:20 zhuqingyang-Rev-1-0 kernel: [    0.000000] Linux version 3.2.0-61-generic-pae (buildd@batsu) (gcc version 4.6.3 (Ubuntu/Linaro 4.6.3-1ubuntu5) ) #92-Ubuntu SMP Tue Apr 1 00:10:04 UTC 2014 (Ubuntu 3.2.0-61.92-generic-pae 3.2.55)
Dec 20 11:14:20 zhuqingyang-Rev-1-0 kernel: [    0.000000] KERNEL supported cpus:
Dec 20 11:14:20 zhuqingyang-Rev-1-0 kernel: [    0.000000]   Intel GenuineIntel
Dec 20 11:14:20 zhuqingyang-Rev-1-0 kernel: [    0.000000]   AMD AuthenticAMD
Dec 20 11:14:20 zhuqingyang-Rev-1-0 kernel: [    0.000000]   NSC Geode by NSC
Dec 20 11:14:20 zhuqingyang-Rev-1-0 kernel: [    0.000000]   Cyrix CyrixInstead
Dec 20 11:14:20 zhuqingyang-Rev-1-0 kernel: [    0.000000]   Centaur CentaurHauls
Dec 20 11:14:20 zhuqingyang-Rev-1-0 kernel: [    0.000000]   Transmeta GenuineTMx86
Dec 20 11:14:20 zhuqingyang-Rev-1-0 kernel: [    0.000000]   Transmeta TransmetaCPU
Dec 20 11:14:20 zhuqingyang-Rev-1-0 kernel: [    0.000000]   UMC UMC UMC UMC
Dec 20 11:14:20 zhuqingyang-Rev-1-0 kernel: [    0.000000] BIOS-provided physical RAM map:
Dec 20 11:14:20 zhuqingyang-Rev-1-0 kernel: [    0.000000]  BIOS-e820: 0000000000000000 - 000000000009c400 (usable)
Dec 20 11:14:20 zhuqingyang-Rev-1-0 kernel: [    0.000000]  BIOS-e820: 000000000009c400 - 00000000000a0000 (reserved)
Dec 20 11:14:20 zhuqingyang-Rev-1-0 kernel: [    0.000000]  BIOS-e820: 00000000000dc000 - 00000000000e0000 (reserved)
Dec 20 11:14:20 zhuqingyang-Rev-1-0 kernel: [    0.000000]  BIOS-e820: 00000000000e4000 - 0000000000100000 (reserved)
Dec 20 11:14:20 zhuqingyang-Rev-1-0 kernel: [    0.000000]  BIOS-e820: 0000000000100000 - 0000000020000000 (usable)
Dec 20 11:14:20 zhuqingyang-Rev-1-0 kernel: [    0.000000]  BIOS-e820: 0000000020000000 - 0000000020200000 (reserved)
Dec 20 11:14:20 zhuqingyang-Rev-1-0 kernel: [    0.000000]  BIOS-e820: 0000000020200000 - 0000000040000000 (usable)
Dec 20 11:14:20 zhuqingyang-Rev-1-0 kernel: [    0.000000]  BIOS-e820: 0000000040000000 - 0000000040200000 (reserved)
Dec 20 11:14:20 zhuqingyang-Rev-1-0 kernel: [    0.000000]  BIOS-e820: 0000000040200000 - 00000000d6a7c000 (usable)
Dec 20 11:14:20 zhuqingyang-Rev-1-0 kernel: [    0.000000]  BIOS-e820: 00000000d6a7c000 - 00000000d6a82000 (reserved)
Dec 20 11:14:20 zhuqingyang-Rev-1-0 kernel: [    0.000000]  BIOS-e820: 00000000d6a82000 - 00000000d6bf2000 (usable)
Dec 20 11:14:20 zhuqingyang-Rev-1-0 kernel: [    0.000000]  BIOS-e820: 00000000d6bf2000 - 00000000d6c0f000 (reserved)
Dec 20 11:14:20 zhuqingyang-Rev-1-0 kernel: [    0.000000]  BIOS-e820: 00000000d6c0f000 - 00000000d6c70000 (usable)
Dec 20 11:14:20 zhuqingyang-Rev-1-0 kernel: [    0.000000]  BIOS-e820: 00000000d6c70000 - 00000000d6cf1000 (ACPI NVS)
Dec 20 11:14:20 zhuqingyang-Rev-1-0 kernel: [    0.000000]  BIOS-e820: 00000000d6cf1000 - 00000000d6f0f000 (reserved)
Dec 20 11:14:20 zhuqingyang-Rev-1-0 kernel: [    0.000000]  BIOS-e820: 00000000d6f0f000 - 00000000d6f18000 (usable)
Dec 20 11:14:20 zhuqingyang-Rev-1-0 kernel: [    0.000000]  BIOS-e820: 00000000d6f18000 - 00000000d6f1f000 (reserved)
Dec 20 11:14:20 zhuqingyang-Rev-1-0 kernel: [    0.000000]  BIOS-e820: 00000000d6f1f000 - 00000000d6f80000 (usable)
Dec 20 11:14:20 zhuqingyang-Rev-1-0 kernel: [    0.000000]  BIOS-e820: 00000000d6f80000 - 00000000d6f9f000 (ACPI NVS)
Dec 20 11:14:20 zhuqingyang-Rev-1-0 kernel: [    0.000000]  BIOS-e820: 00000000d6f9f000 - 00000000d6fe0000 (usable)
Dec 20 11:14:20 zhuqingyang-Rev-1-0 kernel: [    0.000000]  BIOS-e820: 00000000d6fe0000 - 00000000d6fff000 (ACPI data)
Dec 20 11:14:20 zhuqingyang-Rev-1-0 kernel: [    0.000000]  BIOS-e820: 00000000d6fff000 - 00000000d7000000 (usable)
Dec 20 11:14:20 zhuqingyang-Rev-1-0 kernel: [    0.000000]  BIOS-e820: 00000000d7000000 - 00000000e0000000 (reserved)
Dec 20 11:14:20 zhuqingyang-Rev-1-0 kernel: [    0.000000]  BIOS-e820: 00000000f80f8000 - 00000000f80f9000 (reserved)
Dec 20 11:14:20 zhuqingyang-Rev-1-0 kernel: [    0.000000]  BIOS-e820: 00000000fed1c000 - 00000000fed90000 (reserved)
Dec 20 11:14:20 zhuqingyang-Rev-1-0 kernel: [    0.000000]  BIOS-e820: 00000000fee00000 - 00000000fee01000 (reserved)
Dec 20 11:14:20 zhuqingyang-Rev-1-0 kernel: [    0.000000]  BIOS-e820: 00000000ff000000 - 0000000100000000 (reserved)
Dec 20 11:14:20 zhuqingyang-Rev-1-0 kernel: [    0.000000]  BIOS-e820: 0000000100000000 - 000000011f800000 (usable)
Dec 20 11:14:20 zhuqingyang-Rev-1-0 kernel: [    0.000000] NX (Execute Disable) protection: active
Dec 20 11:14:20 zhuqingyang-Rev-1-0 kernel: [    0.000000] SMBIOS 2.6 present.
Dec 20 11:14:20 zhuqingyang-Rev-1-0 kernel: [    0.000000] DMI: LENOVO                           ZHAOYANG K27    /KLx                             , BIOS 46CN21WW   09/07/2011
Dec 20 11:14:20 zhuqingyang-Rev-1-0 kernel: [    0.000000] e820 update range: 0000000000000000 - 0000000000010000 (usable) ==> (reserved)
Dec 20 11:14:20 zhuqingyang-Rev-1-0 kernel: [    0.000000] e820 remove range: 00000000000a0000 - 0000000000100000 (usable)
Dec 20 11:14:20 zhuqingyang-Rev-1-0 kernel: [    0.000000] last_pfn = 0x11f800 max_arch_pfn = 0x1000000
Dec 20 11:14:20 zhuqingyang-Rev-1-0 kernel: [    0.000000] MTRR default type: uncachable
Dec 20 11:14:20 zhuqingyang-Rev-1-0 kernel: [    0.000000] MTRR fixed ranges enabled:
Dec 20 11:14:20 zhuqingyang-Rev-1-0 kernel: [    0.000000]   00000-9FFFF write-back
Dec 20 11:14:20 zhuqingyang-Rev-1-0 kernel: [    0.000000]   A0000-BFFFF uncachable
Dec 20 11:14:20 zhuqingyang-Rev-1-0 kernel: [    0.000000]   C0000-CFFFF write-protect
Dec 20 11:14:20 zhuqingyang-Rev-1-0 kernel: [    0.000000]   D0000-DFFFF uncachable
Dec 20 11:14:20 zhuqingyang-Rev-1-0 kernel: [    0.000000]   E0000-FFFFF write-through
Dec 20 11:14:20 zhuqingyang-Rev-1-0 kernel: [    0.000000] MTRR variable ranges enabled:
Dec 20 11:14:20 zhuqingyang-Rev-1-0 kernel: [    0.000000]   0 disabled
Dec 20 11:14:20 zhuqingyang-Rev-1-0 kernel: [    0.000000]   1 base 000000000 mask F80000000 write-back
Dec 20 11:14:20 zhuqingyang-Rev-1-0 kernel: [    0.000000]   2 base 080000000 mask FC0000000 write-back
Dec 20 11:14:20 zhuqingyang-Rev-1-0 kernel: [    0.000000]   3 base 0C0000000 mask FE0000000 write-back
Dec 20 11:14:20 zhuqingyang-Rev-1-0 kernel: [    0.000000]   4 base 100000000 mask FE0000000 write-back
Dec 20 11:14:20 zhuqingyang-Rev-1-0 kernel: [    0.000000]   5 base 11F800000 mask FFF800000 uncachable
Dec 20 11:14:20 zhuqingyang-Rev-1-0 kernel: [    0.000000]   6 base 0D7800000 mask FFF800000 uncachable
Dec 20 11:14:20 zhuqingyang-Rev-1-0 kernel: [    0.000000]   7 base 0D8000000 mask FF8000000 uncachable
Dec 20 11:14:20 zhuqingyang-Rev-1-0 kernel: [    0.000000]   8 disabled
Dec 20 11:14:20 zhuqingyang-Rev-1-0 kernel: [    0.000000]   9 disabled
Dec 20 11:14:20 zhuqingyang-Rev-1-0 kernel: [    0.000000] x86 PAT enabled: cpu 0, old 0x7040600070406, new 0x7010600070106
Dec 20 11:14:20 zhuqingyang-Rev-1-0 kernel: [    0.000000] original variable MTRRs
Dec 20 11:14:20 zhuqingyang-Rev-1-0 kernel: [    0.000000] reg 1, base: 0GB, range: 2GB, type WB
Dec 20 11:14:20 zhuqingyang-Rev-1-0 kernel: [    0.000000] reg 2, base: 2GB, range: 1GB, type WB
Dec 20 11:14:20 zhuqingyang-Rev-1-0 kernel: [    0.000000] reg 3, base: 3GB, range: 512MB, type WB
Dec 20 11:14:20 zhuqingyang-Rev-1-0 kernel: [    0.000000] reg 4, base: 4GB, range: 512MB, type WB
Dec 20 11:14:20 zhuqingyang-Rev-1-0 kernel: [    0.000000] reg 5, base: 4600MB, range: 8MB, type UC
Dec 20 11:14:20 zhuqingyang-Rev-1-0 kernel: [    0.000000] reg 6, base: 3448MB, range: 8MB, type UC
Dec 20 11:14:20 zhuqingyang-Rev-1-0 kernel: [    0.000000] reg 7, base: 3456MB, range: 128MB, type UC
Dec 20 11:14:20 zhuqingyang-Rev-1-0 kernel: [    0.000000] total RAM covered: 3952M
Dec 20 11:14:20 zhuqingyang-Rev-1-0 kernel: [    0.000000] Found optimal setting for mtrr clean up
Dec 20 11:14:20 zhuqingyang-Rev-1-0 kernel: [    0.000000]  gran_size: 64K 	chunk_size: 16M 	num_reg: 7  	lose cover RAM: 0G
Dec 20 11:14:20 zhuqingyang-Rev-1-0 kernel: [    0.000000] New variable MTRRs
Dec 20 11:14:20 zhuqingyang-Rev-1-0 kernel: [    0.000000] reg 0, base: 0GB, range: 2GB, type WB
Dec 20 11:14:20 zhuqingyang-Rev-1-0 kernel: [    0.000000] reg 1, base: 2GB, range: 1GB, type WB
Dec 20 11:14:20 zhuqingyang-Rev-1-0 kernel: [    0.000000] reg 2, base: 3GB, range: 256MB, type WB
Dec 20 11:14:20 zhuqingyang-Rev-1-0 kernel: [    0.000000] reg 3, base: 3328MB, range: 128MB, type WB
Dec 20 11:14:20 zhuqingyang-Rev-1-0 kernel: [    0.000000] reg 4, base: 3448MB, range: 8MB, type UC
Dec 20 11:14:20 zhuqingyang-Rev-1-0 kernel: [    0.000000] reg 5, base: 4GB, range: 512MB, type WB
Dec 20 11:14:20 zhuqingyang-Rev-1-0 kernel: [    0.000000] reg 6, base: 4600MB, range: 8MB, type UC
Dec 20 11:14:20 zhuqingyang-Rev-1-0 kernel: [    0.000000] e820 update range: 00000000d7800000 - 0000000100000000 (usable) ==> (reserved)
Dec 20 11:14:20 zhuqingyang-Rev-1-0 kernel: [    0.000000] found SMP MP-table at [c00f7020] f7020
Dec 20 11:14:20 zhuqingyang-Rev-1-0 kernel: [    0.000000] initial memory mapped : 0 - 02000000
Dec 20 11:14:20 zhuqingyang-Rev-1-0 kernel: [    0.000000] Base memory trampoline at [c0098000] 98000 size 16384
Dec 20 11:14:20 zhuqingyang-Rev-1-0 kernel: [    0.000000] reserving inaccessible SNB gfx pages
Dec 20 11:14:20 zhuqingyang-Rev-1-0 kernel: [    0.000000] init_memory_mapping: 0000000000000000-0000000037bfe000
Dec 20 11:14:20 zhuqingyang-Rev-1-0 kernel: [    0.000000]  0000000000 - 0000200000 page 4k
Dec 20 11:14:20 zhuqingyang-Rev-1-0 kernel: [    0.000000]  0000200000 - 0037a00000 page 2M
Dec 20 11:14:20 zhuqingyang-Rev-1-0 kernel: [    0.000000]  0037a00000 - 0037bfe000 page 4k
Dec 20 11:14:20 zhuqingyang-Rev-1-0 kernel: [    0.000000] kernel direct mapping tables up to 37bfe000 @ 1ffa000-2000000
Dec 20 11:14:20 zhuqingyang-Rev-1-0 kernel: [    0.000000] RAMDISK: 364d8000 - 37264000
Dec 20 11:14:20 zhuqingyang-Rev-1-0 kernel: [    0.000000] ACPI: RSDP 000f6ee0 00024 (v02 PTLTD )
Dec 20 11:14:20 zhuqingyang-Rev-1-0 kernel: [    0.000000] ACPI: XSDT d6ff2928 00064 (v01 LENOVO CB-01    06040000  LTP 00000000)
Dec 20 11:14:20 zhuqingyang-Rev-1-0 kernel: [    0.000000] ACPI: FACP d6fe2000 000F4 (v03 LENOVO CB-01    06040000 PTEC 00000001)
Dec 20 11:14:20 zhuqingyang-Rev-1-0 kernel: [    0.000000] ACPI: DSDT d6fe3000 0C246 (v02 LENOVO CB-01    06040000 INTL 20060912)
Dec 20 11:14:20 zhuqingyang-Rev-1-0 kernel: [    0.000000] ACPI: FACS d6f9cfc0 00040
Dec 20 11:14:20 zhuqingyang-Rev-1-0 kernel: [    0.000000] ACPI: HPET d6ffed6a 00038 (v01 LENOVO CB-01    06040000 PTEC 00000001)
Dec 20 11:14:20 zhuqingyang-Rev-1-0 kernel: [    0.000000] ACPI: MCFG d6ffeda2 0003C (v01 LENOVO CB-01    06040000 PTEC 00000001)
Dec 20 11:14:20 zhuqingyang-Rev-1-0 kernel: [    0.000000] ACPI: APIC d6ffedde 00084 (v01 LENOVO CB-01    06040000  LTP 00000000)
Dec 20 11:14:20 zhuqingyang-Rev-1-0 kernel: [    0.000000] ACPI: BOOT d6ffee62 00028 (v01 LENOVO CB-01    06040000  LTP 00000001)
Dec 20 11:14:20 zhuqingyang-Rev-1-0 kernel: [    0.000000] ACPI: SLIC d6ffee8a 00176 (v01 LENOVO CB-01    06040000  LTP 00000000)
Dec 20 11:14:20 zhuqingyang-Rev-1-0 kernel: [    0.000000] ACPI: SSDT d6fe1000 00846 (v01  PmRef  Cpu0Ist 00003000 INTL 20060912)
Dec 20 11:14:20 zhuqingyang-Rev-1-0 kernel: [    0.000000] ACPI: SSDT d6fe0000 00996 (v01  PmRef    CpuPm 00003000 INTL 20060912)
Dec 20 11:14:20 zhuqingyang-Rev-1-0 kernel: [    0.000000] ACPI: Local APIC address 0xfee00000
Dec 20 11:14:20 zhuqingyang-Rev-1-0 kernel: [    0.000000] 3708MB HIGHMEM available.
Dec 20 11:14:20 zhuqingyang-Rev-1-0 kernel: [    0.000000] 891MB LOWMEM available.
Dec 20 11:14:20 zhuqingyang-Rev-1-0 kernel: [    0.000000]   mapped low ram: 0 - 37bfe000
Dec 20 11:14:20 zhuqingyang-Rev-1-0 kernel: [    0.000000]   low ram: 0 - 37bfe000
Dec 20 11:14:20 zhuqingyang-Rev-1-0 kernel: [    0.000000] Zone PFN ranges:
Dec 20 11:14:20 zhuqingyang-Rev-1-0 kernel: [    0.000000]   DMA      0x00000010 -> 0x00001000
Dec 20 11:14:20 zhuqingyang-Rev-1-0 kernel: [    0.000000]   Normal   0x00001000 -> 0x00037bfe
Dec 20 11:14:20 zhuqingyang-Rev-1-0 kernel: [    0.000000]   HighMem  0x00037bfe -> 0x0011f800
Dec 20 11:14:20 zhuqingyang-Rev-1-0 kernel: [    0.000000] Movable zone start PFN for each node
Dec 20 11:14:20 zhuqingyang-Rev-1-0 kernel: [    0.000000] early_node_map[11] active PFN ranges
Dec 20 11:14:20 zhuqingyang-Rev-1-0 kernel: [    0.000000]     0: 0x00000010 -> 0x0000009c
Dec 20 11:14:20 zhuqingyang-Rev-1-0 kernel: [    0.000000]     0: 0x00000100 -> 0x00020000
Dec 20 11:14:20 zhuqingyang-Rev-1-0 kernel: [    0.000000]     0: 0x00020200 -> 0x00040000
Dec 20 11:14:20 zhuqingyang-Rev-1-0 kernel: [    0.000000]     0: 0x00040200 -> 0x000d6a7c
Dec 20 11:14:20 zhuqingyang-Rev-1-0 kernel: [    0.000000]     0: 0x000d6a82 -> 0x000d6bf2
Dec 20 11:14:20 zhuqingyang-Rev-1-0 kernel: [    0.000000]     0: 0x000d6c0f -> 0x000d6c70
Dec 20 11:14:20 zhuqingyang-Rev-1-0 kernel: [    0.000000]     0: 0x000d6f0f -> 0x000d6f18
Dec 20 11:14:20 zhuqingyang-Rev-1-0 kernel: [    0.000000]     0: 0x000d6f1f -> 0x000d6f80
Dec 20 11:14:20 zhuqingyang-Rev-1-0 kernel: [    0.000000]     0: 0x000d6f9f -> 0x000d6fe0
Dec 20 11:14:20 zhuqingyang-Rev-1-0 kernel: [    0.000000]     0: 0x000d6fff -> 0x000d7000
Dec 20 11:14:20 zhuqingyang-Rev-1-0 kernel: [    0.000000]     0: 0x00100000 -> 0x0011f800
Dec 20 11:14:20 zhuqingyang-Rev-1-0 kernel: [    0.000000] On node 0 totalpages: 1007749
Dec 20 11:14:20 zhuqingyang-Rev-1-0 kernel: [    0.000000] free_area_init_node: node 0, pgdat c1871a40, node_mem_map f40e8200
Dec 20 11:14:20 zhuqingyang-Rev-1-0 kernel: [    0.000000]   DMA zone: 32 pages used for memmap
Dec 20 11:14:20 zhuqingyang-Rev-1-0 kernel: [    0.000000]   DMA zone: 0 pages reserved
Dec 20 11:14:20 zhuqingyang-Rev-1-0 kernel: [    0.000000]   DMA zone: 3948 pages, LIFO batch:0
Dec 20 11:14:20 zhuqingyang-Rev-1-0 kernel: [    0.000000]   Normal zone: 1752 pages used for memmap
Dec 20 11:14:20 zhuqingyang-Rev-1-0 kernel: [    0.000000]   Normal zone: 221990 pages, LIFO batch:31
Dec 20 11:14:20 zhuqingyang-Rev-1-0 kernel: [    0.000000]   HighMem zone: 7417 pages used for memmap
Dec 20 11:14:20 zhuqingyang-Rev-1-0 kernel: [    0.000000]   HighMem zone: 772610 pages, LIFO batch:31
Dec 20 11:14:20 zhuqingyang-Rev-1-0 kernel: [    0.000000] Using APIC driver default
Dec 20 11:14:20 zhuqingyang-Rev-1-0 kernel: [    0.000000] ACPI: PM-Timer IO Port: 0x408
Dec 20 11:14:20 zhuqingyang-Rev-1-0 kernel: [    0.000000] ACPI: Local APIC address 0xfee00000
Dec 20 11:14:20 zhuqingyang-Rev-1-0 kernel: [    0.000000] ACPI: LAPIC (acpi_id[0x00] lapic_id[0x00] enabled)
Dec 20 11:14:20 zhuqingyang-Rev-1-0 kernel: [    0.000000] ACPI: LAPIC (acpi_id[0x01] lapic_id[0x02] enabled)
Dec 20 11:14:20 zhuqingyang-Rev-1-0 kernel: [    0.000000] ACPI: LAPIC (acpi_id[0x02] lapic_id[0x01] enabled)
Dec 20 11:14:20 zhuqingyang-Rev-1-0 kernel: [    0.000000] ACPI: LAPIC (acpi_id[0x03] lapic_id[0x03] enabled)
Dec 20 11:14:20 zhuqingyang-Rev-1-0 kernel: [    0.000000] ACPI: LAPIC_NMI (acpi_id[0x00] high edge lint[0x1])
Dec 20 11:14:20 zhuqingyang-Rev-1-0 kernel: [    0.000000] ACPI: LAPIC_NMI (acpi_id[0x01] high edge lint[0x1])
Dec 20 11:14:20 zhuqingyang-Rev-1-0 kernel: [    0.000000] ACPI: LAPIC_NMI (acpi_id[0x02] high edge lint[0x1])
Dec 20 11:14:20 zhuqingyang-Rev-1-0 kernel: [    0.000000] ACPI: LAPIC_NMI (acpi_id[0x03] high edge lint[0x1])
Dec 20 11:14:20 zhuqingyang-Rev-1-0 kernel: [    0.000000] ACPI: IOAPIC (id[0x04] address[0xfec00000] gsi_base[0])
Dec 20 11:14:20 zhuqingyang-Rev-1-0 kernel: [    0.000000] IOAPIC[0]: apic_id 4, version 32, address 0xfec00000, GSI 0-23
Dec 20 11:14:20 zhuqingyang-Rev-1-0 kernel: [    0.000000] ACPI: INT_SRC_OVR (bus 0 bus_irq 0 global_irq 2 high edge)
Dec 20 11:14:20 zhuqingyang-Rev-1-0 kernel: [    0.000000] ACPI: INT_SRC_OVR (bus 0 bus_irq 9 global_irq 9 high level)
Dec 20 11:14:20 zhuqingyang-Rev-1-0 kernel: [    0.000000] ACPI: IRQ0 used by override.
Dec 20 11:14:20 zhuqingyang-Rev-1-0 kernel: [    0.000000] ACPI: IRQ2 used by override.
Dec 20 11:14:20 zhuqingyang-Rev-1-0 kernel: [    0.000000] ACPI: IRQ9 used by override.
Dec 20 11:14:20 zhuqingyang-Rev-1-0 kernel: [    0.000000] Using ACPI (MADT) for SMP configuration information
Dec 20 11:14:20 zhuqingyang-Rev-1-0 kernel: [    0.000000] ACPI: HPET id: 0x8086a701 base: 0xfed00000
Dec 20 11:14:20 zhuqingyang-Rev-1-0 kernel: [    0.000000] SMP: Allowing 4 CPUs, 0 hotplug CPUs
Dec 20 11:14:20 zhuqingyang-Rev-1-0 kernel: [    0.000000] nr_irqs_gsi: 40
Dec 20 11:14:20 zhuqingyang-Rev-1-0 kernel: [    0.000000] PM: Registered nosave memory: 000000000009c000 - 000000000009d000
Dec 20 11:14:20 zhuqingyang-Rev-1-0 kernel: [    0.000000] PM: Registered nosave memory: 000000000009d000 - 00000000000a0000
Dec 20 11:14:20 zhuqingyang-Rev-1-0 kernel: [    0.000000] PM: Registered nosave memory: 00000000000a0000 - 00000000000dc000
Dec 20 11:14:20 zhuqingyang-Rev-1-0 kernel: [    0.000000] PM: Registered nosave memory: 00000000000dc000 - 00000000000e0000
Dec 20 11:14:20 zhuqingyang-Rev-1-0 kernel: [    0.000000] PM: Registered nosave memory: 00000000000e0000 - 00000000000e4000
Dec 20 11:14:20 zhuqingyang-Rev-1-0 kernel: [    0.000000] PM: Registered nosave memory: 00000000000e4000 - 0000000000100000
Dec 20 11:14:20 zhuqingyang-Rev-1-0 kernel: [    0.000000] PM: Registered nosave memory: 0000000020000000 - 0000000020200000
Dec 20 11:14:20 zhuqingyang-Rev-1-0 kernel: [    0.000000] Allocating PCI resources starting at e0000000 (gap: e0000000:180f8000)
Dec 20 11:14:20 zhuqingyang-Rev-1-0 kernel: [    0.000000] Booting paravirtualized kernel on bare hardware
Dec 20 11:14:20 zhuqingyang-Rev-1-0 kernel: [    0.000000] setup_percpu: NR_CPUS:8 nr_cpumask_bits:8 nr_cpu_ids:4 nr_node_ids:1
Dec 20 11:14:20 zhuqingyang-Rev-1-0 kernel: [    0.000000] PERCPU: Embedded 14 pages/cpu @f7bb2000 s34240 r0 d23104 u57344
Dec 20 11:14:20 zhuqingyang-Rev-1-0 kernel: [    0.000000] pcpu-alloc: s34240 r0 d23104 u57344 alloc=14*4096
Dec 20 11:14:20 zhuqingyang-Rev-1-0 kernel: [    0.000000] pcpu-alloc: [0] 0 [0] 1 [0] 2 [0] 3 
Dec 20 11:14:20 zhuqingyang-Rev-1-0 kernel: [    0.000000] Built 1 zonelists in Zone order, mobility grouping on.  Total pages: 998548
Dec 20 11:14:20 zhuqingyang-Rev-1-0 kernel: [    0.000000] Kernel command line: BOOT_IMAGE=/boot/vmlinuz-3.2.0-61-generic-pae root=UUID=4e672614-a8b6-4bfc-83a7-e7fb7fd10a74 ro quiet splash vt.handoff=7
Dec 20 11:14:20 zhuqingyang-Rev-1-0 kernel: [    0.000000] PID hash table entries: 4096 (order: 2, 16384 bytes)
Dec 20 11:14:20 zhuqingyang-Rev-1-0 kernel: [    0.000000] Dentry cache hash table entries: 131072 (order: 7, 524288 bytes)
Dec 20 11:14:20 zhuqingyang-Rev-1-0 kernel: [    0.000000] Inode-cache hash table entries: 65536 (order: 6, 262144 bytes)
Dec 20 11:14:20 zhuqingyang-Rev-1-0 kernel: [    0.000000] Initializing CPU#0
Dec 20 11:14:20 zhuqingyang-Rev-1-0 kernel: [    0.000000] xsave/xrstor: enabled xstate_bv 0x7, cntxt size 0x340
Dec 20 11:14:20 zhuqingyang-Rev-1-0 kernel: [    0.000000] allocated 18841344 bytes of page_cgroup
Dec 20 11:14:20 zhuqingyang-Rev-1-0 kernel: [    0.000000] please try 'cgroup_disable=memory' option if you don't want memory cgroups
Dec 20 11:14:20 zhuqingyang-Rev-1-0 kernel: [    0.000000] Initializing HighMem for node 0 (00037bfe:0011f800)
Dec 20 11:14:20 zhuqingyang-Rev-1-0 kernel: [    0.000000] Memory: 3949868k/4710400k available (5842k kernel code, 81128k reserved, 2857k data, 744k init, 3120108k highmem)
Dec 20 11:14:20 zhuqingyang-Rev-1-0 kernel: [    0.000000] virtual kernel memory layout:
Dec 20 11:14:20 zhuqingyang-Rev-1-0 kernel: [    0.000000]     fixmap  : 0xfff16000 - 0xfffff000   ( 932 kB)
Dec 20 11:14:20 zhuqingyang-Rev-1-0 kernel: [    0.000000]     pkmap   : 0xffc00000 - 0xffe00000   (2048 kB)
Dec 20 11:14:20 zhuqingyang-Rev-1-0 kernel: [    0.000000]     vmalloc : 0xf83fe000 - 0xffbfe000   ( 120 MB)
Dec 20 11:14:20 zhuqingyang-Rev-1-0 kernel: [    0.000000]     lowmem  : 0xc0000000 - 0xf7bfe000   ( 891 MB)
Dec 20 11:14:20 zhuqingyang-Rev-1-0 kernel: [    0.000000]       .init : 0xc1880000 - 0xc193a000   ( 744 kB)
Dec 20 11:14:20 zhuqingyang-Rev-1-0 kernel: [    0.000000]       .data : 0xc15b4afc - 0xc187f280   (2857 kB)
Dec 20 11:14:20 zhuqingyang-Rev-1-0 kernel: [    0.000000]       .text : 0xc1000000 - 0xc15b4afc   (5842 kB)
Dec 20 11:14:20 zhuqingyang-Rev-1-0 kernel: [    0.000000] Checking if this processor honours the WP bit even in supervisor mode...Ok.
Dec 20 11:14:20 zhuqingyang-Rev-1-0 kernel: [    0.000000] SLUB: Genslabs=15, HWalign=64, Order=0-3, MinObjects=0, CPUs=4, Nodes=1
Dec 20 11:14:20 zhuqingyang-Rev-1-0 kernel: [    0.000000] Hierarchical RCU implementation.
Dec 20 11:14:20 zhuqingyang-Rev-1-0 kernel: [    0.000000] 	RCU dyntick-idle grace-period acceleration is enabled.
Dec 20 11:14:20 zhuqingyang-Rev-1-0 kernel: [    0.000000] NR_IRQS:2304 nr_irqs:712 16
Dec 20 11:14:20 zhuqingyang-Rev-1-0 kernel: [    0.000000] CPU 0 irqstacks, hard=f740a000 soft=f740c000
Dec 20 11:14:20 zhuqingyang-Rev-1-0 kernel: [    0.000000] Extended CMOS year: 2000
Dec 20 11:14:20 zhuqingyang-Rev-1-0 kernel: [    0.000000] vt handoff: transparent VT on vt#7
Dec 20 11:14:20 zhuqingyang-Rev-1-0 kernel: [    0.000000] Console: colour dummy device 80x25
Dec 20 11:14:20 zhuqingyang-Rev-1-0 kernel: [    0.000000] console [tty0] enabled
Dec 20 11:14:20 zhuqingyang-Rev-1-0 kernel: [    0.000000] hpet clockevent registered
Dec 20 11:14:20 zhuqingyang-Rev-1-0 kernel: [    0.000000] Fast TSC calibration using PIT
Dec 20 11:14:20 zhuqingyang-Rev-1-0 kernel: [    0.004000] Detected 2793.506 MHz processor.
Dec 20 11:14:20 zhuqingyang-Rev-1-0 kernel: [    0.000001] Calibrating delay loop (skipped), value calculated using timer frequency.. 5587.01 BogoMIPS (lpj=11174024)
Dec 20 11:14:20 zhuqingyang-Rev-1-0 kernel: [    0.000004] pid_max: default: 32768 minimum: 301
Dec 20 11:14:20 zhuqingyang-Rev-1-0 kernel: [    0.000020] Security Framework initialized
Dec 20 11:14:20 zhuqingyang-Rev-1-0 kernel: [    0.000030] AppArmor: AppArmor initialized
Dec 20 11:14:20 zhuqingyang-Rev-1-0 kernel: [    0.000031] Yama: becoming mindful.
Dec 20 11:14:20 zhuqingyang-Rev-1-0 kernel: [    0.000066] Mount-cache hash table entries: 512
Dec 20 11:14:20 zhuqingyang-Rev-1-0 kernel: [    0.000147] Initializing cgroup subsys cpuacct
Dec 20 11:14:20 zhuqingyang-Rev-1-0 kernel: [    0.000151] Initializing cgroup subsys memory
Dec 20 11:14:20 zhuqingyang-Rev-1-0 kernel: [    0.000156] Initializing cgroup subsys devices
Dec 20 11:14:20 zhuqingyang-Rev-1-0 kernel: [    0.000158] Initializing cgroup subsys freezer
Dec 20 11:14:20 zhuqingyang-Rev-1-0 kernel: [    0.000159] Initializing cgroup subsys blkio
Dec 20 11:14:20 zhuqingyang-Rev-1-0 kernel: [    0.000163] Initializing cgroup subsys perf_event
Dec 20 11:14:20 zhuqingyang-Rev-1-0 kernel: [    0.000183] CPU: Physical Processor ID: 0
Dec 20 11:14:20 zhuqingyang-Rev-1-0 kernel: [    0.000184] CPU: Processor Core ID: 0
Dec 20 11:14:20 zhuqingyang-Rev-1-0 kernel: [    0.000188] ENERGY_PERF_BIAS: Set to 'normal', was 'performance'
Dec 20 11:14:20 zhuqingyang-Rev-1-0 kernel: [    0.000188] ENERGY_PERF_BIAS: View and update with x86_energy_perf_policy(8)
Dec 20 11:14:20 zhuqingyang-Rev-1-0 kernel: [    0.000191] mce: CPU supports 7 MCE banks
Dec 20 11:14:20 zhuqingyang-Rev-1-0 kernel: [    0.000201] CPU0: Thermal monitoring enabled (TM1)
Dec 20 11:14:20 zhuqingyang-Rev-1-0 kernel: [    0.000207] using mwait in idle threads.
Dec 20 11:14:20 zhuqingyang-Rev-1-0 kernel: [    0.002107] ACPI: Core revision 20110623
Dec 20 11:14:20 zhuqingyang-Rev-1-0 kernel: [    0.020312] ftrace: allocating 26146 entries in 52 pages
Dec 20 11:14:20 zhuqingyang-Rev-1-0 kernel: [    0.028344] Enabling APIC mode:  Flat.  Using 1 I/O APICs
Dec 20 11:14:20 zhuqingyang-Rev-1-0 kernel: [    0.028757] ..TIMER: vector=0x30 apic1=0 pin1=2 apic2=-1 pin2=-1
Dec 20 11:14:20 zhuqingyang-Rev-1-0 kernel: [    0.068379] CPU0: Intel(R) Core(TM) i7-2640M CPU @ 2.80GHz stepping 07
Dec 20 11:14:20 zhuqingyang-Rev-1-0 kernel: [    0.172755] Performance Events: PEBS fmt1+, SandyBridge events, Intel PMU driver.
Dec 20 11:14:20 zhuqingyang-Rev-1-0 kernel: [    0.172760] PEBS disabled due to CPU errata.
Dec 20 11:14:20 zhuqingyang-Rev-1-0 kernel: [    0.172761] ... version:                3
Dec 20 11:14:20 zhuqingyang-Rev-1-0 kernel: [    0.172762] ... bit width:              48
Dec 20 11:14:20 zhuqingyang-Rev-1-0 kernel: [    0.172763] ... generic registers:      4
Dec 20 11:14:20 zhuqingyang-Rev-1-0 kernel: [    0.172765] ... value mask:             0000ffffffffffff
Dec 20 11:14:20 zhuqingyang-Rev-1-0 kernel: [    0.172766] ... max period:             000000007fffffff
Dec 20 11:14:20 zhuqingyang-Rev-1-0 kernel: [    0.172767] ... fixed-purpose events:   3
Dec 20 11:14:20 zhuqingyang-Rev-1-0 kernel: [    0.172768] ... event mask:             000000070000000f
Dec 20 11:14:20 zhuqingyang-Rev-1-0 kernel: [    0.172867] NMI watchdog enabled, takes one hw-pmu counter.
Dec 20 11:14:20 zhuqingyang-Rev-1-0 kernel: [    0.172925] CPU 1 irqstacks, hard=f7512000 soft=f7514000
Dec 20 11:14:20 zhuqingyang-Rev-1-0 kernel: [    0.172926] Booting Node   0, Processors  #1
Dec 20 11:14:20 zhuqingyang-Rev-1-0 kernel: [    0.172928] smpboot cpu 1: start_ip = 98000
Dec 20 11:14:20 zhuqingyang-Rev-1-0 kernel: [    0.183193] Initializing CPU#1
Dec 20 11:14:20 zhuqingyang-Rev-1-0 kernel: [    0.280649] NMI watchdog enabled, takes one hw-pmu counter.
Dec 20 11:14:20 zhuqingyang-Rev-1-0 kernel: [    0.280710] CPU 2 irqstacks, hard=f7520000 soft=f7522000
Dec 20 11:14:20 zhuqingyang-Rev-1-0 kernel: [    0.280711]  #2
Dec 20 11:14:20 zhuqingyang-Rev-1-0 kernel: [    0.280712] smpboot cpu 2: start_ip = 98000
Dec 20 11:14:20 zhuqingyang-Rev-1-0 kernel: [    0.291021] Initializing CPU#2
Dec 20 11:14:20 zhuqingyang-Rev-1-0 kernel: [    0.388526] NMI watchdog enabled, takes one hw-pmu counter.
Dec 20 11:14:20 zhuqingyang-Rev-1-0 kernel: [    0.388596] CPU 3 irqstacks, hard=f7554000 soft=f7556000
Dec 20 11:14:20 zhuqingyang-Rev-1-0 kernel: [    0.388597]  #3 Ok.
Dec 20 11:14:20 zhuqingyang-Rev-1-0 kernel: [    0.388598] smpboot cpu 3: start_ip = 98000
Dec 20 11:14:20 zhuqingyang-Rev-1-0 kernel: [    0.398863] Initializing CPU#3
Dec 20 11:14:20 zhuqingyang-Rev-1-0 kernel: [    0.496316] NMI watchdog enabled, takes one hw-pmu counter.
Dec 20 11:14:20 zhuqingyang-Rev-1-0 kernel: [    0.496339] Brought up 4 CPUs
Dec 20 11:14:20 zhuqingyang-Rev-1-0 kernel: [    0.496341] Total of 4 processors activated (22348.14 BogoMIPS).
Dec 20 11:14:20 zhuqingyang-Rev-1-0 kernel: [    0.500035] devtmpfs: initialized
Dec 20 11:14:20 zhuqingyang-Rev-1-0 kernel: [    0.500125] EVM: security.selinux
Dec 20 11:14:20 zhuqingyang-Rev-1-0 kernel: [    0.500126] EVM: security.SMACK64
Dec 20 11:14:20 zhuqingyang-Rev-1-0 kernel: [    0.500127] EVM: security.capability
Dec 20 11:14:20 zhuqingyang-Rev-1-0 kernel: [    0.500146] PM: Registering ACPI NVS region at d6c70000 (528384 bytes)
Dec 20 11:14:20 zhuqingyang-Rev-1-0 kernel: [    0.500157] PM: Registering ACPI NVS region at d6f80000 (126976 bytes)
Dec 20 11:14:20 zhuqingyang-Rev-1-0 kernel: [    0.500886] print_constraints: dummy: 
Dec 20 11:14:20 zhuqingyang-Rev-1-0 kernel: [    0.500915] RTC time: 11:14:00, date: 12/20/14
Dec 20 11:14:20 zhuqingyang-Rev-1-0 kernel: [    0.500942] NET: Registered protocol family 16
Dec 20 11:14:20 zhuqingyang-Rev-1-0 kernel: [    0.501015] Trying to unpack rootfs image as initramfs...
Dec 20 11:14:20 zhuqingyang-Rev-1-0 kernel: [    0.501021] EISA bus registered
Dec 20 11:14:20 zhuqingyang-Rev-1-0 kernel: [    0.501034] ACPI: bus type pci registered
Dec 20 11:14:20 zhuqingyang-Rev-1-0 kernel: [    0.501088] PCI: MMCONFIG for domain 0000 [bus 00-ff] at [mem 0xf8000000-0x107ffffff] (base 0xf8000000)
Dec 20 11:14:20 zhuqingyang-Rev-1-0 kernel: [    0.501091] PCI: not using MMCONFIG
Dec 20 11:14:20 zhuqingyang-Rev-1-0 kernel: [    0.505975] PCI : PCI BIOS aera is rw and x. Use pci=nobios if you want it NX.
Dec 20 11:14:20 zhuqingyang-Rev-1-0 kernel: [    0.506075] PCI: PCI BIOS revision 3.00 entry at 0xfddb2, last bus=7
Dec 20 11:14:20 zhuqingyang-Rev-1-0 kernel: [    0.506077] PCI: Using configuration type 1 for base access
Dec 20 11:14:20 zhuqingyang-Rev-1-0 kernel: [    0.506846] bio: create slab <bio-0> at 0
Dec 20 11:14:20 zhuqingyang-Rev-1-0 kernel: [    0.506908] ACPI: Added _OSI(Module Device)
Dec 20 11:14:20 zhuqingyang-Rev-1-0 kernel: [    0.506910] ACPI: Added _OSI(Processor Device)
Dec 20 11:14:20 zhuqingyang-Rev-1-0 kernel: [    0.506911] ACPI: Added _OSI(3.0 _SCP Extensions)
Dec 20 11:14:20 zhuqingyang-Rev-1-0 kernel: [    0.506913] ACPI: Added _OSI(Processor Aggregator Device)
Dec 20 11:14:20 zhuqingyang-Rev-1-0 kernel: [    0.508618] ACPI: EC: Look up EC in DSDT
Dec 20 11:14:20 zhuqingyang-Rev-1-0 kernel: [    0.510297] ACPI: Executed 1 blocks of module-level executable AML code
Dec 20 11:14:20 zhuqingyang-Rev-1-0 kernel: [    0.513342] [Firmware Bug]: ACPI: BIOS _OSI(Linux) query ignored
Dec 20 11:14:20 zhuqingyang-Rev-1-0 kernel: [    0.513670] ACPI: SSDT d6f19718 0068F (v01  PmRef  Cpu0Cst 00003001 INTL 20060912)
Dec 20 11:14:20 zhuqingyang-Rev-1-0 kernel: [    0.514107] ACPI: Dynamic OEM Table Load:
Dec 20 11:14:20 zhuqingyang-Rev-1-0 kernel: [    0.514110] ACPI: SSDT   (null) 0068F (v01  PmRef  Cpu0Cst 00003001 INTL 20060912)
Dec 20 11:14:20 zhuqingyang-Rev-1-0 kernel: [    0.544405] ACPI: SSDT d6f1aa98 00303 (v01  PmRef    ApIst 00003000 INTL 20060912)
Dec 20 11:14:20 zhuqingyang-Rev-1-0 kernel: [    0.544864] ACPI: Dynamic OEM Table Load:
Dec 20 11:14:20 zhuqingyang-Rev-1-0 kernel: [    0.544866] ACPI: SSDT   (null) 00303 (v01  PmRef    ApIst 00003000 INTL 20060912)
Dec 20 11:14:20 zhuqingyang-Rev-1-0 kernel: [    0.576232] ACPI: SSDT d6f18d98 00119 (v01  PmRef    ApCst 00003000 INTL 20060912)
Dec 20 11:14:20 zhuqingyang-Rev-1-0 kernel: [    0.576663] ACPI: Dynamic OEM Table Load:
Dec 20 11:14:20 zhuqingyang-Rev-1-0 kernel: [    0.576665] ACPI: SSDT   (null) 00119 (v01  PmRef    ApCst 00003000 INTL 20060912)
Dec 20 11:14:20 zhuqingyang-Rev-1-0 kernel: [    0.721751] Freeing initrd memory: 13872k freed
Dec 20 11:14:20 zhuqingyang-Rev-1-0 kernel: [    0.897057] ACPI: Interpreter enabled
Dec 20 11:14:20 zhuqingyang-Rev-1-0 kernel: [    0.897074] ACPI: (supports S0 S1 S3 S4 S5)
Dec 20 11:14:20 zhuqingyang-Rev-1-0 kernel: [    0.897096] ACPI: Using IOAPIC for interrupt routing
Dec 20 11:14:20 zhuqingyang-Rev-1-0 kernel: [    0.897115] PCI: MMCONFIG for domain 0000 [bus 00-ff] at [mem 0xf8000000-0x107ffffff] (base 0xf8000000)
Dec 20 11:14:20 zhuqingyang-Rev-1-0 kernel: [    0.898094] PCI: MMCONFIG at [mem 0xf8000000-0x107ffffff] reserved in ACPI motherboard resources
Dec 20 11:14:20 zhuqingyang-Rev-1-0 kernel: [    0.898097] PCI: MMCONFIG for 0000 [bus00-3f] at [mem 0xf8000000-0xfbffffff] (base 0xf8000000) (size reduced!)
Dec 20 11:14:20 zhuqingyang-Rev-1-0 kernel: [    0.898099] PCI: Using MMCONFIG for extended config space
Dec 20 11:14:20 zhuqingyang-Rev-1-0 kernel: [    0.905689] ACPI: EC: GPE = 0x17, I/O: command/status = 0x66, data = 0x62
Dec 20 11:14:20 zhuqingyang-Rev-1-0 kernel: [    0.905843] ACPI: No dock devices found.
Dec 20 11:14:20 zhuqingyang-Rev-1-0 kernel: [    0.905844] HEST: Table not found.
Dec 20 11:14:20 zhuqingyang-Rev-1-0 kernel: [    0.905849] PCI: Using host bridge windows from ACPI; if necessary, use "pci=nocrs" and report a bug
Dec 20 11:14:20 zhuqingyang-Rev-1-0 kernel: [    0.906080] \_SB_.PCI0:_OSC invalid UUID
Dec 20 11:14:20 zhuqingyang-Rev-1-0 kernel: [    0.906081] _OSC request data:1 8 0 
Dec 20 11:14:20 zhuqingyang-Rev-1-0 kernel: [    0.906084] ACPI: PCI Root Bridge [PCI0] (domain 0000 [bus 00-3e])
Dec 20 11:14:20 zhuqingyang-Rev-1-0 kernel: [    0.906484] pci_root PNP0A08:00: host bridge window [io  0x0000-0x0cf7]
Dec 20 11:14:20 zhuqingyang-Rev-1-0 kernel: [    0.906486] pci_root PNP0A08:00: host bridge window [io  0x0d00-0xffff]
Dec 20 11:14:20 zhuqingyang-Rev-1-0 kernel: [    0.906488] pci_root PNP0A08:00: host bridge window [mem 0x000a0000-0x000bffff]
Dec 20 11:14:20 zhuqingyang-Rev-1-0 kernel: [    0.906490] pci_root PNP0A08:00: host bridge window [mem 0x000d0000-0x000d3fff]
Dec 20 11:14:20 zhuqingyang-Rev-1-0 kernel: [    0.906492] pci_root PNP0A08:00: host bridge window [mem 0x000d4000-0x000d7fff]
Dec 20 11:14:20 zhuqingyang-Rev-1-0 kernel: [    0.906494] pci_root PNP0A08:00: host bridge window [mem 0x000d8000-0x000dbfff]
Dec 20 11:14:20 zhuqingyang-Rev-1-0 kernel: [    0.906495] pci_root PNP0A08:00: host bridge window [mem 0x000e0000-0x000e3fff]
Dec 20 11:14:20 zhuqingyang-Rev-1-0 kernel: [    0.906497] pci_root PNP0A08:00: host bridge window [mem 0xe0000000-0xfeafffff]
Dec 20 11:14:20 zhuqingyang-Rev-1-0 kernel: [    0.906499] pci_root PNP0A08:00: host bridge window [mem 0xf8628900-0xfeb00000]
Dec 20 11:14:20 zhuqingyang-Rev-1-0 kernel: [    0.906501] pci_root PNP0A08:00: host bridge window [mem 0xf7000000-0xf8000000]
Dec 20 11:14:20 zhuqingyang-Rev-1-0 kernel: [    0.906504] pci_root PNP0A08:00: host bridge window expanded to [mem 0xe0000000-0xfeb00000]; [mem 0xf8628900-0xfeb00000] ignored
Dec 20 11:14:20 zhuqingyang-Rev-1-0 kernel: [    0.906506] pci_root PNP0A08:00: host bridge window expanded to [mem 0xe0000000-0xfeb00000]; [mem 0xf7000000-0xf8000000] ignored
Dec 20 11:14:20 zhuqingyang-Rev-1-0 kernel: [    0.906517] pci 0000:00:00.0: [8086:0104] type 0 class 0x000600
Dec 20 11:14:20 zhuqingyang-Rev-1-0 kernel: [    0.906551] pci 0000:00:02.0: [8086:0126] type 0 class 0x000300
Dec 20 11:14:20 zhuqingyang-Rev-1-0 kernel: [    0.906561] pci 0000:00:02.0: reg 10: [mem 0xf4000000-0xf43fffff 64bit]
Dec 20 11:14:20 zhuqingyang-Rev-1-0 kernel: [    0.906567] pci 0000:00:02.0: reg 18: [mem 0xe0000000-0xefffffff 64bit pref]
Dec 20 11:14:20 zhuqingyang-Rev-1-0 kernel: [    0.906572] pci 0000:00:02.0: reg 20: [io  0x1800-0x183f]
Dec 20 11:14:20 zhuqingyang-Rev-1-0 kernel: [    0.906625] pci 0000:00:16.0: [8086:1c3a] type 0 class 0x000780
Dec 20 11:14:20 zhuqingyang-Rev-1-0 kernel: [    0.906648] pci 0000:00:16.0: reg 10: [mem 0xf4924000-0xf492400f 64bit]
Dec 20 11:14:20 zhuqingyang-Rev-1-0 kernel: [    0.906724] pci 0000:00:16.0: PME# supported from D0 D3hot D3cold
Dec 20 11:14:20 zhuqingyang-Rev-1-0 kernel: [    0.906728] pci 0000:00:16.0: PME# disabled
Dec 20 11:14:20 zhuqingyang-Rev-1-0 kernel: [    0.906759] pci 0000:00:19.0: [8086:1503] type 0 class 0x000200
Dec 20 11:14:20 zhuqingyang-Rev-1-0 kernel: [    0.906777] pci 0000:00:19.0: reg 10: [mem 0xf4900000-0xf491ffff]
Dec 20 11:14:20 zhuqingyang-Rev-1-0 kernel: [    0.906785] pci 0000:00:19.0: reg 14: [mem 0xf4927000-0xf4927fff]
Dec 20 11:14:20 zhuqingyang-Rev-1-0 kernel: [    0.906794] pci 0000:00:19.0: reg 18: [io  0x1860-0x187f]
Dec 20 11:14:20 zhuqingyang-Rev-1-0 kernel: [    0.906858] pci 0000:00:19.0: PME# supported from D0 D3hot D3cold
Dec 20 11:14:20 zhuqingyang-Rev-1-0 kernel: [    0.906861] pci 0000:00:19.0: PME# disabled
Dec 20 11:14:20 zhuqingyang-Rev-1-0 kernel: [    0.906885] pci 0000:00:1a.0: [8086:1c2d] type 0 class 0x000c03
Dec 20 11:14:20 zhuqingyang-Rev-1-0 kernel: [    0.906906] pci 0000:00:1a.0: reg 10: [mem 0xf4928000-0xf49283ff]
Dec 20 11:14:20 zhuqingyang-Rev-1-0 kernel: [    0.906995] pci 0000:00:1a.0: PME# supported from D0 D3hot D3cold
Dec 20 11:14:20 zhuqingyang-Rev-1-0 kernel: [    0.907000] pci 0000:00:1a.0: PME# disabled
Dec 20 11:14:20 zhuqingyang-Rev-1-0 kernel: [    0.907023] pci 0000:00:1b.0: [8086:1c20] type 0 class 0x000403
Dec 20 11:14:20 zhuqingyang-Rev-1-0 kernel: [    0.907038] pci 0000:00:1b.0: reg 10: [mem 0xf4920000-0xf4923fff 64bit]
Dec 20 11:14:20 zhuqingyang-Rev-1-0 kernel: [    0.907107] pci 0000:00:1b.0: PME# supported from D0 D3hot D3cold
Dec 20 11:14:20 zhuqingyang-Rev-1-0 kernel: [    0.907111] pci 0000:00:1b.0: PME# disabled
Dec 20 11:14:20 zhuqingyang-Rev-1-0 kernel: [    0.907133] pci 0000:00:1c.0: [8086:1c10] type 1 class 0x000604
Dec 20 11:14:20 zhuqingyang-Rev-1-0 kernel: [    0.907212] pci 0000:00:1c.0: PME# supported from D0 D3hot D3cold
Dec 20 11:14:20 zhuqingyang-Rev-1-0 kernel: [    0.907216] pci 0000:00:1c.0: PME# disabled
Dec 20 11:14:20 zhuqingyang-Rev-1-0 kernel: [    0.907241] pci 0000:00:1c.2: [8086:1c14] type 1 class 0x000604
Dec 20 11:14:20 zhuqingyang-Rev-1-0 kernel: [    0.907319] pci 0000:00:1c.2: PME# supported from D0 D3hot D3cold
Dec 20 11:14:20 zhuqingyang-Rev-1-0 kernel: [    0.907323] pci 0000:00:1c.2: PME# disabled
Dec 20 11:14:20 zhuqingyang-Rev-1-0 kernel: [    0.907355] pci 0000:00:1d.0: [8086:1c26] type 0 class 0x000c03
Dec 20 11:14:20 zhuqingyang-Rev-1-0 kernel: [    0.907375] pci 0000:00:1d.0: reg 10: [mem 0xf4929000-0xf49293ff]
Dec 20 11:14:20 zhuqingyang-Rev-1-0 kernel: [    0.907465] pci 0000:00:1d.0: PME# supported from D0 D3hot D3cold
Dec 20 11:14:20 zhuqingyang-Rev-1-0 kernel: [    0.907469] pci 0000:00:1d.0: PME# disabled
Dec 20 11:14:20 zhuqingyang-Rev-1-0 kernel: [    0.907492] pci 0000:00:1f.0: [8086:1c49] type 0 class 0x000601
Dec 20 11:14:20 zhuqingyang-Rev-1-0 kernel: [    0.907613] pci 0000:00:1f.2: [8086:1c01] type 0 class 0x000101
Dec 20 11:14:20 zhuqingyang-Rev-1-0 kernel: [    0.907632] pci 0000:00:1f.2: reg 10: [io  0x1898-0x189f]
Dec 20 11:14:20 zhuqingyang-Rev-1-0 kernel: [    0.907640] pci 0000:00:1f.2: reg 14: [io  0x184c-0x184f]
Dec 20 11:14:20 zhuqingyang-Rev-1-0 kernel: [    0.907648] pci 0000:00:1f.2: reg 18: [io  0x1890-0x1897]
Dec 20 11:14:20 zhuqingyang-Rev-1-0 kernel: [    0.907656] pci 0000:00:1f.2: reg 1c: [io  0x1848-0x184b]
Dec 20 11:14:20 zhuqingyang-Rev-1-0 kernel: [    0.907665] pci 0000:00:1f.2: reg 20: [io  0x1880-0x188f]
Dec 20 11:14:20 zhuqingyang-Rev-1-0 kernel: [    0.907673] pci 0000:00:1f.2: reg 24: [io  0x1850-0x185f]
Dec 20 11:14:20 zhuqingyang-Rev-1-0 kernel: [    0.907719] pci 0000:00:1f.3: [8086:1c22] type 0 class 0x000c05
Dec 20 11:14:20 zhuqingyang-Rev-1-0 kernel: [    0.907737] pci 0000:00:1f.3: reg 10: [mem 0xf492a000-0xf492a0ff 64bit]
Dec 20 11:14:20 zhuqingyang-Rev-1-0 kernel: [    0.907758] pci 0000:00:1f.3: reg 20: [io  0x18a0-0x18bf]
Dec 20 11:14:20 zhuqingyang-Rev-1-0 kernel: [    0.907794] pci 0000:00:1f.5: [8086:1c09] type 0 class 0x000101
Dec 20 11:14:20 zhuqingyang-Rev-1-0 kernel: [    0.907809] pci 0000:00:1f.5: reg 10: [io  0x18f0-0x18f7]
Dec 20 11:14:20 zhuqingyang-Rev-1-0 kernel: [    0.907817] pci 0000:00:1f.5: reg 14: [io  0x18e4-0x18e7]
Dec 20 11:14:20 zhuqingyang-Rev-1-0 kernel: [    0.907825] pci 0000:00:1f.5: reg 18: [io  0x18e8-0x18ef]
Dec 20 11:14:20 zhuqingyang-Rev-1-0 kernel: [    0.907833] pci 0000:00:1f.5: reg 1c: [io  0x18e0-0x18e3]
Dec 20 11:14:20 zhuqingyang-Rev-1-0 kernel: [    0.907841] pci 0000:00:1f.5: reg 20: [io  0x18d0-0x18df]
Dec 20 11:14:20 zhuqingyang-Rev-1-0 kernel: [    0.907849] pci 0000:00:1f.5: reg 24: [io  0x18c0-0x18cf]
Dec 20 11:14:20 zhuqingyang-Rev-1-0 kernel: [    0.907934] pci 0000:00:1c.0: PCI bridge to [bus 03-04]
Dec 20 11:14:20 zhuqingyang-Rev-1-0 kernel: [    0.907938] pci 0000:00:1c.0:   bridge window [io  0x2000-0x2fff]
Dec 20 11:14:20 zhuqingyang-Rev-1-0 kernel: [    0.907943] pci 0000:00:1c.0:   bridge window [mem 0xf4400000-0xf45fffff]
Dec 20 11:14:20 zhuqingyang-Rev-1-0 kernel: [    0.907949] pci 0000:00:1c.0:   bridge window [mem 0xf0000000-0xf3ffffff 64bit pref]
Dec 20 11:14:20 zhuqingyang-Rev-1-0 kernel: [    0.908030] pci 0000:05:00.0: [8086:0084] type 0 class 0x000280
Dec 20 11:14:20 zhuqingyang-Rev-1-0 kernel: [    0.908075] pci 0000:05:00.0: reg 10: [mem 0xf4600000-0xf4601fff 64bit]
Dec 20 11:14:20 zhuqingyang-Rev-1-0 kernel: [    0.908292] pci 0000:05:00.0: PME# supported from D0 D3hot D3cold
Dec 20 11:14:20 zhuqingyang-Rev-1-0 kernel: [    0.908300] pci 0000:05:00.0: PME# disabled
Dec 20 11:14:20 zhuqingyang-Rev-1-0 kernel: [    0.915653] pci 0000:00:1c.2: PCI bridge to [bus 05-05]
Dec 20 11:14:20 zhuqingyang-Rev-1-0 kernel: [    0.915668] pci 0000:00:1c.2:   bridge window [mem 0xf4600000-0xf46fffff]
Dec 20 11:14:20 zhuqingyang-Rev-1-0 kernel: [    0.915708] pci_bus 0000:00: on NUMA node 0
Dec 20 11:14:20 zhuqingyang-Rev-1-0 kernel: [    0.915719] ACPI: PCI Interrupt Routing Table [\_SB_.PCI0._PRT]
Dec 20 11:14:20 zhuqingyang-Rev-1-0 kernel: [    0.915909] ACPI: PCI Interrupt Routing Table [\_SB_.PCI0.RP01._PRT]
Dec 20 11:14:20 zhuqingyang-Rev-1-0 kernel: [    0.915945] ACPI: PCI Interrupt Routing Table [\_SB_.PCI0.RP03._PRT]
Dec 20 11:14:20 zhuqingyang-Rev-1-0 kernel: [    0.916026] \_SB_.PCI0:_OSC invalid UUID
Dec 20 11:14:20 zhuqingyang-Rev-1-0 kernel: [    0.916027] _OSC request data:1 1f 0 
Dec 20 11:14:20 zhuqingyang-Rev-1-0 kernel: [    0.916031]  pci0000:00: Requesting ACPI _OSC control (0x1d)
Dec 20 11:14:20 zhuqingyang-Rev-1-0 kernel: [    0.916056] \_SB_.PCI0:_OSC invalid UUID
Dec 20 11:14:20 zhuqingyang-Rev-1-0 kernel: [    0.916057] _OSC request data:1 0 1d 
Dec 20 11:14:20 zhuqingyang-Rev-1-0 kernel: [    0.916060]  pci0000:00: ACPI _OSC request failed (AE_ERROR), returned control mask: 0x1d
Dec 20 11:14:20 zhuqingyang-Rev-1-0 kernel: [    0.916062] ACPI _OSC control for PCIe not granted, disabling ASPM
Dec 20 11:14:20 zhuqingyang-Rev-1-0 kernel: [    0.918432] ACPI: PCI Interrupt Link [LNKA] (IRQs 1 3 4 5 6 7 10 *11 12 14 15)
Dec 20 11:14:20 zhuqingyang-Rev-1-0 kernel: [    0.918473] ACPI: PCI Interrupt Link [LNKB] (IRQs 1 3 4 5 6 7 10 *11 12 14 15)
Dec 20 11:14:20 zhuqingyang-Rev-1-0 kernel: [    0.918511] ACPI: PCI Interrupt Link [LNKC] (IRQs 1 3 4 *5 6 7 10 11 12 14 15)
Dec 20 11:14:20 zhuqingyang-Rev-1-0 kernel: [    0.918550] ACPI: PCI Interrupt Link [LNKD] (IRQs 1 3 4 5 6 7 *10 11 12 14 15)
Dec 20 11:14:20 zhuqingyang-Rev-1-0 kernel: [    0.918588] ACPI: PCI Interrupt Link [LNKE] (IRQs 1 3 4 5 6 *7 10 11 12 14 15)
Dec 20 11:14:20 zhuqingyang-Rev-1-0 kernel: [    0.918626] ACPI: PCI Interrupt Link [LNKF] (IRQs 1 3 4 5 6 7 10 11 12 14 15) *0, disabled.
Dec 20 11:14:20 zhuqingyang-Rev-1-0 kernel: [    0.918665] ACPI: PCI Interrupt Link [LNKG] (IRQs 1 3 4 5 6 7 *10 11 12 14 15)
Dec 20 11:14:20 zhuqingyang-Rev-1-0 kernel: [    0.918704] ACPI: PCI Interrupt Link [LNKH] (IRQs 1 3 4 5 6 7 *10 11 12 14 15)
Dec 20 11:14:20 zhuqingyang-Rev-1-0 kernel: [    0.918792] vgaarb: device added: PCI:0000:00:02.0,decodes=io+mem,owns=io+mem,locks=none
Dec 20 11:14:20 zhuqingyang-Rev-1-0 kernel: [    0.918798] vgaarb: loaded
Dec 20 11:14:20 zhuqingyang-Rev-1-0 kernel: [    0.918799] vgaarb: bridge control possible 0000:00:02.0
Dec 20 11:14:20 zhuqingyang-Rev-1-0 kernel: [    0.918876] i2c-core: driver [aat2870] using legacy suspend method
Dec 20 11:14:20 zhuqingyang-Rev-1-0 kernel: [    0.918877] i2c-core: driver [aat2870] using legacy resume method
Dec 20 11:14:20 zhuqingyang-Rev-1-0 kernel: [    0.918926] SCSI subsystem initialized
Dec 20 11:14:20 zhuqingyang-Rev-1-0 kernel: [    0.918963] libata version 3.00 loaded.
Dec 20 11:14:20 zhuqingyang-Rev-1-0 kernel: [    0.918994] usbcore: registered new interface driver usbfs
Dec 20 11:14:20 zhuqingyang-Rev-1-0 kernel: [    0.919002] usbcore: registered new interface driver hub
Dec 20 11:14:20 zhuqingyang-Rev-1-0 kernel: [    0.919018] usbcore: registered new device driver usb
Dec 20 11:14:20 zhuqingyang-Rev-1-0 kernel: [    0.919078] PCI: Using ACPI for IRQ routing
Dec 20 11:14:20 zhuqingyang-Rev-1-0 kernel: [    0.919211] PCI: pci_cache_line_size set to 64 bytes
Dec 20 11:14:20 zhuqingyang-Rev-1-0 kernel: [    0.919275] reserve RAM buffer: 000000000009c400 - 000000000009ffff 
Dec 20 11:14:20 zhuqingyang-Rev-1-0 kernel: [    0.919277] reserve RAM buffer: 00000000d6a7c000 - 00000000d7ffffff 
Dec 20 11:14:20 zhuqingyang-Rev-1-0 kernel: [    0.919280] reserve RAM buffer: 00000000d6bf2000 - 00000000d7ffffff 
Dec 20 11:14:20 zhuqingyang-Rev-1-0 kernel: [    0.919282] reserve RAM buffer: 00000000d6c70000 - 00000000d7ffffff 
Dec 20 11:14:20 zhuqingyang-Rev-1-0 kernel: [    0.919284] reserve RAM buffer: 00000000d6f18000 - 00000000d7ffffff 
Dec 20 11:14:20 zhuqingyang-Rev-1-0 kernel: [    0.919286] reserve RAM buffer: 00000000d6f80000 - 00000000d7ffffff 
Dec 20 11:14:20 zhuqingyang-Rev-1-0 kernel: [    0.919288] reserve RAM buffer: 00000000d6fe0000 - 00000000d7ffffff 
Dec 20 11:14:20 zhuqingyang-Rev-1-0 kernel: [    0.919290] reserve RAM buffer: 00000000d7000000 - 00000000d7ffffff 
Dec 20 11:14:20 zhuqingyang-Rev-1-0 kernel: [    0.919291] reserve RAM buffer: 000000011f800000 - 000000011fffffff 
Dec 20 11:14:20 zhuqingyang-Rev-1-0 kernel: [    0.919361] NetLabel: Initializing
Dec 20 11:14:20 zhuqingyang-Rev-1-0 kernel: [    0.919362] NetLabel:  domain hash size = 128
Dec 20 11:14:20 zhuqingyang-Rev-1-0 kernel: [    0.919363] NetLabel:  protocols = UNLABELED CIPSOv4
Dec 20 11:14:20 zhuqingyang-Rev-1-0 kernel: [    0.919371] NetLabel:  unlabeled traffic allowed by default
Dec 20 11:14:20 zhuqingyang-Rev-1-0 kernel: [    0.919414] hpet0: at MMIO 0xfed00000, IRQs 2, 8, 0, 0, 0, 0, 0, 0
Dec 20 11:14:20 zhuqingyang-Rev-1-0 kernel: [    0.919419] hpet0: 8 comparators, 64-bit 14.318180 MHz counter
Dec 20 11:14:20 zhuqingyang-Rev-1-0 kernel: [    0.921432] Switching to clocksource hpet
Dec 20 11:14:20 zhuqingyang-Rev-1-0 kernel: [    0.926717] AppArmor: AppArmor Filesystem Enabled
Dec 20 11:14:20 zhuqingyang-Rev-1-0 kernel: [    0.926732] pnp: PnP ACPI init
Dec 20 11:14:20 zhuqingyang-Rev-1-0 kernel: [    0.926744] ACPI: bus type pnp registered
Dec 20 11:14:20 zhuqingyang-Rev-1-0 kernel: [    0.926971] pnp 00:00: [bus 00-3e]
Dec 20 11:14:20 zhuqingyang-Rev-1-0 kernel: [    0.926973] pnp 00:00: [io  0x0000-0x0cf7 window]
Dec 20 11:14:20 zhuqingyang-Rev-1-0 kernel: [    0.926975] pnp 00:00: [io  0x0cf8-0x0cff]
Dec 20 11:14:20 zhuqingyang-Rev-1-0 kernel: [    0.926977] pnp 00:00: [io  0x0d00-0xffff window]
Dec 20 11:14:20 zhuqingyang-Rev-1-0 kernel: [    0.926978] pnp 00:00: [mem 0x000a0000-0x000bffff window]
Dec 20 11:14:20 zhuqingyang-Rev-1-0 kernel: [    0.926980] pnp 00:00: [mem 0x000c0000-0x000c3fff window]
Dec 20 11:14:20 zhuqingyang-Rev-1-0 kernel: [    0.926982] pnp 00:00: [mem 0x000c4000-0x000c7fff window]
Dec 20 11:14:20 zhuqingyang-Rev-1-0 kernel: [    0.926983] pnp 00:00: [mem 0x000c8000-0x000cbfff window]
Dec 20 11:14:20 zhuqingyang-Rev-1-0 kernel: [    0.926985] pnp 00:00: [mem 0x000cc000-0x000cffff window]
Dec 20 11:14:20 zhuqingyang-Rev-1-0 kernel: [    0.926986] pnp 00:00: [mem 0x000d0000-0x000d3fff window]
Dec 20 11:14:20 zhuqingyang-Rev-1-0 kernel: [    0.926988] pnp 00:00: [mem 0x000d4000-0x000d7fff window]
Dec 20 11:14:20 zhuqingyang-Rev-1-0 kernel: [    0.926990] pnp 00:00: [mem 0x000d8000-0x000dbfff window]
Dec 20 11:14:20 zhuqingyang-Rev-1-0 kernel: [    0.926992] pnp 00:00: [mem 0x000dc000-0x000dffff window]
Dec 20 11:14:20 zhuqingyang-Rev-1-0 kernel: [    0.926993] pnp 00:00: [mem 0x000e0000-0x000e3fff window]
Dec 20 11:14:20 zhuqingyang-Rev-1-0 kernel: [    0.926995] pnp 00:00: [mem 0x000e4000-0x000e7fff window]
Dec 20 11:14:20 zhuqingyang-Rev-1-0 kernel: [    0.926997] pnp 00:00: [mem 0x000e8000-0x000ebfff window]
Dec 20 11:14:20 zhuqingyang-Rev-1-0 kernel: [    0.926998] pnp 00:00: [mem 0x000ec000-0x000effff window]
Dec 20 11:14:20 zhuqingyang-Rev-1-0 kernel: [    0.927000] pnp 00:00: [mem 0x000f0000-0x000fffff window]
Dec 20 11:14:20 zhuqingyang-Rev-1-0 kernel: [    0.927001] pnp 00:00: [mem 0xe0000000-0xfeafffff window]
Dec 20 11:14:20 zhuqingyang-Rev-1-0 kernel: [    0.927003] pnp 00:00: [mem 0xfed40000-0xfed44fff window]
Dec 20 11:14:20 zhuqingyang-Rev-1-0 kernel: [    0.927005] pnp 00:00: [mem 0xf8628900-0xfeb00000 window]
Dec 20 11:14:20 zhuqingyang-Rev-1-0 kernel: [    0.927006] pnp 00:00: [mem 0xf7000000-0xf8000000 window]
Dec 20 11:14:20 zhuqingyang-Rev-1-0 kernel: [    0.927050] pnp 00:00: Plug and Play ACPI device, IDs PNP0a08 PNP0a03 (active)
Dec 20 11:14:20 zhuqingyang-Rev-1-0 kernel: [    0.927074] pnp 00:01: [io  0x0000-0x001f]
Dec 20 11:14:20 zhuqingyang-Rev-1-0 kernel: [    0.927075] pnp 00:01: [io  0x0081-0x0091]
Dec 20 11:14:20 zhuqingyang-Rev-1-0 kernel: [    0.927077] pnp 00:01: [io  0x0093-0x009f]
Dec 20 11:14:20 zhuqingyang-Rev-1-0 kernel: [    0.927078] pnp 00:01: [io  0x00c0-0x00df]
Dec 20 11:14:20 zhuqingyang-Rev-1-0 kernel: [    0.927080] pnp 00:01: [dma 4]
Dec 20 11:14:20 zhuqingyang-Rev-1-0 kernel: [    0.927098] pnp 00:01: Plug and Play ACPI device, IDs PNP0200 (active)
Dec 20 11:14:20 zhuqingyang-Rev-1-0 kernel: [    0.927104] pnp 00:02: [mem 0xff000000-0xffffffff]
Dec 20 11:14:20 zhuqingyang-Rev-1-0 kernel: [    0.927123] pnp 00:02: Plug and Play ACPI device, IDs INT0800 (active)
Dec 20 11:14:20 zhuqingyang-Rev-1-0 kernel: [    0.927179] pnp 00:03: [mem 0xfed00000-0xfed003ff]
Dec 20 11:14:20 zhuqingyang-Rev-1-0 kernel: [    0.927197] pnp 00:03: Plug and Play ACPI device, IDs PNP0103 (active)
Dec 20 11:14:20 zhuqingyang-Rev-1-0 kernel: [    0.927204] pnp 00:04: [io  0x00f0]
Dec 20 11:14:20 zhuqingyang-Rev-1-0 kernel: [    0.927213] pnp 00:04: [irq 13]
Dec 20 11:14:20 zhuqingyang-Rev-1-0 kernel: [    0.927231] pnp 00:04: Plug and Play ACPI device, IDs PNP0c04 (active)
Dec 20 11:14:20 zhuqingyang-Rev-1-0 kernel: [    0.927239] pnp 00:05: [io  0x002e-0x002f]
Dec 20 11:14:20 zhuqingyang-Rev-1-0 kernel: [    0.927240] pnp 00:05: [io  0x004e-0x004f]
Dec 20 11:14:20 zhuqingyang-Rev-1-0 kernel: [    0.927241] pnp 00:05: [io  0x0061]
Dec 20 11:14:20 zhuqingyang-Rev-1-0 kernel: [    0.927243] pnp 00:05: [io  0x0063]
Dec 20 11:14:20 zhuqingyang-Rev-1-0 kernel: [    0.927244] pnp 00:05: [io  0x0065]
Dec 20 11:14:20 zhuqingyang-Rev-1-0 kernel: [    0.927245] pnp 00:05: [io  0x0067]
Dec 20 11:14:20 zhuqingyang-Rev-1-0 kernel: [    0.927246] pnp 00:05: [io  0x0070]
Dec 20 11:14:20 zhuqingyang-Rev-1-0 kernel: [    0.927247] pnp 00:05: [io  0x0080]
Dec 20 11:14:20 zhuqingyang-Rev-1-0 kernel: [    0.927249] pnp 00:05: [io  0x0092]
Dec 20 11:14:20 zhuqingyang-Rev-1-0 kernel: [    0.927250] pnp 00:05: [io  0x00b2-0x00b3]
Dec 20 11:14:20 zhuqingyang-Rev-1-0 kernel: [    0.927251] pnp 00:05: [io  0x0680-0x069f]
Dec 20 11:14:20 zhuqingyang-Rev-1-0 kernel: [    0.927253] pnp 00:05: [io  0x0800-0x080f]
Dec 20 11:14:20 zhuqingyang-Rev-1-0 kernel: [    0.927254] pnp 00:05: [io  0xffff]
Dec 20 11:14:20 zhuqingyang-Rev-1-0 kernel: [    0.927255] pnp 00:05: [io  0xffff]
Dec 20 11:14:20 zhuqingyang-Rev-1-0 kernel: [    0.927257] pnp 00:05: [io  0x0400-0x0453]
Dec 20 11:14:20 zhuqingyang-Rev-1-0 kernel: [    0.927258] pnp 00:05: [io  0x0458-0x047f]
Dec 20 11:14:20 zhuqingyang-Rev-1-0 kernel: [    0.927259] pnp 00:05: [io  0x0500-0x057f]
Dec 20 11:14:20 zhuqingyang-Rev-1-0 kernel: [    0.927261] pnp 00:05: [io  0x164e-0x164f]
Dec 20 11:14:20 zhuqingyang-Rev-1-0 kernel: [    0.927297] system 00:05: [io  0x0680-0x069f] has been reserved
Dec 20 11:14:20 zhuqingyang-Rev-1-0 kernel: [    0.927299] system 00:05: [io  0x0800-0x080f] has been reserved
Dec 20 11:14:20 zhuqingyang-Rev-1-0 kernel: [    0.927301] system 00:05: [io  0xffff] has been reserved
Dec 20 11:14:20 zhuqingyang-Rev-1-0 kernel: [    0.927303] system 00:05: [io  0xffff] has been reserved
Dec 20 11:14:20 zhuqingyang-Rev-1-0 kernel: [    0.927304] system 00:05: [io  0x0400-0x0453] has been reserved
Dec 20 11:14:20 zhuqingyang-Rev-1-0 kernel: [    0.927306] system 00:05: [io  0x0458-0x047f] has been reserved
Dec 20 11:14:20 zhuqingyang-Rev-1-0 kernel: [    0.927308] system 00:05: [io  0x0500-0x057f] has been reserved
Dec 20 11:14:20 zhuqingyang-Rev-1-0 kernel: [    0.927309] system 00:05: [io  0x164e-0x164f] has been reserved
Dec 20 11:14:20 zhuqingyang-Rev-1-0 kernel: [    0.927312] system 00:05: Plug and Play ACPI device, IDs PNP0c02 (active)
Dec 20 11:14:20 zhuqingyang-Rev-1-0 kernel: [    0.927318] pnp 00:06: [io  0x0070-0x0077]
Dec 20 11:14:20 zhuqingyang-Rev-1-0 kernel: [    0.927322] pnp 00:06: [irq 8]
Dec 20 11:14:20 zhuqingyang-Rev-1-0 kernel: [    0.927340] pnp 00:06: Plug and Play ACPI device, IDs PNP0b00 (active)
Dec 20 11:14:20 zhuqingyang-Rev-1-0 kernel: [    0.927360] pnp 00:07: [io  0x0454-0x0457]
Dec 20 11:14:20 zhuqingyang-Rev-1-0 kernel: [    0.927387] system 00:07: [io  0x0454-0x0457] has been reserved
Dec 20 11:14:20 zhuqingyang-Rev-1-0 kernel: [    0.927390] system 00:07: Plug and Play ACPI device, IDs INT3f0d PNP0c02 (active)
Dec 20 11:14:20 zhuqingyang-Rev-1-0 kernel: [    0.927405] pnp 00:08: [io  0x0060]
Dec 20 11:14:20 zhuqingyang-Rev-1-0 kernel: [    0.927407] pnp 00:08: [io  0x0064]
Dec 20 11:14:20 zhuqingyang-Rev-1-0 kernel: [    0.927411] pnp 00:08: [irq 1]
Dec 20 11:14:20 zhuqingyang-Rev-1-0 kernel: [    0.927430] pnp 00:08: Plug and Play ACPI device, IDs PNP0303 (active)
Dec 20 11:14:20 zhuqingyang-Rev-1-0 kernel: [    0.927439] pnp 00:09: [irq 12]
Dec 20 11:14:20 zhuqingyang-Rev-1-0 kernel: [    0.927459] pnp 00:09: Plug and Play ACPI device, IDs PNP0f13 SYN1000 SYN0002 (active)
Dec 20 11:14:20 zhuqingyang-Rev-1-0 kernel: [    0.927549] pnp 00:0a: [mem 0xfed1c000-0xfed1ffff]
Dec 20 11:14:20 zhuqingyang-Rev-1-0 kernel: [    0.927550] pnp 00:0a: [mem 0xfed10000-0xfed17fff]
Dec 20 11:14:20 zhuqingyang-Rev-1-0 kernel: [    0.927552] pnp 00:0a: [mem 0xfed18000-0xfed18fff]
Dec 20 11:14:20 zhuqingyang-Rev-1-0 kernel: [    0.927553] pnp 00:0a: [mem 0xfed19000-0xfed19fff]
Dec 20 11:14:20 zhuqingyang-Rev-1-0 kernel: [    0.927555] pnp 00:0a: [mem 0xf8000000-0xfbffffff]
Dec 20 11:14:20 zhuqingyang-Rev-1-0 kernel: [    0.927556] pnp 00:0a: [mem 0x00000000-0x00000fff]
Dec 20 11:14:20 zhuqingyang-Rev-1-0 kernel: [    0.927558] pnp 00:0a: [mem 0x00000000-0x00000fff]
Dec 20 11:14:20 zhuqingyang-Rev-1-0 kernel: [    0.927559] pnp 00:0a: [mem 0xfed20000-0xfed3ffff]
Dec 20 11:14:20 zhuqingyang-Rev-1-0 kernel: [    0.927560] pnp 00:0a: [mem 0xfed90000-0xfed93fff]
Dec 20 11:14:20 zhuqingyang-Rev-1-0 kernel: [    0.927562] pnp 00:0a: [mem 0xfed40000-0xfed44fff]
Dec 20 11:14:20 zhuqingyang-Rev-1-0 kernel: [    0.927564] pnp 00:0a: [mem 0xfed45000-0xfed8ffff]
Dec 20 11:14:20 zhuqingyang-Rev-1-0 kernel: [    0.927566] pnp 00:0a: [mem 0xff000000-0xffffffff]
Dec 20 11:14:20 zhuqingyang-Rev-1-0 kernel: [    0.927567] pnp 00:0a: [mem 0xfee00000-0xfeefffff]
Dec 20 11:14:20 zhuqingyang-Rev-1-0 kernel: [    0.927569] pnp 00:0a: [mem 0x00000000-0xffffffffffffffff disabled]
Dec 20 11:14:20 zhuqingyang-Rev-1-0 kernel: [    0.927571] pnp 00:0a: [mem 0xf8628900-0xfeafffff]
Dec 20 11:14:20 zhuqingyang-Rev-1-0 kernel: [    0.927572] pnp 00:0a: [mem 0xf7000000-0xf7ffffff]
Dec 20 11:14:20 zhuqingyang-Rev-1-0 kernel: [    0.927606] system 00:0a: [mem 0xfed1c000-0xfed1ffff] has been reserved
Dec 20 11:14:20 zhuqingyang-Rev-1-0 kernel: [    0.927608] system 00:0a: [mem 0xfed10000-0xfed17fff] has been reserved
Dec 20 11:14:20 zhuqingyang-Rev-1-0 kernel: [    0.927610] system 00:0a: [mem 0xfed18000-0xfed18fff] has been reserved
Dec 20 11:14:20 zhuqingyang-Rev-1-0 kernel: [    0.927612] system 00:0a: [mem 0xfed19000-0xfed19fff] has been reserved
Dec 20 11:14:20 zhuqingyang-Rev-1-0 kernel: [    0.927614] system 00:0a: [mem 0xf8000000-0xfbffffff] could not be reserved
Dec 20 11:14:20 zhuqingyang-Rev-1-0 kernel: [    0.927616] system 00:0a: [mem 0x00000000-0x00000fff] could not be reserved
Dec 20 11:14:20 zhuqingyang-Rev-1-0 kernel: [    0.927618] system 00:0a: [mem 0x00000000-0x00000fff] could not be reserved
Dec 20 11:14:20 zhuqingyang-Rev-1-0 kernel: [    0.927620] system 00:0a: [mem 0xfed20000-0xfed3ffff] has been reserved
Dec 20 11:14:20 zhuqingyang-Rev-1-0 kernel: [    0.927622] system 00:0a: [mem 0xfed90000-0xfed93fff] has been reserved
Dec 20 11:14:20 zhuqingyang-Rev-1-0 kernel: [    0.927624] system 00:0a: [mem 0xfed40000-0xfed44fff] has been reserved
Dec 20 11:14:20 zhuqingyang-Rev-1-0 kernel: [    0.927625] system 00:0a: [mem 0xfed45000-0xfed8ffff] has been reserved
Dec 20 11:14:20 zhuqingyang-Rev-1-0 kernel: [    0.927627] system 00:0a: [mem 0xff000000-0xffffffff] has been reserved
Dec 20 11:14:20 zhuqingyang-Rev-1-0 kernel: [    0.927629] system 00:0a: [mem 0xfee00000-0xfeefffff] could not be reserved
Dec 20 11:14:20 zhuqingyang-Rev-1-0 kernel: [    0.927631] system 00:0a: [mem 0xf8628900-0xfeafffff] has been reserved
Dec 20 11:14:20 zhuqingyang-Rev-1-0 kernel: [    0.927633] system 00:0a: [mem 0xf7000000-0xf7ffffff] has been reserved
Dec 20 11:14:20 zhuqingyang-Rev-1-0 kernel: [    0.927635] system 00:0a: Plug and Play ACPI device, IDs PNP0c02 (active)
Dec 20 11:14:20 zhuqingyang-Rev-1-0 kernel: [    0.928335] pnp: PnP ACPI: found 11 devices
Dec 20 11:14:20 zhuqingyang-Rev-1-0 kernel: [    0.928336] ACPI: ACPI bus type pnp unregistered
Dec 20 11:14:20 zhuqingyang-Rev-1-0 kernel: [    0.928339] PnPBIOS: Disabled by ACPI PNP
Dec 20 11:14:20 zhuqingyang-Rev-1-0 kernel: [    0.964762] PCI: max bus depth: 1 pci_try_num: 2
Dec 20 11:14:20 zhuqingyang-Rev-1-0 kernel: [    0.964783] pci 0000:00:1c.0: PCI bridge to [bus 03-04]
Dec 20 11:14:20 zhuqingyang-Rev-1-0 kernel: [    0.964787] pci 0000:00:1c.0:   bridge window [io  0x2000-0x2fff]
Dec 20 11:14:20 zhuqingyang-Rev-1-0 kernel: [    0.964792] pci 0000:00:1c.0:   bridge window [mem 0xf4400000-0xf45fffff]
Dec 20 11:14:20 zhuqingyang-Rev-1-0 kernel: [    0.964797] pci 0000:00:1c.0:   bridge window [mem 0xf0000000-0xf3ffffff 64bit pref]
Dec 20 11:14:20 zhuqingyang-Rev-1-0 kernel: [    0.964803] pci 0000:00:1c.2: PCI bridge to [bus 05-05]
Dec 20 11:14:20 zhuqingyang-Rev-1-0 kernel: [    0.964809] pci 0000:00:1c.2:   bridge window [mem 0xf4600000-0xf46fffff]
Dec 20 11:14:20 zhuqingyang-Rev-1-0 kernel: [    0.964828] pci 0000:00:1c.0: PCI INT A -> GSI 16 (level, low) -> IRQ 16
Dec 20 11:14:20 zhuqingyang-Rev-1-0 kernel: [    0.964833] pci 0000:00:1c.0: setting latency timer to 64
Dec 20 11:14:20 zhuqingyang-Rev-1-0 kernel: [    0.964842] pci 0000:00:1c.2: PCI INT C -> GSI 18 (level, low) -> IRQ 18
Dec 20 11:14:20 zhuqingyang-Rev-1-0 kernel: [    0.964845] pci 0000:00:1c.2: setting latency timer to 64
Dec 20 11:14:20 zhuqingyang-Rev-1-0 kernel: [    0.964849] pci_bus 0000:00: resource 4 [io  0x0000-0x0cf7]
Dec 20 11:14:20 zhuqingyang-Rev-1-0 kernel: [    0.964851] pci_bus 0000:00: resource 5 [io  0x0d00-0xffff]
Dec 20 11:14:20 zhuqingyang-Rev-1-0 kernel: [    0.964852] pci_bus 0000:00: resource 6 [mem 0x000a0000-0x000bffff]
Dec 20 11:14:20 zhuqingyang-Rev-1-0 kernel: [    0.964854] pci_bus 0000:00: resource 7 [mem 0x000d0000-0x000d3fff]
Dec 20 11:14:20 zhuqingyang-Rev-1-0 kernel: [    0.964856] pci_bus 0000:00: resource 8 [mem 0x000d4000-0x000d7fff]
Dec 20 11:14:20 zhuqingyang-Rev-1-0 kernel: [    0.964857] pci_bus 0000:00: resource 9 [mem 0x000d8000-0x000dbfff]
Dec 20 11:14:20 zhuqingyang-Rev-1-0 kernel: [    0.964859] pci_bus 0000:00: resource 10 [mem 0x000e0000-0x000e3fff]
Dec 20 11:14:20 zhuqingyang-Rev-1-0 kernel: [    0.964860] pci_bus 0000:00: resource 11 [mem 0xe0000000-0xfeb00000]
Dec 20 11:14:20 zhuqingyang-Rev-1-0 kernel: [    0.964862] pci_bus 0000:03: resource 0 [io  0x2000-0x2fff]
Dec 20 11:14:20 zhuqingyang-Rev-1-0 kernel: [    0.964864] pci_bus 0000:03: resource 1 [mem 0xf4400000-0xf45fffff]
Dec 20 11:14:20 zhuqingyang-Rev-1-0 kernel: [    0.964866] pci_bus 0000:03: resource 2 [mem 0xf0000000-0xf3ffffff 64bit pref]
Dec 20 11:14:20 zhuqingyang-Rev-1-0 kernel: [    0.964867] pci_bus 0000:05: resource 1 [mem 0xf4600000-0xf46fffff]
Dec 20 11:14:20 zhuqingyang-Rev-1-0 kernel: [    0.964889] NET: Registered protocol family 2
Dec 20 11:14:20 zhuqingyang-Rev-1-0 kernel: [    0.964927] IP route cache hash table entries: 32768 (order: 5, 131072 bytes)
Dec 20 11:14:20 zhuqingyang-Rev-1-0 kernel: [    0.965036] TCP established hash table entries: 131072 (order: 8, 1048576 bytes)
Dec 20 11:14:20 zhuqingyang-Rev-1-0 kernel: [    0.965212] TCP bind hash table entries: 65536 (order: 7, 524288 bytes)
Dec 20 11:14:20 zhuqingyang-Rev-1-0 kernel: [    0.965290] TCP: Hash tables configured (established 131072 bind 65536)
Dec 20 11:14:20 zhuqingyang-Rev-1-0 kernel: [    0.965291] TCP reno registered
Dec 20 11:14:20 zhuqingyang-Rev-1-0 kernel: [    0.965293] UDP hash table entries: 512 (order: 2, 16384 bytes)
Dec 20 11:14:20 zhuqingyang-Rev-1-0 kernel: [    0.965297] UDP-Lite hash table entries: 512 (order: 2, 16384 bytes)
Dec 20 11:14:20 zhuqingyang-Rev-1-0 kernel: [    0.965347] NET: Registered protocol family 1
Dec 20 11:14:20 zhuqingyang-Rev-1-0 kernel: [    0.965355] pci 0000:00:02.0: Boot video device
Dec 20 11:14:20 zhuqingyang-Rev-1-0 kernel: [    0.965367] pci 0000:00:1a.0: PCI INT A -> GSI 16 (level, low) -> IRQ 16
Dec 20 11:14:20 zhuqingyang-Rev-1-0 kernel: [    0.965389] pci 0000:00:1a.0: PCI INT A disabled
Dec 20 11:14:20 zhuqingyang-Rev-1-0 kernel: [    0.965407] pci 0000:00:1d.0: PCI INT A -> GSI 23 (level, low) -> IRQ 23
Dec 20 11:14:20 zhuqingyang-Rev-1-0 kernel: [    0.965421] pci 0000:00:1d.0: PCI INT A disabled
Dec 20 11:14:20 zhuqingyang-Rev-1-0 kernel: [    0.965437] PCI: CLS 64 bytes, default 64
Dec 20 11:14:20 zhuqingyang-Rev-1-0 kernel: [    0.965442] Simple Boot Flag at 0x36 set to 0x1
Dec 20 11:14:20 zhuqingyang-Rev-1-0 kernel: [    0.965808] audit: initializing netlink socket (disabled)
Dec 20 11:14:20 zhuqingyang-Rev-1-0 kernel: [    0.965813] type=2000 audit(1419074040.800:1): initialized
Dec 20 11:14:20 zhuqingyang-Rev-1-0 kernel: [    0.984317] highmem bounce pool size: 64 pages
Dec 20 11:14:20 zhuqingyang-Rev-1-0 kernel: [    0.984320] HugeTLB registered 2 MB page size, pre-allocated 0 pages
Dec 20 11:14:20 zhuqingyang-Rev-1-0 kernel: [    0.985899] VFS: Disk quotas dquot_6.5.2
Dec 20 11:14:20 zhuqingyang-Rev-1-0 kernel: [    0.985938] Dquot-cache hash table entries: 1024 (order 0, 4096 bytes)
Dec 20 11:14:20 zhuqingyang-Rev-1-0 kernel: [    0.986307] fuse init (API version 7.17)
Dec 20 11:14:20 zhuqingyang-Rev-1-0 kernel: [    0.986379] msgmni has been set to 1647
Dec 20 11:14:20 zhuqingyang-Rev-1-0 kernel: [    0.986671] Block layer SCSI generic (bsg) driver version 0.4 loaded (major 253)
Dec 20 11:14:20 zhuqingyang-Rev-1-0 kernel: [    0.986696] io scheduler noop registered
Dec 20 11:14:20 zhuqingyang-Rev-1-0 kernel: [    0.986697] io scheduler deadline registered
Dec 20 11:14:20 zhuqingyang-Rev-1-0 kernel: [    0.986704] io scheduler cfq registered (default)
Dec 20 11:14:20 zhuqingyang-Rev-1-0 kernel: [    0.986862] pci_hotplug: PCI Hot Plug PCI Core version: 0.5
Dec 20 11:14:20 zhuqingyang-Rev-1-0 kernel: [    0.986876] pciehp: PCI Express Hot Plug Controller Driver version: 0.4
Dec 20 11:14:20 zhuqingyang-Rev-1-0 kernel: [    0.986921] intel_idle: MWAIT substates: 0x21120
Dec 20 11:14:20 zhuqingyang-Rev-1-0 kernel: [    0.986923] intel_idle: v0.4 model 0x2A
Dec 20 11:14:20 zhuqingyang-Rev-1-0 kernel: [    0.986924] intel_idle: lapic_timer_reliable_states 0xffffffff
Dec 20 11:14:20 zhuqingyang-Rev-1-0 kernel: [    0.987186] ACPI: Deprecated procfs I/F for AC is loaded, please retry with CONFIG_ACPI_PROCFS_POWER cleared
Dec 20 11:14:20 zhuqingyang-Rev-1-0 kernel: [    0.987490] ACPI: AC Adapter [ACAD] (on-line)
Dec 20 11:14:20 zhuqingyang-Rev-1-0 kernel: [    0.987557] input: Lid Switch as /devices/LNXSYSTM:00/LNXSYBUS:00/PNP0C0D:00/input/input0
Dec 20 11:14:20 zhuqingyang-Rev-1-0 kernel: [    0.988096] ACPI: Lid Switch [LID]
Dec 20 11:14:20 zhuqingyang-Rev-1-0 kernel: [    0.988128] input: Power Button as /devices/LNXSYSTM:00/LNXSYBUS:00/PNP0C0C:00/input/input1
Dec 20 11:14:20 zhuqingyang-Rev-1-0 kernel: [    0.988131] ACPI: Power Button [PWRB]
Dec 20 11:14:20 zhuqingyang-Rev-1-0 kernel: [    0.988160] input: Sleep Button as /devices/LNXSYSTM:00/LNXSYBUS:00/PNP0C0E:00/input/input2
Dec 20 11:14:20 zhuqingyang-Rev-1-0 kernel: [    0.988163] ACPI: Sleep Button [SLPB]
Dec 20 11:14:20 zhuqingyang-Rev-1-0 kernel: [    0.988190] input: Power Button as /devices/LNXSYSTM:00/LNXPWRBN:00/input/input3
Dec 20 11:14:20 zhuqingyang-Rev-1-0 kernel: [    0.988192] ACPI: Power Button [PWRF]
Dec 20 11:14:20 zhuqingyang-Rev-1-0 kernel: [    0.991191] thermal LNXTHERM:00: registered as thermal_zone0
Dec 20 11:14:20 zhuqingyang-Rev-1-0 kernel: [    0.991193] ACPI: Thermal Zone [TZ00] (68 C)
Dec 20 11:14:20 zhuqingyang-Rev-1-0 kernel: [    0.991209] ACPI: Deprecated procfs I/F for battery is loaded, please retry with CONFIG_ACPI_PROCFS_POWER cleared
Dec 20 11:14:20 zhuqingyang-Rev-1-0 kernel: [    0.991215] ACPI: Battery Slot [BAT1] (battery present)
Dec 20 11:14:20 zhuqingyang-Rev-1-0 kernel: [    0.991231] ERST: Table is not found!
Dec 20 11:14:20 zhuqingyang-Rev-1-0 kernel: [    0.991232] GHES: HEST is not enabled!
Dec 20 11:14:20 zhuqingyang-Rev-1-0 kernel: [    0.991277] isapnp: Scanning for PnP cards...
Dec 20 11:14:20 zhuqingyang-Rev-1-0 kernel: [    0.991287] Serial: 8250/16550 driver, 32 ports, IRQ sharing enabled
Dec 20 11:14:20 zhuqingyang-Rev-1-0 kernel: [    1.170550] ACPI: Battery Slot [BAT1] (battery present)
Dec 20 11:14:20 zhuqingyang-Rev-1-0 kernel: [    1.378906] isapnp: No Plug & Play device found
Dec 20 11:14:20 zhuqingyang-Rev-1-0 kernel: [    1.413065] Linux agpgart interface v0.103
Dec 20 11:14:20 zhuqingyang-Rev-1-0 kernel: [    1.413131] agpgart-intel 0000:00:00.0: Intel Sandybridge Chipset
Dec 20 11:14:20 zhuqingyang-Rev-1-0 kernel: [    1.413211] agpgart-intel 0000:00:00.0: detected gtt size: 2097152K total, 262144K mappable
Dec 20 11:14:20 zhuqingyang-Rev-1-0 kernel: [    1.414291] agpgart-intel 0000:00:00.0: detected 131072K stolen memory
Dec 20 11:14:20 zhuqingyang-Rev-1-0 kernel: [    1.414391] agpgart-intel 0000:00:00.0: AGP aperture is 256M @ 0xe0000000
Dec 20 11:14:20 zhuqingyang-Rev-1-0 kernel: [    1.415477] brd: module loaded
Dec 20 11:14:20 zhuqingyang-Rev-1-0 kernel: [    1.416029] loop: module loaded
Dec 20 11:14:20 zhuqingyang-Rev-1-0 kernel: [    1.416142] ata_piix 0000:00:1f.2: version 2.13
Dec 20 11:14:20 zhuqingyang-Rev-1-0 kernel: [    1.416161] ata_piix 0000:00:1f.2: PCI INT B -> GSI 19 (level, low) -> IRQ 19
Dec 20 11:14:20 zhuqingyang-Rev-1-0 kernel: [    1.416167] ata_piix 0000:00:1f.2: MAP [ P0 P2 P1 P3 ]
Dec 20 11:14:20 zhuqingyang-Rev-1-0 kernel: [    1.568471] ata_piix 0000:00:1f.2: SCR access via SIDPR is available but doesn't work
Dec 20 11:14:20 zhuqingyang-Rev-1-0 kernel: [    1.568496] ata_piix 0000:00:1f.2: setting latency timer to 64
Dec 20 11:14:20 zhuqingyang-Rev-1-0 kernel: [    1.568747] scsi0 : ata_piix
Dec 20 11:14:20 zhuqingyang-Rev-1-0 kernel: [    1.568804] scsi1 : ata_piix
Dec 20 11:14:20 zhuqingyang-Rev-1-0 kernel: [    1.568851] ata1: SATA max UDMA/133 cmd 0x1898 ctl 0x184c bmdma 0x1880 irq 19
Dec 20 11:14:20 zhuqingyang-Rev-1-0 kernel: [    1.568853] ata2: SATA max UDMA/133 cmd 0x1890 ctl 0x1848 bmdma 0x1888 irq 19
Dec 20 11:14:20 zhuqingyang-Rev-1-0 kernel: [    1.568872] ata_piix 0000:00:1f.5: PCI INT B -> GSI 19 (level, low) -> IRQ 19
Dec 20 11:14:20 zhuqingyang-Rev-1-0 kernel: [    1.568876] ata_piix 0000:00:1f.5: MAP [ P0 -- P1 -- ]
Dec 20 11:14:20 zhuqingyang-Rev-1-0 kernel: [    1.724260] ata_piix 0000:00:1f.5: setting latency timer to 64
Dec 20 11:14:20 zhuqingyang-Rev-1-0 kernel: [    1.724459] scsi2 : ata_piix
Dec 20 11:14:20 zhuqingyang-Rev-1-0 kernel: [    1.724518] scsi3 : ata_piix
Dec 20 11:14:20 zhuqingyang-Rev-1-0 kernel: [    1.724555] ata3: SATA max UDMA/133 cmd 0x18f0 ctl 0x18e4 bmdma 0x18d0 irq 19
Dec 20 11:14:20 zhuqingyang-Rev-1-0 kernel: [    1.724559] ata4: SATA max UDMA/133 cmd 0x18e8 ctl 0x18e0 bmdma 0x18d8 irq 19
Dec 20 11:14:20 zhuqingyang-Rev-1-0 kernel: [    1.724821] Fixed MDIO Bus: probed
Dec 20 11:14:20 zhuqingyang-Rev-1-0 kernel: [    1.724834] tun: Universal TUN/TAP device driver, 1.6
Dec 20 11:14:20 zhuqingyang-Rev-1-0 kernel: [    1.724835] tun: (C) 1999-2004 Max Krasnyansky <maxk@qualcomm.com>
Dec 20 11:14:20 zhuqingyang-Rev-1-0 kernel: [    1.724886] PPP generic driver version 2.4.2
Dec 20 11:14:20 zhuqingyang-Rev-1-0 kernel: [    1.724961] ehci_hcd: USB 2.0 'Enhanced' Host Controller (EHCI) Driver
Dec 20 11:14:20 zhuqingyang-Rev-1-0 kernel: [    1.724974] ehci_hcd 0000:00:1a.0: PCI INT A -> GSI 16 (level, low) -> IRQ 16
Dec 20 11:14:20 zhuqingyang-Rev-1-0 kernel: [    1.724988] ehci_hcd 0000:00:1a.0: setting latency timer to 64
Dec 20 11:14:20 zhuqingyang-Rev-1-0 kernel: [    1.724991] ehci_hcd 0000:00:1a.0: EHCI Host Controller
Dec 20 11:14:20 zhuqingyang-Rev-1-0 kernel: [    1.725023] ehci_hcd 0000:00:1a.0: new USB bus registered, assigned bus number 1
Dec 20 11:14:20 zhuqingyang-Rev-1-0 kernel: [    1.725044] ehci_hcd 0000:00:1a.0: debug port 2
Dec 20 11:14:20 zhuqingyang-Rev-1-0 kernel: [    1.728938] ehci_hcd 0000:00:1a.0: cache line size of 64 is not supported
Dec 20 11:14:20 zhuqingyang-Rev-1-0 kernel: [    1.728950] ehci_hcd 0000:00:1a.0: irq 16, io mem 0xf4928000
Dec 20 11:14:20 zhuqingyang-Rev-1-0 kernel: [    1.740647] ata2.00: ATA-8: HITACHI HTS545050B9A300, PB4ZC6ZH, max UDMA/100
Dec 20 11:14:20 zhuqingyang-Rev-1-0 kernel: [    1.740656] ata2.00: 976773168 sectors, multi 16: LBA48 NCQ (depth 0/32)
Dec 20 11:14:20 zhuqingyang-Rev-1-0 kernel: [    1.744199] ehci_hcd 0000:00:1a.0: USB 2.0 started, EHCI 1.00
Dec 20 11:14:20 zhuqingyang-Rev-1-0 kernel: [    1.744379] hub 1-0:1.0: USB hub found
Dec 20 11:14:20 zhuqingyang-Rev-1-0 kernel: [    1.744382] hub 1-0:1.0: 3 ports detected
Dec 20 11:14:20 zhuqingyang-Rev-1-0 kernel: [    1.744429] ehci_hcd 0000:00:1d.0: PCI INT A -> GSI 23 (level, low) -> IRQ 23
Dec 20 11:14:20 zhuqingyang-Rev-1-0 kernel: [    1.744439] ehci_hcd 0000:00:1d.0: setting latency timer to 64
Dec 20 11:14:20 zhuqingyang-Rev-1-0 kernel: [    1.744442] ehci_hcd 0000:00:1d.0: EHCI Host Controller
Dec 20 11:14:20 zhuqingyang-Rev-1-0 kernel: [    1.744473] ehci_hcd 0000:00:1d.0: new USB bus registered, assigned bus number 2
Dec 20 11:14:20 zhuqingyang-Rev-1-0 kernel: [    1.744491] ehci_hcd 0000:00:1d.0: debug port 2
Dec 20 11:14:20 zhuqingyang-Rev-1-0 kernel: [    1.748379] ehci_hcd 0000:00:1d.0: cache line size of 64 is not supported
Dec 20 11:14:20 zhuqingyang-Rev-1-0 kernel: [    1.748391] ehci_hcd 0000:00:1d.0: irq 23, io mem 0xf4929000
Dec 20 11:14:20 zhuqingyang-Rev-1-0 kernel: [    1.756617] ata2.00: configured for UDMA/100
Dec 20 11:14:20 zhuqingyang-Rev-1-0 kernel: [    1.756766] scsi 1:0:0:0: Direct-Access     ATA      HITACHI HTS54505 PB4Z PQ: 0 ANSI: 5
Dec 20 11:14:20 zhuqingyang-Rev-1-0 kernel: [    1.756859] sd 1:0:0:0: [sda] 976773168 512-byte logical blocks: (500 GB/465 GiB)
Dec 20 11:14:20 zhuqingyang-Rev-1-0 kernel: [    1.756885] sd 1:0:0:0: Attached scsi generic sg0 type 0
Dec 20 11:14:20 zhuqingyang-Rev-1-0 kernel: [    1.756925] sd 1:0:0:0: [sda] Write Protect is off
Dec 20 11:14:20 zhuqingyang-Rev-1-0 kernel: [    1.756927] sd 1:0:0:0: [sda] Mode Sense: 00 3a 00 00
Dec 20 11:14:20 zhuqingyang-Rev-1-0 kernel: [    1.756953] sd 1:0:0:0: [sda] Write cache: enabled, read cache: enabled, doesn't support DPO or FUA
Dec 20 11:14:20 zhuqingyang-Rev-1-0 kernel: [    1.764177] ehci_hcd 0000:00:1d.0: USB 2.0 started, EHCI 1.00
Dec 20 11:14:20 zhuqingyang-Rev-1-0 kernel: [    1.764341] hub 2-0:1.0: USB hub found
Dec 20 11:14:20 zhuqingyang-Rev-1-0 kernel: [    1.764343] hub 2-0:1.0: 3 ports detected
Dec 20 11:14:20 zhuqingyang-Rev-1-0 kernel: [    1.764388] ohci_hcd: USB 1.1 'Open' Host Controller (OHCI) Driver
Dec 20 11:14:20 zhuqingyang-Rev-1-0 kernel: [    1.764397] uhci_hcd: USB Universal Host Controller Interface driver
Dec 20 11:14:20 zhuqingyang-Rev-1-0 kernel: [    1.764430] usbcore: registered new interface driver libusual
Dec 20 11:14:20 zhuqingyang-Rev-1-0 kernel: [    1.764465] i8042: PNP: PS/2 Controller [PNP0303:PS2K,PNP0f13:PS2M] at 0x60,0x64 irq 1,12
Dec 20 11:14:20 zhuqingyang-Rev-1-0 kernel: [    1.766653] i8042: Detected active multiplexing controller, rev 1.1
Dec 20 11:14:20 zhuqingyang-Rev-1-0 kernel: [    1.769089] serio: i8042 KBD port at 0x60,0x64 irq 1
Dec 20 11:14:20 zhuqingyang-Rev-1-0 kernel: [    1.769094] serio: i8042 AUX0 port at 0x60,0x64 irq 12
Dec 20 11:14:20 zhuqingyang-Rev-1-0 kernel: [    1.769100] serio: i8042 AUX1 port at 0x60,0x64 irq 12
Dec 20 11:14:20 zhuqingyang-Rev-1-0 kernel: [    1.769102] serio: i8042 AUX2 port at 0x60,0x64 irq 12
Dec 20 11:14:20 zhuqingyang-Rev-1-0 kernel: [    1.769105] serio: i8042 AUX3 port at 0x60,0x64 irq 12
Dec 20 11:14:20 zhuqingyang-Rev-1-0 kernel: [    1.769239] mousedev: PS/2 mouse device common for all mice
Dec 20 11:14:20 zhuqingyang-Rev-1-0 kernel: [    1.769400] rtc_cmos 00:06: RTC can wake from S4
Dec 20 11:14:20 zhuqingyang-Rev-1-0 kernel: [    1.769497] rtc_cmos 00:06: rtc core: registered rtc_cmos as rtc0
Dec 20 11:14:20 zhuqingyang-Rev-1-0 kernel: [    1.769523] rtc0: alarms up to one month, y3k, 242 bytes nvram, hpet irqs
Dec 20 11:14:20 zhuqingyang-Rev-1-0 kernel: [    1.769563] device-mapper: uevent: version 1.0.3
Dec 20 11:14:20 zhuqingyang-Rev-1-0 kernel: [    1.769617] device-mapper: ioctl: 4.22.0-ioctl (2011-10-19) initialised: dm-devel@redhat.com
Dec 20 11:14:20 zhuqingyang-Rev-1-0 kernel: [    1.769631] EISA: Probing bus 0 at eisa.0
Dec 20 11:14:20 zhuqingyang-Rev-1-0 kernel: [    1.769633] EISA: Cannot allocate resource for mainboard
Dec 20 11:14:20 zhuqingyang-Rev-1-0 kernel: [    1.769634] Cannot allocate resource for EISA slot 1
Dec 20 11:14:20 zhuqingyang-Rev-1-0 kernel: [    1.769636] Cannot allocate resource for EISA slot 2
Dec 20 11:14:20 zhuqingyang-Rev-1-0 kernel: [    1.769637] Cannot allocate resource for EISA slot 3
Dec 20 11:14:20 zhuqingyang-Rev-1-0 kernel: [    1.769638] Cannot allocate resource for EISA slot 4
Dec 20 11:14:20 zhuqingyang-Rev-1-0 kernel: [    1.769639] Cannot allocate resource for EISA slot 5
Dec 20 11:14:20 zhuqingyang-Rev-1-0 kernel: [    1.769641] Cannot allocate resource for EISA slot 6
Dec 20 11:14:20 zhuqingyang-Rev-1-0 kernel: [    1.769642] Cannot allocate resource for EISA slot 7
Dec 20 11:14:20 zhuqingyang-Rev-1-0 kernel: [    1.769643] Cannot allocate resource for EISA slot 8
Dec 20 11:14:20 zhuqingyang-Rev-1-0 kernel: [    1.769644] EISA: Detected 0 cards.
Dec 20 11:14:20 zhuqingyang-Rev-1-0 kernel: [    1.769651] cpufreq-nforce2: No nForce2 chipset.
Dec 20 11:14:20 zhuqingyang-Rev-1-0 kernel: [    1.769751] cpuidle: using governor ladder
Dec 20 11:14:20 zhuqingyang-Rev-1-0 kernel: [    1.769908] cpuidle: using governor menu
Dec 20 11:14:20 zhuqingyang-Rev-1-0 kernel: [    1.769910] EFI Variables Facility v0.08 2004-May-17
Dec 20 11:14:20 zhuqingyang-Rev-1-0 kernel: [    1.770042] TCP cubic registered
Dec 20 11:14:20 zhuqingyang-Rev-1-0 kernel: [    1.770127] NET: Registered protocol family 10
Dec 20 11:14:20 zhuqingyang-Rev-1-0 kernel: [    1.770427] NET: Registered protocol family 17
Dec 20 11:14:20 zhuqingyang-Rev-1-0 kernel: [    1.770430] Registering the dns_resolver key type
Dec 20 11:14:20 zhuqingyang-Rev-1-0 kernel: [    1.770446] Using IPI No-Shortcut mode
Dec 20 11:14:20 zhuqingyang-Rev-1-0 kernel: [    1.770541] PM: Hibernation image not present or could not be loaded.
Dec 20 11:14:20 zhuqingyang-Rev-1-0 kernel: [    1.770548] registered taskstats version 1
Dec 20 11:14:20 zhuqingyang-Rev-1-0 kernel: [    1.775368]   Magic number: 10:872:226
Dec 20 11:14:20 zhuqingyang-Rev-1-0 kernel: [    1.775436] rtc_cmos 00:06: setting system clock to 2014-12-20 11:14:01 UTC (1419074041)
Dec 20 11:14:20 zhuqingyang-Rev-1-0 kernel: [    1.775999] BIOS EDD facility v0.16 2004-Jun-25, 0 devices found
Dec 20 11:14:20 zhuqingyang-Rev-1-0 kernel: [    1.776000] EDD information not available.
Dec 20 11:14:20 zhuqingyang-Rev-1-0 kernel: [    1.814090] input: AT Translated Set 2 keyboard as /devices/platform/i8042/serio0/input/input4
Dec 20 11:14:20 zhuqingyang-Rev-1-0 kernel: [    1.816344]  sda: sda1 sda2 sda3 < sda5 sda6 >
Dec 20 11:14:20 zhuqingyang-Rev-1-0 kernel: [    1.817528] sd 1:0:0:0: [sda] Attached SCSI disk
Dec 20 11:14:20 zhuqingyang-Rev-1-0 kernel: [    1.963913] Refined TSC clocksource calibration: 2793.654 MHz.
Dec 20 11:14:20 zhuqingyang-Rev-1-0 kernel: [    1.963924] Switching to clocksource tsc
Dec 20 11:14:20 zhuqingyang-Rev-1-0 kernel: [    2.055168] ata3: SATA link down (SStatus 0 SControl 300)
Dec 20 11:14:20 zhuqingyang-Rev-1-0 kernel: [    2.055731] usb 1-1: new high-speed USB device number 2 using ehci_hcd
Dec 20 11:14:20 zhuqingyang-Rev-1-0 kernel: [    2.188453] hub 1-1:1.0: USB hub found
Dec 20 11:14:20 zhuqingyang-Rev-1-0 kernel: [    2.188624] hub 1-1:1.0: 6 ports detected
Dec 20 11:14:20 zhuqingyang-Rev-1-0 kernel: [    2.299387] usb 2-1: new high-speed USB device number 2 using ehci_hcd
Dec 20 11:14:20 zhuqingyang-Rev-1-0 kernel: [    2.432113] hub 2-1:1.0: USB hub found
Dec 20 11:14:20 zhuqingyang-Rev-1-0 kernel: [    2.432259] hub 2-1:1.0: 6 ports detected
Dec 20 11:14:20 zhuqingyang-Rev-1-0 kernel: [    2.503286] usb 1-1.2: new low-speed USB device number 3 using ehci_hcd
Dec 20 11:14:20 zhuqingyang-Rev-1-0 kernel: [    2.671042] usb 1-1.3: new high-speed USB device number 4 using ehci_hcd
Dec 20 11:14:20 zhuqingyang-Rev-1-0 kernel: [    2.750727] ata4: failed to resume link (SControl 0)
Dec 20 11:14:20 zhuqingyang-Rev-1-0 kernel: [    2.762001] ata4: SATA link down (SStatus 4 SControl 0)
Dec 20 11:14:20 zhuqingyang-Rev-1-0 kernel: [    2.762152] Freeing unused kernel memory: 744k freed
Dec 20 11:14:20 zhuqingyang-Rev-1-0 kernel: [    2.762329] Write protecting the kernel text: 5844k
Dec 20 11:14:20 zhuqingyang-Rev-1-0 kernel: [    2.762373] Write protecting the kernel read-only data: 2388k
Dec 20 11:14:20 zhuqingyang-Rev-1-0 kernel: [    2.762374] NX-protecting the kernel data: 4396k
Dec 20 11:14:20 zhuqingyang-Rev-1-0 kernel: [    2.798114] e1000e: Intel(R) PRO/1000 Network Driver - 1.5.1-k
Dec 20 11:14:20 zhuqingyang-Rev-1-0 kernel: [    2.798117] e1000e: Copyright(c) 1999 - 2011 Intel Corporation.
Dec 20 11:14:20 zhuqingyang-Rev-1-0 kernel: [    2.798151] e1000e 0000:00:19.0: PCI INT A -> GSI 20 (level, low) -> IRQ 20
Dec 20 11:14:20 zhuqingyang-Rev-1-0 kernel: [    2.798162] e1000e 0000:00:19.0: setting latency timer to 64
Dec 20 11:14:20 zhuqingyang-Rev-1-0 kernel: [    2.798272] e1000e 0000:00:19.0: irq 40 for MSI/MSI-X
Dec 20 11:14:20 zhuqingyang-Rev-1-0 kernel: [    2.814749] input: Logitech USB Optical Mouse as /devices/pci0000:00/0000:00:1a.0/usb1/1-1/1-1.2/1-1.2:1.0/input/input5
Dec 20 11:14:20 zhuqingyang-Rev-1-0 kernel: [    2.814994] generic-usb 0003:046D:C077.0001: input,hidraw0: USB HID v1.11 Mouse [Logitech USB Optical Mouse] on usb-0000:00:1a.0-1.2/input0
Dec 20 11:14:20 zhuqingyang-Rev-1-0 kernel: [    2.815004] usbcore: registered new interface driver usbhid
Dec 20 11:14:20 zhuqingyang-Rev-1-0 kernel: [    2.815005] usbhid: USB HID core driver
Dec 20 11:14:20 zhuqingyang-Rev-1-0 kernel: [    2.834748] usb 1-1.4: new full-speed USB device number 5 using ehci_hcd
Dec 20 11:14:20 zhuqingyang-Rev-1-0 kernel: [    2.998501] usb 2-1.1: new high-speed USB device number 3 using ehci_hcd
Dec 20 11:14:20 zhuqingyang-Rev-1-0 kernel: [    3.101039] e1000e 0000:00:19.0: eth0: (PCI Express:2.5GT/s:Width x1) 04:7d:7b:48:33:ef
Dec 20 11:14:20 zhuqingyang-Rev-1-0 kernel: [    3.101041] e1000e 0000:00:19.0: eth0: Intel(R) PRO/1000 Network Connection
Dec 20 11:14:20 zhuqingyang-Rev-1-0 kernel: [    3.101091] e1000e 0000:00:19.0: eth0: MAC: 10, PHY: 11, PBA No: FFFFFF-0FF
Dec 20 11:14:20 zhuqingyang-Rev-1-0 kernel: [    3.166260] usb 2-1.3: new high-speed USB device number 4 using ehci_hcd
Dec 20 11:14:20 zhuqingyang-Rev-1-0 kernel: [    3.486651] EXT4-fs (sda5): mounted filesystem with ordered data mode. Opts: (null)
Dec 20 11:14:20 zhuqingyang-Rev-1-0 kernel: [   19.702714] Adding 4028412k swap on /dev/sda6.  Priority:-1 extents:1 across:4028412k 
Dec 20 11:14:20 zhuqingyang-Rev-1-0 kernel: [   19.705721] ADDRCONF(NETDEV_UP): eth0: link is not ready
Dec 20 11:14:20 zhuqingyang-Rev-1-0 kernel: [   19.801567] lp: driver loaded but no devices found
Dec 20 11:14:20 zhuqingyang-Rev-1-0 kernel: [   19.837784] [drm] Initialized drm 1.1.0 20060810
Dec 20 11:14:20 zhuqingyang-Rev-1-0 kernel: [   19.842057] i915 0000:00:02.0: PCI INT A -> GSI 16 (level, low) -> IRQ 16
Dec 20 11:14:20 zhuqingyang-Rev-1-0 kernel: [   19.842062] i915 0000:00:02.0: setting latency timer to 64
Dec 20 11:14:20 zhuqingyang-Rev-1-0 kernel: [   19.842395] mei: module is from the staging directory, the quality is unknown, you have been warned.
Dec 20 11:14:20 zhuqingyang-Rev-1-0 kernel: [   19.876408] i915 0000:00:02.0: irq 41 for MSI/MSI-X
Dec 20 11:14:20 zhuqingyang-Rev-1-0 kernel: [   19.876414] [drm] Supports vblank timestamp caching Rev 1 (10.10.2010).
Dec 20 11:14:20 zhuqingyang-Rev-1-0 kernel: [   19.876416] [drm] Driver supports precise vblank timestamp query.
Dec 20 11:14:20 zhuqingyang-Rev-1-0 kernel: [   19.876447] vgaarb: device changed decodes: PCI:0000:00:02.0,olddecodes=io+mem,decodes=io+mem:owns=io+mem
Dec 20 11:14:20 zhuqingyang-Rev-1-0 kernel: [   19.917727] type=1400 audit(1419045259.666:2): apparmor="STATUS" operation="profile_load" name="/sbin/dhclient" pid=570 comm="apparmor_parser"
Dec 20 11:14:20 zhuqingyang-Rev-1-0 kernel: [   19.918089] type=1400 audit(1419045259.666:3): apparmor="STATUS" operation="profile_load" name="/usr/lib/NetworkManager/nm-dhcp-client.action" pid=570 comm="apparmor_parser"
Dec 20 11:14:20 zhuqingyang-Rev-1-0 kernel: [   19.918297] type=1400 audit(1419045259.666:4): apparmor="STATUS" operation="profile_load" name="/usr/lib/connman/scripts/dhclient-script" pid=570 comm="apparmor_parser"
Dec 20 11:14:20 zhuqingyang-Rev-1-0 kernel: [   19.925939] rts5139: module is from the staging directory, the quality is unknown, you have been warned.
Dec 20 11:14:20 zhuqingyang-Rev-1-0 kernel: [   19.942089] cfg80211: Calling CRDA to update world regulatory domain
Dec 20 11:14:20 zhuqingyang-Rev-1-0 kernel: [   19.942177] Linux video capture interface: v2.00
Dec 20 11:14:20 zhuqingyang-Rev-1-0 kernel: [   19.942578] wmi: Mapper loaded
Dec 20 11:14:20 zhuqingyang-Rev-1-0 kernel: [   19.942637] uvcvideo: Found UVC 1.00 device Lenovo EasyCamera (5986:0364)
Dec 20 11:14:20 zhuqingyang-Rev-1-0 kernel: [   19.943198] Initializing rts5139 USB card reader driver...
Dec 20 11:14:20 zhuqingyang-Rev-1-0 kernel: [   19.953564] Intel(R) Wireless WiFi Link AGN driver for Linux, in-tree:
Dec 20 11:14:20 zhuqingyang-Rev-1-0 kernel: [   19.953566] Copyright(c) 2003-2011 Intel Corporation
Dec 20 11:14:20 zhuqingyang-Rev-1-0 kernel: [   19.953605] iwlwifi 0000:05:00.0: PCI INT A -> GSI 18 (level, low) -> IRQ 18
Dec 20 11:14:20 zhuqingyang-Rev-1-0 kernel: [   19.953615] iwlwifi 0000:05:00.0: setting latency timer to 64
Dec 20 11:14:20 zhuqingyang-Rev-1-0 kernel: [   19.953635] iwlwifi 0000:05:00.0: pci_resource_len = 0x00002000
Dec 20 11:14:20 zhuqingyang-Rev-1-0 kernel: [   19.953637] iwlwifi 0000:05:00.0: pci_resource_base = f847c000
Dec 20 11:14:20 zhuqingyang-Rev-1-0 kernel: [   19.953639] iwlwifi 0000:05:00.0: HW Revision ID = 0x0
Dec 20 11:14:20 zhuqingyang-Rev-1-0 kernel: [   19.953723] iwlwifi 0000:05:00.0: irq 42 for MSI/MSI-X
Dec 20 11:14:20 zhuqingyang-Rev-1-0 kernel: [   19.953755] iwlwifi 0000:05:00.0: Detected Intel(R) Centrino(R) Wireless-N 1000 BGN, REV=0x6C
Dec 20 11:14:20 zhuqingyang-Rev-1-0 kernel: [   19.954510] iwlwifi 0000:05:00.0: L1 Disabled; Enabling L0S
Dec 20 11:14:20 zhuqingyang-Rev-1-0 kernel: [   19.958763] scsi4 : SCSI emulation for RTS5139 USB card reader
Dec 20 11:14:20 zhuqingyang-Rev-1-0 kernel: [   19.960739] scsi 4:0:0:0: Direct-Access     Generic- xD/SD/M.S.       1.00 PQ: 0 ANSI: 0 CCS
Dec 20 11:14:20 zhuqingyang-Rev-1-0 kernel: [   19.961365] sd 4:0:0:0: Attached scsi generic sg1 type 0
Dec 20 11:14:20 zhuqingyang-Rev-1-0 kernel: [   19.962366] input: Lenovo EasyCamera as /devices/pci0000:00/0000:00:1d.0/usb2/2-1/2-1.3/2-1.3:1.0/input/input6
Dec 20 11:14:20 zhuqingyang-Rev-1-0 kernel: [   19.962500] sd 4:0:0:0: [sdb] Attached SCSI removable disk
Dec 20 11:14:20 zhuqingyang-Rev-1-0 kernel: [   19.962612] usbcore: registered new interface driver uvcvideo
Dec 20 11:14:20 zhuqingyang-Rev-1-0 kernel: [   19.962614] USB Video Class driver (1.1.1)
Dec 20 11:14:20 zhuqingyang-Rev-1-0 kernel: [   19.962842] usbcore: registered new interface driver rts5139
Dec 20 11:14:20 zhuqingyang-Rev-1-0 kernel: [   19.962844] Realtek rts5139 USB card reader support registered.
Dec 20 11:14:20 zhuqingyang-Rev-1-0 kernel: [   19.972307] input: Ideapad extra buttons as /devices/platform/ideapad/input/input7
Dec 20 11:14:20 zhuqingyang-Rev-1-0 kernel: [   19.975371] iwlwifi 0000:05:00.0: device EEPROM VER=0x15d, CALIB=0x6
Dec 20 11:14:20 zhuqingyang-Rev-1-0 kernel: [   19.975373] iwlwifi 0000:05:00.0: Device SKU: 0X50
Dec 20 11:14:20 zhuqingyang-Rev-1-0 kernel: [   19.975375] iwlwifi 0000:05:00.0: Valid Tx ant: 0X1, Valid Rx ant: 0X3
Dec 20 11:14:20 zhuqingyang-Rev-1-0 kernel: [   19.977759] iwlwifi 0000:05:00.0: Tunable channels: 13 802.11bg, 0 802.11a channels
Dec 20 11:14:20 zhuqingyang-Rev-1-0 kernel: [   20.010218] cfg80211: World regulatory domain updated:
Dec 20 11:14:20 zhuqingyang-Rev-1-0 kernel: [   20.010220] cfg80211:     (start_freq - end_freq @ bandwidth), (max_antenna_gain, max_eirp)
Dec 20 11:14:20 zhuqingyang-Rev-1-0 kernel: [   20.010223] cfg80211:     (2402000 KHz - 2472000 KHz @ 40000 KHz), (300 mBi, 2000 mBm)
Dec 20 11:14:20 zhuqingyang-Rev-1-0 kernel: [   20.010225] cfg80211:     (2457000 KHz - 2482000 KHz @ 20000 KHz), (300 mBi, 2000 mBm)
Dec 20 11:14:20 zhuqingyang-Rev-1-0 kernel: [   20.010227] cfg80211:     (2474000 KHz - 2494000 KHz @ 20000 KHz), (300 mBi, 2000 mBm)
