Dec 19 09:14:57 zhuqingyang-Rev-1-0 rsyslogd: [origin software="rsyslogd" swVersion="5.8.6" x-pid="828" x-info="http://www.rsyslog.com"] rsyslogd was HUPed
Dec 19 09:16:12 zhuqingyang-Rev-1-0 anacron[984]: Job `cron.daily' terminated
Dec 19 09:16:12 zhuqingyang-Rev-1-0 anacron[984]: Normal exit (1 job run)
Dec 19 09:17:01 zhuqingyang-Rev-1-0 CRON[3137]: (root) CMD (   cd / && run-parts --report /etc/cron.hourly)
Dec 19 09:17:45 zhuqingyang-Rev-1-0 AptDaemon: INFO: Quitting due to inactivity
Dec 19 09:17:45 zhuqingyang-Rev-1-0 AptDaemon: INFO: Quitting was requested
Dec 19 09:19:35 zhuqingyang-Rev-1-0 NetworkManager[855]: <info> Starting VPN service 'vpnc'...
Dec 19 09:19:35 zhuqingyang-Rev-1-0 NetworkManager[855]: <info> VPN service 'vpnc' started (org.freedesktop.NetworkManager.vpnc), PID 3203
Dec 19 09:19:35 zhuqingyang-Rev-1-0 NetworkManager[855]: <info> VPN service 'vpnc' appeared; activating connections
Dec 19 09:19:35 zhuqingyang-Rev-1-0 NetworkManager[855]: <info> VPN plugin state changed: init (1)
Dec 19 09:19:36 zhuqingyang-Rev-1-0 NetworkManager[855]: <info> VPN plugin state changed: starting (3)
Dec 19 09:19:36 zhuqingyang-Rev-1-0 NetworkManager[855]: <info> VPN connection 'ipsec' (Connect) reply received.
Dec 19 09:19:46 zhuqingyang-Rev-1-0 NetworkManager[855]:    SCPlugin-Ifupdown: devices added (path: /sys/devices/virtual/net/tun0, iface: tun0)
Dec 19 09:19:46 zhuqingyang-Rev-1-0 NetworkManager[855]:    SCPlugin-Ifupdown: device added (path: /sys/devices/virtual/net/tun0, iface: tun0): no ifupdown configuration found.
Dec 19 09:19:47 zhuqingyang-Rev-1-0 NetworkManager[855]: <info> VPN connection 'ipsec' (IP Config Get) reply received.
Dec 19 09:19:47 zhuqingyang-Rev-1-0 NetworkManager[855]: <info> VPN Gateway: 69.85.87.177
Dec 19 09:19:47 zhuqingyang-Rev-1-0 NetworkManager[855]: <info> Tunnel Device: tun0
Dec 19 09:19:47 zhuqingyang-Rev-1-0 NetworkManager[855]: <info> Internal IP4 Address: 10.0.12.10
Dec 19 09:19:47 zhuqingyang-Rev-1-0 NetworkManager[855]: <info> Internal IP4 Prefix: 24
Dec 19 09:19:47 zhuqingyang-Rev-1-0 NetworkManager[855]: <info> Internal IP4 Point-to-Point Address: 10.0.12.10
Dec 19 09:19:47 zhuqingyang-Rev-1-0 NetworkManager[855]: <info> Maximum Segment Size (MSS): 0
Dec 19 09:19:47 zhuqingyang-Rev-1-0 NetworkManager[855]: <info> Forbid Default Route: no
Dec 19 09:19:47 zhuqingyang-Rev-1-0 NetworkManager[855]: <info> Internal IP4 DNS: 8.8.8.8
Dec 19 09:19:47 zhuqingyang-Rev-1-0 NetworkManager[855]: <info> DNS Domain: '(none)'
Dec 19 09:19:47 zhuqingyang-Rev-1-0 NetworkManager[855]: <info> Login Banner:
Dec 19 09:19:47 zhuqingyang-Rev-1-0 NetworkManager[855]: <info> -----------------------------------------
Dec 19 09:19:47 zhuqingyang-Rev-1-0 NetworkManager[855]: <info> Welcome to VIPIN network system!
Dec 19 09:19:47 zhuqingyang-Rev-1-0 NetworkManager[855]: <info> -----------------------------------------
Dec 19 09:19:48 zhuqingyang-Rev-1-0 NetworkManager[855]: <info> (tun0): writing resolv.conf to /sbin/resolvconf
Dec 19 09:19:48 zhuqingyang-Rev-1-0 dnsmasq[1564]: setting upstream servers from DBus
Dec 19 09:19:48 zhuqingyang-Rev-1-0 dnsmasq[1564]: using nameserver 8.8.8.8#53
Dec 19 09:19:48 zhuqingyang-Rev-1-0 NetworkManager[855]: <info> VPN connection 'ipsec' (IP Config Get) complete.
Dec 19 09:19:48 zhuqingyang-Rev-1-0 NetworkManager[855]: <info> Policy set 'ipsec' (tun0) as default for IPv4 routing and DNS.
Dec 19 09:19:48 zhuqingyang-Rev-1-0 NetworkManager[855]: <info> VPN plugin state changed: started (4)
Dec 19 09:19:48 zhuqingyang-Rev-1-0 dbus[831]: [system] Activating service name='org.freedesktop.nm_dispatcher' (using servicehelper)
Dec 19 09:19:48 zhuqingyang-Rev-1-0 dbus[831]: [system] Successfully activated service 'org.freedesktop.nm_dispatcher'
Dec 19 09:19:58 zhuqingyang-Rev-1-0 ntpdate[3252]: adjust time server 91.189.94.4 offset 0.018933 sec
Dec 19 09:24:40 zhuqingyang-Rev-1-0 NetworkManager[855]: <info> (tun0): writing resolv.conf to /sbin/resolvconf
Dec 19 09:24:40 zhuqingyang-Rev-1-0 dnsmasq[1564]: setting upstream servers from DBus
Dec 19 09:24:40 zhuqingyang-Rev-1-0 dnsmasq[1564]: using nameserver 192.168.1.1#53
Dec 19 09:24:40 zhuqingyang-Rev-1-0 dnsmasq[1564]: using nameserver 58.221.45.90#53
Dec 19 09:24:41 zhuqingyang-Rev-1-0 NetworkManager[855]: <info> Policy set 'Wired connection 1' (eth0) as default for IPv4 routing and DNS.
Dec 19 09:24:41 zhuqingyang-Rev-1-0 dbus[831]: [system] Activating service name='org.freedesktop.nm_dispatcher' (using servicehelper)
Dec 19 09:24:41 zhuqingyang-Rev-1-0 NetworkManager[855]:    SCPlugin-Ifupdown: devices removed (path: /sys/devices/virtual/net/tun0, iface: tun0)
Dec 19 09:24:41 zhuqingyang-Rev-1-0 dbus[831]: [system] Successfully activated service 'org.freedesktop.nm_dispatcher'
Dec 19 09:24:46 zhuqingyang-Rev-1-0 NetworkManager[855]: <info> VPN service 'vpnc' disappeared
Dec 19 09:26:03 zhuqingyang-Rev-1-0 NetworkManager[855]: <info> Starting VPN service 'vpnc'...
Dec 19 09:26:03 zhuqingyang-Rev-1-0 NetworkManager[855]: <info> VPN service 'vpnc' started (org.freedesktop.NetworkManager.vpnc), PID 3699
Dec 19 09:26:03 zhuqingyang-Rev-1-0 NetworkManager[855]: <info> VPN service 'vpnc' appeared; activating connections
Dec 19 09:26:03 zhuqingyang-Rev-1-0 NetworkManager[855]: <info> VPN plugin state changed: init (1)
Dec 19 09:26:03 zhuqingyang-Rev-1-0 NetworkManager[855]: <info> VPN plugin state changed: starting (3)
Dec 19 09:26:03 zhuqingyang-Rev-1-0 NetworkManager[855]: <info> VPN connection 'ipsec' (Connect) reply received.
Dec 19 09:26:03 zhuqingyang-Rev-1-0 NetworkManager[855]:    SCPlugin-Ifupdown: devices added (path: /sys/devices/virtual/net/tun0, iface: tun0)
Dec 19 09:26:03 zhuqingyang-Rev-1-0 NetworkManager[855]:    SCPlugin-Ifupdown: device added (path: /sys/devices/virtual/net/tun0, iface: tun0): no ifupdown configuration found.
Dec 19 09:26:04 zhuqingyang-Rev-1-0 NetworkManager[855]: <info> VPN connection 'ipsec' (IP Config Get) reply received.
Dec 19 09:26:04 zhuqingyang-Rev-1-0 NetworkManager[855]: <info> VPN Gateway: 69.85.85.116
Dec 19 09:26:04 zhuqingyang-Rev-1-0 NetworkManager[855]: <info> Tunnel Device: tun0
Dec 19 09:26:04 zhuqingyang-Rev-1-0 NetworkManager[855]: <info> Internal IP4 Address: 10.0.12.11
Dec 19 09:26:04 zhuqingyang-Rev-1-0 NetworkManager[855]: <info> Internal IP4 Prefix: 24
Dec 19 09:26:04 zhuqingyang-Rev-1-0 NetworkManager[855]: <info> Internal IP4 Point-to-Point Address: 10.0.12.11
Dec 19 09:26:04 zhuqingyang-Rev-1-0 NetworkManager[855]: <info> Maximum Segment Size (MSS): 0
Dec 19 09:26:04 zhuqingyang-Rev-1-0 NetworkManager[855]: <info> Forbid Default Route: no
Dec 19 09:26:04 zhuqingyang-Rev-1-0 NetworkManager[855]: <info> Internal IP4 DNS: 8.8.8.8
Dec 19 09:26:04 zhuqingyang-Rev-1-0 NetworkManager[855]: <info> DNS Domain: '(none)'
Dec 19 09:26:04 zhuqingyang-Rev-1-0 NetworkManager[855]: <info> Login Banner:
Dec 19 09:26:04 zhuqingyang-Rev-1-0 NetworkManager[855]: <info> -----------------------------------------
Dec 19 09:26:04 zhuqingyang-Rev-1-0 NetworkManager[855]: <info> Welcome to VIPIN network system!
Dec 19 09:26:04 zhuqingyang-Rev-1-0 NetworkManager[855]: <info> -----------------------------------------
Dec 19 09:26:05 zhuqingyang-Rev-1-0 NetworkManager[855]: <info> (tun0): writing resolv.conf to /sbin/resolvconf
Dec 19 09:26:05 zhuqingyang-Rev-1-0 dnsmasq[1564]: setting upstream servers from DBus
Dec 19 09:26:05 zhuqingyang-Rev-1-0 dnsmasq[1564]: using nameserver 8.8.8.8#53
Dec 19 09:26:05 zhuqingyang-Rev-1-0 NetworkManager[855]: <info> VPN connection 'ipsec' (IP Config Get) complete.
Dec 19 09:26:05 zhuqingyang-Rev-1-0 NetworkManager[855]: <info> Policy set 'ipsec' (tun0) as default for IPv4 routing and DNS.
Dec 19 09:26:05 zhuqingyang-Rev-1-0 NetworkManager[855]: <info> VPN plugin state changed: started (4)
Dec 19 09:26:05 zhuqingyang-Rev-1-0 dbus[831]: [system] Activating service name='org.freedesktop.nm_dispatcher' (using servicehelper)
Dec 19 09:26:05 zhuqingyang-Rev-1-0 dbus[831]: [system] Successfully activated service 'org.freedesktop.nm_dispatcher'
Dec 19 09:26:15 zhuqingyang-Rev-1-0 ntpdate[3745]: adjust time server 91.189.89.199 offset 0.029930 sec
Dec 19 09:29:46 zhuqingyang-Rev-1-0 kernel: [ 1222.905772] warning: `VirtualBox' uses 32-bit capabilities (legacy support in use)
Dec 19 09:29:48 zhuqingyang-Rev-1-0 NetworkManager[855]:    SCPlugin-Ifupdown: devices added (path: /sys/devices/virtual/net/vboxnet0, iface: vboxnet0)
Dec 19 09:29:48 zhuqingyang-Rev-1-0 NetworkManager[855]:    SCPlugin-Ifupdown: device added (path: /sys/devices/virtual/net/vboxnet0, iface: vboxnet0): no ifupdown configuration found.
Dec 19 09:29:48 zhuqingyang-Rev-1-0 NetworkManager[855]: <warn> /sys/devices/virtual/net/vboxnet0: couldn't determine device driver; ignoring...
Dec 19 09:42:23 zhuqingyang-Rev-1-0 NetworkManager[855]: <info> (tun0): writing resolv.conf to /sbin/resolvconf
Dec 19 09:42:23 zhuqingyang-Rev-1-0 dnsmasq[1564]: setting upstream servers from DBus
Dec 19 09:42:23 zhuqingyang-Rev-1-0 dnsmasq[1564]: using nameserver 192.168.1.1#53
Dec 19 09:42:23 zhuqingyang-Rev-1-0 dnsmasq[1564]: using nameserver 58.221.45.90#53
Dec 19 09:42:24 zhuqingyang-Rev-1-0 NetworkManager[855]: <info> Policy set 'Wired connection 1' (eth0) as default for IPv4 routing and DNS.
Dec 19 09:42:24 zhuqingyang-Rev-1-0 dbus[831]: [system] Activating service name='org.freedesktop.nm_dispatcher' (using servicehelper)
Dec 19 09:42:24 zhuqingyang-Rev-1-0 NetworkManager[855]:    SCPlugin-Ifupdown: devices removed (path: /sys/devices/virtual/net/tun0, iface: tun0)
Dec 19 09:42:24 zhuqingyang-Rev-1-0 dbus[831]: [system] Successfully activated service 'org.freedesktop.nm_dispatcher'
Dec 19 09:42:29 zhuqingyang-Rev-1-0 NetworkManager[855]: <info> VPN service 'vpnc' disappeared
Dec 19 10:11:35 zhuqingyang-Rev-1-0 dhclient: DHCPREQUEST of 192.168.1.103 on eth0 to 192.168.1.1 port 67
Dec 19 10:11:35 zhuqingyang-Rev-1-0 dhclient: DHCPACK of 192.168.1.103 from 192.168.1.1
Dec 19 10:11:35 zhuqingyang-Rev-1-0 dhclient: bound to 192.168.1.103 -- renewal in 3034 seconds.
Dec 19 10:11:35 zhuqingyang-Rev-1-0 NetworkManager[855]: <info> (eth0): DHCPv4 state changed reboot -> renew
Dec 19 10:11:35 zhuqingyang-Rev-1-0 NetworkManager[855]: <info>   address 192.168.1.103
Dec 19 10:11:35 zhuqingyang-Rev-1-0 NetworkManager[855]: <info>   prefix 24 (255.255.255.0)
Dec 19 10:11:35 zhuqingyang-Rev-1-0 NetworkManager[855]: <info>   gateway 192.168.1.1
Dec 19 10:11:35 zhuqingyang-Rev-1-0 NetworkManager[855]: <info>   nameserver '58.221.45.90'
Dec 19 10:11:35 zhuqingyang-Rev-1-0 NetworkManager[855]: <info>   nameserver '192.168.1.1'
Dec 19 10:11:35 zhuqingyang-Rev-1-0 dbus[831]: [system] Activating service name='org.freedesktop.nm_dispatcher' (using servicehelper)
Dec 19 10:11:35 zhuqingyang-Rev-1-0 dbus[831]: [system] Successfully activated service 'org.freedesktop.nm_dispatcher'
Dec 19 10:17:01 zhuqingyang-Rev-1-0 CRON[5544]: (root) CMD (   cd / && run-parts --report /etc/cron.hourly)
Dec 19 10:33:13 zhuqingyang-Rev-1-0 NetworkManager[855]: <info> Starting VPN service 'vpnc'...
Dec 19 10:33:13 zhuqingyang-Rev-1-0 NetworkManager[855]: <info> VPN service 'vpnc' started (org.freedesktop.NetworkManager.vpnc), PID 6011
Dec 19 10:33:13 zhuqingyang-Rev-1-0 NetworkManager[855]: <info> VPN service 'vpnc' appeared; activating connections
Dec 19 10:33:14 zhuqingyang-Rev-1-0 NetworkManager[855]: <info> VPN plugin state changed: starting (3)
Dec 19 10:33:14 zhuqingyang-Rev-1-0 NetworkManager[855]: <info> VPN connection 'ipsec' (Connect) reply received.
Dec 19 10:33:14 zhuqingyang-Rev-1-0 NetworkManager[855]:    SCPlugin-Ifupdown: devices added (path: /sys/devices/virtual/net/tun0, iface: tun0)
Dec 19 10:33:14 zhuqingyang-Rev-1-0 NetworkManager[855]:    SCPlugin-Ifupdown: device added (path: /sys/devices/virtual/net/tun0, iface: tun0): no ifupdown configuration found.
Dec 19 10:33:15 zhuqingyang-Rev-1-0 NetworkManager[855]:    SCPlugin-Ifupdown: devices removed (path: /sys/devices/virtual/net/tun0, iface: tun0)
Dec 19 10:33:15 zhuqingyang-Rev-1-0 NetworkManager[855]: <warn> VPN plugin failed: 0
Dec 19 10:33:15 zhuqingyang-Rev-1-0 NetworkManager[855]: <info> VPN plugin state changed: stopped (6)
Dec 19 10:33:15 zhuqingyang-Rev-1-0 NetworkManager[855]: <info> VPN plugin state change reason: 10
Dec 19 10:33:15 zhuqingyang-Rev-1-0 NetworkManager[855]: <warn> error disconnecting VPN: Could not process the request because no VPN connection was active.
Dec 19 10:33:15 zhuqingyang-Rev-1-0 NetworkManager[855]: <info> Policy set 'Wired connection 1' (eth0) as default for IPv4 routing and DNS.
Dec 19 10:33:20 zhuqingyang-Rev-1-0 NetworkManager[855]: <info> VPN service 'vpnc' disappeared
Dec 19 10:33:22 zhuqingyang-Rev-1-0 NetworkManager[855]: <info> Starting VPN service 'vpnc'...
Dec 19 10:33:22 zhuqingyang-Rev-1-0 NetworkManager[855]: <info> VPN service 'vpnc' started (org.freedesktop.NetworkManager.vpnc), PID 6038
Dec 19 10:33:22 zhuqingyang-Rev-1-0 NetworkManager[855]: <info> VPN service 'vpnc' appeared; activating connections
Dec 19 10:33:22 zhuqingyang-Rev-1-0 NetworkManager[855]: <info> VPN plugin state changed: init (1)
Dec 19 10:33:22 zhuqingyang-Rev-1-0 NetworkManager[855]: <info> VPN plugin state changed: starting (3)
Dec 19 10:33:22 zhuqingyang-Rev-1-0 NetworkManager[855]: <info> VPN connection 'ipsec' (Connect) reply received.
Dec 19 10:33:22 zhuqingyang-Rev-1-0 NetworkManager[855]:    SCPlugin-Ifupdown: devices added (path: /sys/devices/virtual/net/tun0, iface: tun0)
Dec 19 10:33:22 zhuqingyang-Rev-1-0 NetworkManager[855]:    SCPlugin-Ifupdown: device added (path: /sys/devices/virtual/net/tun0, iface: tun0): no ifupdown configuration found.
Dec 19 10:33:23 zhuqingyang-Rev-1-0 NetworkManager[855]: <info> VPN connection 'ipsec' (IP Config Get) reply received.
Dec 19 10:33:23 zhuqingyang-Rev-1-0 NetworkManager[855]: <info> VPN Gateway: 206.253.164.96
Dec 19 10:33:23 zhuqingyang-Rev-1-0 NetworkManager[855]: <info> Tunnel Device: tun0
Dec 19 10:33:23 zhuqingyang-Rev-1-0 NetworkManager[855]: <info> Internal IP4 Address: 10.0.12.11
Dec 19 10:33:23 zhuqingyang-Rev-1-0 NetworkManager[855]: <info> Internal IP4 Prefix: 24
Dec 19 10:33:23 zhuqingyang-Rev-1-0 NetworkManager[855]: <info> Internal IP4 Point-to-Point Address: 10.0.12.11
Dec 19 10:33:23 zhuqingyang-Rev-1-0 NetworkManager[855]: <info> Maximum Segment Size (MSS): 0
Dec 19 10:33:23 zhuqingyang-Rev-1-0 NetworkManager[855]: <info> Forbid Default Route: no
Dec 19 10:33:23 zhuqingyang-Rev-1-0 NetworkManager[855]: <info> Internal IP4 DNS: 8.8.8.8
Dec 19 10:33:23 zhuqingyang-Rev-1-0 NetworkManager[855]: <info> DNS Domain: '(none)'
Dec 19 10:33:23 zhuqingyang-Rev-1-0 NetworkManager[855]: <info> Login Banner:
Dec 19 10:33:23 zhuqingyang-Rev-1-0 NetworkManager[855]: <info> -----------------------------------------
Dec 19 10:33:23 zhuqingyang-Rev-1-0 NetworkManager[855]: <info> Welcome to VIPIN network system!
Dec 19 10:33:23 zhuqingyang-Rev-1-0 NetworkManager[855]: <info> -----------------------------------------
Dec 19 10:33:24 zhuqingyang-Rev-1-0 NetworkManager[855]: <info> (tun0): writing resolv.conf to /sbin/resolvconf
Dec 19 10:33:24 zhuqingyang-Rev-1-0 dnsmasq[1564]: setting upstream servers from DBus
Dec 19 10:33:24 zhuqingyang-Rev-1-0 dnsmasq[1564]: using nameserver 8.8.8.8#53
Dec 19 10:33:24 zhuqingyang-Rev-1-0 NetworkManager[855]: <info> VPN connection 'ipsec' (IP Config Get) complete.
Dec 19 10:33:24 zhuqingyang-Rev-1-0 NetworkManager[855]: <info> Policy set 'ipsec' (tun0) as default for IPv4 routing and DNS.
Dec 19 10:33:24 zhuqingyang-Rev-1-0 NetworkManager[855]: <info> VPN plugin state changed: started (4)
Dec 19 10:33:24 zhuqingyang-Rev-1-0 dbus[831]: [system] Activating service name='org.freedesktop.nm_dispatcher' (using servicehelper)
Dec 19 10:33:24 zhuqingyang-Rev-1-0 dbus[831]: [system] Successfully activated service 'org.freedesktop.nm_dispatcher'
Dec 19 10:33:34 zhuqingyang-Rev-1-0 ntpdate[6085]: adjust time server 91.189.89.199 offset -0.035234 sec
Dec 19 11:02:10 zhuqingyang-Rev-1-0 dhclient: DHCPREQUEST of 192.168.1.103 on eth0 to 192.168.1.1 port 67
Dec 19 11:02:10 zhuqingyang-Rev-1-0 dhclient: DHCPACK of 192.168.1.103 from 192.168.1.1
Dec 19 11:02:10 zhuqingyang-Rev-1-0 dhclient: bound to 192.168.1.103 -- renewal in 3408 seconds.
Dec 19 11:17:01 zhuqingyang-Rev-1-0 CRON[7589]: (root) CMD (   cd / && run-parts --report /etc/cron.hourly)
Dec 19 11:21:39 zhuqingyang-Rev-1-0 NetworkManager[855]: <info> (tun0): writing resolv.conf to /sbin/resolvconf
Dec 19 11:21:39 zhuqingyang-Rev-1-0 dnsmasq[1564]: setting upstream servers from DBus
Dec 19 11:21:39 zhuqingyang-Rev-1-0 dnsmasq[1564]: using nameserver 192.168.1.1#53
Dec 19 11:21:39 zhuqingyang-Rev-1-0 dnsmasq[1564]: using nameserver 58.221.45.90#53
Dec 19 11:21:40 zhuqingyang-Rev-1-0 NetworkManager[855]: <info> Policy set 'Wired connection 1' (eth0) as default for IPv4 routing and DNS.
Dec 19 11:21:40 zhuqingyang-Rev-1-0 dbus[831]: [system] Activating service name='org.freedesktop.nm_dispatcher' (using servicehelper)
Dec 19 11:21:40 zhuqingyang-Rev-1-0 NetworkManager[855]:    SCPlugin-Ifupdown: devices removed (path: /sys/devices/virtual/net/tun0, iface: tun0)
Dec 19 11:21:40 zhuqingyang-Rev-1-0 dbus[831]: [system] Successfully activated service 'org.freedesktop.nm_dispatcher'
Dec 19 11:21:45 zhuqingyang-Rev-1-0 NetworkManager[855]: <info> VPN service 'vpnc' disappeared
Dec 19 11:22:43 zhuqingyang-Rev-1-0 NetworkManager[855]: <info> sleep requested (sleeping: no  enabled: yes)
Dec 19 11:22:43 zhuqingyang-Rev-1-0 NetworkManager[855]: <info> sleeping or disabling...
Dec 19 11:22:43 zhuqingyang-Rev-1-0 NetworkManager[855]: <info> (eth0): now unmanaged
Dec 19 11:22:43 zhuqingyang-Rev-1-0 NetworkManager[855]: <info> (eth0): device state change: activated -> unmanaged (reason 'sleeping') [100 10 37]
Dec 19 11:22:43 zhuqingyang-Rev-1-0 NetworkManager[855]: <info> (eth0): deactivating device (reason 'sleeping') [37]
Dec 19 11:22:44 zhuqingyang-Rev-1-0 NetworkManager[855]: <info> (eth0): canceled DHCP transaction, DHCP client pid 2574
Dec 19 11:22:44 zhuqingyang-Rev-1-0 dnsmasq[1564]: setting upstream servers from DBus
Dec 19 11:22:44 zhuqingyang-Rev-1-0 NetworkManager[855]: <warn> DNS: plugin dnsmasq update failed
Dec 19 11:22:44 zhuqingyang-Rev-1-0 NetworkManager[855]: <info> (eth0): removing resolv.conf from /sbin/resolvconf
Dec 19 11:22:44 zhuqingyang-Rev-1-0 NetworkManager[855]: <info> (eth0): cleaning up...
Dec 19 11:22:44 zhuqingyang-Rev-1-0 NetworkManager[855]: <info> (eth0): taking down device.
Dec 19 11:22:44 zhuqingyang-Rev-1-0 dbus[831]: [system] Activating service name='org.freedesktop.nm_dispatcher' (using servicehelper)
Dec 19 11:22:44 zhuqingyang-Rev-1-0 NetworkManager[855]: <info> (wlan0): now unmanaged
Dec 19 11:22:44 zhuqingyang-Rev-1-0 NetworkManager[855]: <info> (wlan0): device state change: unavailable -> unmanaged (reason 'sleeping') [20 10 37]
Dec 19 11:22:44 zhuqingyang-Rev-1-0 NetworkManager[855]: <info> (eth0): carrier now OFF (device state 10)
Dec 19 11:22:44 zhuqingyang-Rev-1-0 dbus[831]: [system] Successfully activated service 'org.freedesktop.nm_dispatcher'
Dec 19 11:22:44 zhuqingyang-Rev-1-0 anacron[7980]: Anacron 2.3 started on 2014-12-19
Dec 19 11:22:45 zhuqingyang-Rev-1-0 anacron[7980]: Normal exit (0 jobs run)
Dec 19 11:22:47 zhuqingyang-Rev-1-0 kernel: [ 7993.876580] PM: Syncing filesystems ... done.
Dec 19 11:22:47 zhuqingyang-Rev-1-0 kernel: [ 7993.880741] PM: Preparing system for mem sleep
Dec 19 12:18:15 zhuqingyang-Rev-1-0 kernel: [ 7994.161536] Freezing user space processes ... (elapsed 0.01 seconds) done.
Dec 19 12:18:15 zhuqingyang-Rev-1-0 kernel: [ 7994.177432] Freezing remaining freezable tasks ... (elapsed 0.01 seconds) done.
Dec 19 12:18:15 zhuqingyang-Rev-1-0 kernel: [ 7994.193402] PM: Entering mem sleep
Dec 19 12:18:15 zhuqingyang-Rev-1-0 kernel: [ 7994.193431] Suspending console(s) (use no_console_suspend to debug)
Dec 19 12:18:15 zhuqingyang-Rev-1-0 kernel: [ 7994.211917] sd 1:0:0:0: [sda] Synchronizing SCSI cache
Dec 19 12:18:15 zhuqingyang-Rev-1-0 kernel: [ 7994.212073] sd 1:0:0:0: [sda] Stopping disk
Dec 19 12:18:15 zhuqingyang-Rev-1-0 kernel: [ 7994.212197] ata_piix 0000:00:1f.5: PCI INT B disabled
Dec 19 12:18:15 zhuqingyang-Rev-1-0 kernel: [ 7994.241240] ehci_hcd 0000:00:1a.0: PCI INT A disabled
Dec 19 12:18:15 zhuqingyang-Rev-1-0 kernel: [ 7994.301070] ehci_hcd 0000:00:1d.0: PCI INT A disabled
Dec 19 12:18:15 zhuqingyang-Rev-1-0 kernel: [ 7994.334408] e1000e 0000:00:19.0: PME# enabled
Dec 19 12:18:15 zhuqingyang-Rev-1-0 kernel: [ 7994.335030] e1000e 0000:00:19.0: wake-up capability enabled by ACPI
Dec 19 12:18:15 zhuqingyang-Rev-1-0 kernel: [ 7994.349089] PM: suspend of drv:e1000e dev:0000:00:19.0 complete after 137.079 msecs
Dec 19 12:18:15 zhuqingyang-Rev-1-0 kernel: [ 7994.572995] snd_hda_intel 0000:00:1b.0: PCI INT A disabled
Dec 19 12:18:15 zhuqingyang-Rev-1-0 kernel: [ 7994.588725] PM: suspend of drv:snd_hda_intel dev:0000:00:1b.0 complete after 377.106 msecs
Dec 19 12:18:15 zhuqingyang-Rev-1-0 kernel: [ 7994.652138] PM: suspend of drv:sd dev:1:0:0:0 complete after 440.873 msecs
Dec 19 12:18:15 zhuqingyang-Rev-1-0 kernel: [ 7994.652219] PM: suspend of drv:scsi dev:target1:0:0 complete after 440.952 msecs
Dec 19 12:18:15 zhuqingyang-Rev-1-0 kernel: [ 7994.652263] PM: suspend of drv:scsi dev:host1 complete after 440.947 msecs
Dec 19 12:18:15 zhuqingyang-Rev-1-0 kernel: [ 7994.652513] ata_piix 0000:00:1f.2: PCI INT B disabled
Dec 19 12:18:15 zhuqingyang-Rev-1-0 kernel: [ 7994.664620] PM: suspend of drv:ata_piix dev:0000:00:1f.2 complete after 453.167 msecs
Dec 19 12:18:15 zhuqingyang-Rev-1-0 kernel: [ 7994.664662] PM: suspend of drv: dev:pci0000:00 complete after 453.048 msecs
Dec 19 12:18:15 zhuqingyang-Rev-1-0 kernel: [ 7994.664721] PM: suspend of devices complete after 471.923 msecs
Dec 19 12:18:15 zhuqingyang-Rev-1-0 kernel: [ 7994.664723] PM: suspend devices took 0.472 seconds
Dec 19 12:18:15 zhuqingyang-Rev-1-0 kernel: [ 7994.680732] ehci_hcd 0000:00:1d.0: PME# enabled
Dec 19 12:18:15 zhuqingyang-Rev-1-0 kernel: [ 7994.680763] ehci_hcd 0000:00:1d.0: wake-up capability enabled by ACPI
Dec 19 12:18:15 zhuqingyang-Rev-1-0 kernel: [ 7994.696660] ehci_hcd 0000:00:1a.0: PME# enabled
Dec 19 12:18:15 zhuqingyang-Rev-1-0 kernel: [ 7994.696690] ehci_hcd 0000:00:1a.0: wake-up capability enabled by ACPI
Dec 19 12:18:15 zhuqingyang-Rev-1-0 kernel: [ 7994.728605] PM: late suspend of devices complete after 63.972 msecs
Dec 19 12:18:15 zhuqingyang-Rev-1-0 kernel: [ 7994.728808] ACPI: Preparing to enter system sleep state S3
Dec 19 12:18:15 zhuqingyang-Rev-1-0 kernel: [ 7994.768541] PM: Saving platform NVS memory
Dec 19 12:18:15 zhuqingyang-Rev-1-0 kernel: [ 7994.768969] Disabling non-boot CPUs ...
Dec 19 12:18:15 zhuqingyang-Rev-1-0 kernel: [ 7994.872299] CPU 1 is now offline
Dec 19 12:18:15 zhuqingyang-Rev-1-0 kernel: [ 7994.976145] CPU 2 is now offline
Dec 19 12:18:15 zhuqingyang-Rev-1-0 kernel: [ 7994.976929] Broke affinity for irq 23
Dec 19 12:18:15 zhuqingyang-Rev-1-0 kernel: [ 7995.079983] CPU 3 is now offline
Dec 19 12:18:15 zhuqingyang-Rev-1-0 kernel: [ 7995.080329] Extended CMOS year: 2000
Dec 19 12:18:15 zhuqingyang-Rev-1-0 kernel: [ 7995.080621] ACPI: Low-level resume complete
Dec 19 12:18:15 zhuqingyang-Rev-1-0 kernel: [ 7995.080657] PM: Restoring platform NVS memory
Dec 19 12:18:15 zhuqingyang-Rev-1-0 kernel: [ 7995.081018] Extended CMOS year: 2000
Dec 19 12:18:15 zhuqingyang-Rev-1-0 kernel: [ 7995.081037] Enabling non-boot CPUs ...
Dec 19 12:18:15 zhuqingyang-Rev-1-0 kernel: [ 7995.081138] Booting Node 0 Processor 1 APIC 0x2
Dec 19 12:18:15 zhuqingyang-Rev-1-0 kernel: [ 7995.081140] smpboot cpu 1: start_ip = 98000
Dec 19 12:18:15 zhuqingyang-Rev-1-0 kernel: [ 7995.091407] Initializing CPU#1
Dec 19 12:18:15 zhuqingyang-Rev-1-0 kernel: [ 7995.092148] Calibrating delay loop (skipped) already calibrated this CPU
Dec 19 12:18:15 zhuqingyang-Rev-1-0 kernel: [ 7995.112404] NMI watchdog enabled, takes one hw-pmu counter.
Dec 19 12:18:15 zhuqingyang-Rev-1-0 kernel: [ 7995.112635] CPU1 is up
Dec 19 12:18:15 zhuqingyang-Rev-1-0 kernel: [ 7995.112695] Booting Node 0 Processor 2 APIC 0x1
Dec 19 12:18:15 zhuqingyang-Rev-1-0 kernel: [ 7995.112697] smpboot cpu 2: start_ip = 98000
Dec 19 12:18:15 zhuqingyang-Rev-1-0 kernel: [ 7995.123007] Initializing CPU#2
Dec 19 12:18:15 zhuqingyang-Rev-1-0 kernel: [ 7995.123705] Calibrating delay loop (skipped) already calibrated this CPU
Dec 19 12:18:15 zhuqingyang-Rev-1-0 kernel: [ 7995.144069] NMI watchdog enabled, takes one hw-pmu counter.
Dec 19 12:18:15 zhuqingyang-Rev-1-0 kernel: [ 7995.144360] CPU2 is up
Dec 19 12:18:15 zhuqingyang-Rev-1-0 kernel: [ 7995.144413] Booting Node 0 Processor 3 APIC 0x3
Dec 19 12:18:15 zhuqingyang-Rev-1-0 kernel: [ 7995.144415] smpboot cpu 3: start_ip = 98000
Dec 19 12:18:15 zhuqingyang-Rev-1-0 kernel: [ 7995.154682] Initializing CPU#3
Dec 19 12:18:15 zhuqingyang-Rev-1-0 kernel: [ 7995.155423] Calibrating delay loop (skipped) already calibrated this CPU
Dec 19 12:18:15 zhuqingyang-Rev-1-0 kernel: [ 7995.175889] NMI watchdog enabled, takes one hw-pmu counter.
Dec 19 12:18:15 zhuqingyang-Rev-1-0 kernel: [ 7995.176108] CPU3 is up
Dec 19 12:18:15 zhuqingyang-Rev-1-0 kernel: [ 7995.179691] ACPI: Waking up from system sleep state S3
Dec 19 12:18:15 zhuqingyang-Rev-1-0 kernel: [ 7995.408342] i915 0000:00:02.0: restoring config space at offset 0xf (was 0x100, writing 0x10b)
Dec 19 12:18:15 zhuqingyang-Rev-1-0 kernel: [ 7995.408349] i915 0000:00:02.0: restoring config space at offset 0x1 (was 0x900007, writing 0x900407)
Dec 19 12:18:15 zhuqingyang-Rev-1-0 kernel: [ 7995.408380] mei 0000:00:16.0: restoring config space at offset 0x1 (was 0x180002, writing 0x180006)
Dec 19 12:18:15 zhuqingyang-Rev-1-0 kernel: [ 7995.408431] ehci_hcd 0000:00:1a.0: restoring config space at offset 0xf (was 0x100, writing 0x10b)
Dec 19 12:18:15 zhuqingyang-Rev-1-0 kernel: [ 7995.408445] ehci_hcd 0000:00:1a.0: restoring config space at offset 0x4 (was 0x0, writing 0xf4928000)
Dec 19 12:18:15 zhuqingyang-Rev-1-0 kernel: [ 7995.408452] ehci_hcd 0000:00:1a.0: restoring config space at offset 0x1 (was 0x2900000, writing 0x2900102)
Dec 19 12:18:15 zhuqingyang-Rev-1-0 kernel: [ 7995.408480] ehci_hcd 0000:00:1a.0: wake-up capability disabled by ACPI
Dec 19 12:18:15 zhuqingyang-Rev-1-0 kernel: [ 7995.408484] ehci_hcd 0000:00:1a.0: PME# disabled
Dec 19 12:18:15 zhuqingyang-Rev-1-0 kernel: [ 7995.408508] snd_hda_intel 0000:00:1b.0: restoring config space at offset 0x3 (was 0x0, writing 0x10)
Dec 19 12:18:15 zhuqingyang-Rev-1-0 kernel: [ 7995.408513] snd_hda_intel 0000:00:1b.0: restoring config space at offset 0x1 (was 0x100006, writing 0x100102)
Dec 19 12:18:15 zhuqingyang-Rev-1-0 kernel: [ 7995.408538] pcieport 0000:00:1c.0: restoring config space at offset 0xf (was 0x100, writing 0x10b)
Dec 19 12:18:15 zhuqingyang-Rev-1-0 kernel: [ 7995.408547] pcieport 0000:00:1c.0: restoring config space at offset 0x9 (was 0x10001, writing 0xf3f1f001)
Dec 19 12:18:15 zhuqingyang-Rev-1-0 kernel: [ 7995.408551] pcieport 0000:00:1c.0: restoring config space at offset 0x8 (was 0x0, writing 0xf450f440)
Dec 19 12:18:15 zhuqingyang-Rev-1-0 kernel: [ 7995.408555] pcieport 0000:00:1c.0: restoring config space at offset 0x7 (was 0x20000000, writing 0x2020)
Dec 19 12:18:15 zhuqingyang-Rev-1-0 kernel: [ 7995.408559] pcieport 0000:00:1c.0: restoring config space at offset 0x6 (was 0x0, writing 0x40300)
Dec 19 12:18:15 zhuqingyang-Rev-1-0 kernel: [ 7995.408565] pcieport 0000:00:1c.0: restoring config space at offset 0x3 (was 0x810000, writing 0x810010)
Dec 19 12:18:15 zhuqingyang-Rev-1-0 kernel: [ 7995.408570] pcieport 0000:00:1c.0: restoring config space at offset 0x1 (was 0x100000, writing 0x100107)
Dec 19 12:18:15 zhuqingyang-Rev-1-0 kernel: [ 7995.408600] pcieport 0000:00:1c.2: restoring config space at offset 0xf (was 0x300, writing 0x305)
Dec 19 12:18:15 zhuqingyang-Rev-1-0 kernel: [ 7995.408609] pcieport 0000:00:1c.2: restoring config space at offset 0x9 (was 0x10001, writing 0x1fff1)
Dec 19 12:18:15 zhuqingyang-Rev-1-0 kernel: [ 7995.408614] pcieport 0000:00:1c.2: restoring config space at offset 0x8 (was 0x0, writing 0xf460f460)
Dec 19 12:18:15 zhuqingyang-Rev-1-0 kernel: [ 7995.408618] pcieport 0000:00:1c.2: restoring config space at offset 0x7 (was 0x0, writing 0x200000f0)
Dec 19 12:18:15 zhuqingyang-Rev-1-0 kernel: [ 7995.408621] pcieport 0000:00:1c.2: restoring config space at offset 0x6 (was 0x0, writing 0x50500)
Dec 19 12:18:15 zhuqingyang-Rev-1-0 kernel: [ 7995.408627] pcieport 0000:00:1c.2: restoring config space at offset 0x3 (was 0x810000, writing 0x810010)
Dec 19 12:18:15 zhuqingyang-Rev-1-0 kernel: [ 7995.408632] pcieport 0000:00:1c.2: restoring config space at offset 0x1 (was 0x100000, writing 0x100107)
Dec 19 12:18:15 zhuqingyang-Rev-1-0 kernel: [ 7995.408660] ehci_hcd 0000:00:1d.0: restoring config space at offset 0xf (was 0x100, writing 0x10a)
Dec 19 12:18:15 zhuqingyang-Rev-1-0 kernel: [ 7995.408674] ehci_hcd 0000:00:1d.0: restoring config space at offset 0x4 (was 0x0, writing 0xf4929000)
Dec 19 12:18:15 zhuqingyang-Rev-1-0 kernel: [ 7995.408681] ehci_hcd 0000:00:1d.0: restoring config space at offset 0x1 (was 0x2900000, writing 0x2900102)
Dec 19 12:18:15 zhuqingyang-Rev-1-0 kernel: [ 7995.408704] ehci_hcd 0000:00:1d.0: wake-up capability disabled by ACPI
Dec 19 12:18:15 zhuqingyang-Rev-1-0 kernel: [ 7995.408708] ehci_hcd 0000:00:1d.0: PME# disabled
Dec 19 12:18:15 zhuqingyang-Rev-1-0 kernel: [ 7995.408750] ata_piix 0000:00:1f.2: restoring config space at offset 0xf (was 0x200, writing 0x20a)
Dec 19 12:18:15 zhuqingyang-Rev-1-0 kernel: [ 7995.408794] ata_piix 0000:00:1f.5: restoring config space at offset 0xf (was 0x200, writing 0x20a)
Dec 19 12:18:15 zhuqingyang-Rev-1-0 kernel: [ 7995.408852] iwlwifi 0000:05:00.0: restoring config space at offset 0xf (was 0x100, writing 0x105)
Dec 19 12:18:15 zhuqingyang-Rev-1-0 kernel: [ 7995.408890] iwlwifi 0000:05:00.0: restoring config space at offset 0x4 (was 0x4, writing 0xf4600004)
Dec 19 12:18:15 zhuqingyang-Rev-1-0 kernel: [ 7995.408898] iwlwifi 0000:05:00.0: restoring config space at offset 0x3 (was 0x0, writing 0x10)
Dec 19 12:18:15 zhuqingyang-Rev-1-0 kernel: [ 7995.408909] iwlwifi 0000:05:00.0: restoring config space at offset 0x1 (was 0x100000, writing 0x100106)
Dec 19 12:18:15 zhuqingyang-Rev-1-0 kernel: [ 7995.409039] PM: early resume of devices complete after 0.730 msecs
Dec 19 12:18:15 zhuqingyang-Rev-1-0 kernel: [ 7995.409116] i915 0000:00:02.0: setting latency timer to 64
Dec 19 12:18:15 zhuqingyang-Rev-1-0 kernel: [ 7995.409153] mei 0000:00:16.0: irq 40 for MSI/MSI-X
Dec 19 12:18:15 zhuqingyang-Rev-1-0 kernel: [ 7995.409157] ehci_hcd 0000:00:1a.0: PCI INT A -> GSI 16 (level, low) -> IRQ 16
Dec 19 12:18:15 zhuqingyang-Rev-1-0 kernel: [ 7995.409164] ehci_hcd 0000:00:1a.0: setting latency timer to 64
Dec 19 12:18:15 zhuqingyang-Rev-1-0 kernel: [ 7995.409181] snd_hda_intel 0000:00:1b.0: PCI INT A -> GSI 22 (level, low) -> IRQ 22
Dec 19 12:18:15 zhuqingyang-Rev-1-0 kernel: [ 7995.409188] ehci_hcd 0000:00:1d.0: PCI INT A -> GSI 23 (level, low) -> IRQ 23
Dec 19 12:18:15 zhuqingyang-Rev-1-0 kernel: [ 7995.409190] snd_hda_intel 0000:00:1b.0: setting latency timer to 64
Dec 19 12:18:15 zhuqingyang-Rev-1-0 kernel: [ 7995.409230] ata_piix 0000:00:1f.2: PCI INT B -> GSI 19 (level, low) -> IRQ 19
Dec 19 12:18:15 zhuqingyang-Rev-1-0 kernel: [ 7995.409236] ata_piix 0000:00:1f.2: setting latency timer to 64
Dec 19 12:18:15 zhuqingyang-Rev-1-0 kernel: [ 7995.409249] snd_hda_intel 0000:00:1b.0: irq 41 for MSI/MSI-X
Dec 19 12:18:15 zhuqingyang-Rev-1-0 kernel: [ 7995.409251] ata_piix 0000:00:1f.5: PCI INT B -> GSI 19 (level, low) -> IRQ 19
Dec 19 12:18:15 zhuqingyang-Rev-1-0 kernel: [ 7995.409259] ata_piix 0000:00:1f.5: setting latency timer to 64
Dec 19 12:18:15 zhuqingyang-Rev-1-0 kernel: [ 7995.409261] ehci_hcd 0000:00:1d.0: setting latency timer to 64
Dec 19 12:18:15 zhuqingyang-Rev-1-0 kernel: [ 7995.409343] iwlwifi 0000:05:00.0: RF_KILL bit toggled to enable radio.
Dec 19 12:18:15 zhuqingyang-Rev-1-0 kernel: [ 7995.409365] sd 1:0:0:0: [sda] Starting disk
Dec 19 12:18:15 zhuqingyang-Rev-1-0 kernel: [ 7995.409666] e1000e 0000:00:19.0: wake-up capability disabled by ACPI
Dec 19 12:18:15 zhuqingyang-Rev-1-0 kernel: [ 7995.409671] e1000e 0000:00:19.0: PME# disabled
Dec 19 12:18:15 zhuqingyang-Rev-1-0 kernel: [ 7995.409736] e1000e 0000:00:19.0: irq 44 for MSI/MSI-X
Dec 19 12:18:15 zhuqingyang-Rev-1-0 kernel: [ 7995.533297] PM: resume of drv:e1000e dev:0000:00:19.0 complete after 124.368 msecs
Dec 19 12:18:15 zhuqingyang-Rev-1-0 kernel: [ 7995.587934] PM: resume of drv: dev:ep_00 complete after 178.658 msecs
Dec 19 12:18:15 zhuqingyang-Rev-1-0 kernel: [ 7995.587950] PM: resume of drv:hub dev:1-1:1.0 complete after 178.802 msecs
Dec 19 12:18:15 zhuqingyang-Rev-1-0 kernel: [ 7995.587964] PM: resume of drv: dev:ep_00 complete after 178.799 msecs
Dec 19 12:18:15 zhuqingyang-Rev-1-0 kernel: [ 7995.587977] PM: resume of drv:hub dev:2-1:1.0 complete after 178.749 msecs
Dec 19 12:18:15 zhuqingyang-Rev-1-0 kernel: [ 7995.587997] PM: resume of drv: dev:ep_81 complete after 178.853 msecs
Dec 19 12:18:15 zhuqingyang-Rev-1-0 kernel: [ 7995.588001] PM: resume of drv: dev:ep_81 complete after 178.781 msecs
Dec 19 12:18:15 zhuqingyang-Rev-1-0 kernel: [ 7995.636625] PM: resume of drv: dev:ep_00 complete after 227.267 msecs
Dec 19 12:18:15 zhuqingyang-Rev-1-0 kernel: [ 7995.636742] PM: resume of drv:usbhid dev:1-1.2:1.0 complete after 227.486 msecs
Dec 19 12:18:15 zhuqingyang-Rev-1-0 kernel: [ 7995.636774] PM: resume of drv: dev:ep_81 complete after 227.486 msecs
Dec 19 12:18:15 zhuqingyang-Rev-1-0 kernel: [ 7995.660034] usb 2-1.3: reset high-speed USB device number 3 using ehci_hcd
Dec 19 12:18:15 zhuqingyang-Rev-1-0 kernel: [ 7995.739051] ata3: SATA link down (SStatus 0 SControl 300)
Dec 19 12:18:15 zhuqingyang-Rev-1-0 kernel: [ 7995.823804] usb 1-1.3: reset high-speed USB device number 4 using ehci_hcd
Dec 19 12:18:15 zhuqingyang-Rev-1-0 kernel: [ 7995.920241] PM: resume of drv:rts5139 dev:1-1.3:1.0 complete after 511.240 msecs
Dec 19 12:18:15 zhuqingyang-Rev-1-0 kernel: [ 7995.920271] PM: resume of drv: dev:ep_01 complete after 511.243 msecs
Dec 19 12:18:15 zhuqingyang-Rev-1-0 kernel: [ 7995.920279] PM: resume of drv: dev:ep_82 complete after 511.216 msecs
Dec 19 12:18:15 zhuqingyang-Rev-1-0 kernel: [ 7995.920292] PM: resume of drv: dev:ep_83 complete after 511.222 msecs
Dec 19 12:18:15 zhuqingyang-Rev-1-0 kernel: [ 7995.920303] PM: resume of drv:scsi dev:host4 complete after 510.987 msecs
Dec 19 12:18:15 zhuqingyang-Rev-1-0 kernel: [ 7995.920323] PM: resume of drv:scsi dev:target4:0:0 complete after 510.984 msecs
Dec 19 12:18:15 zhuqingyang-Rev-1-0 kernel: [ 7995.920331] PM: resume of drv:scsi_host dev:host4 complete after 510.995 msecs
Dec 19 12:18:15 zhuqingyang-Rev-1-0 kernel: [ 7995.920351] PM: resume of drv:sd dev:4:0:0:0 complete after 511.003 msecs
Dec 19 12:18:15 zhuqingyang-Rev-1-0 kernel: [ 7995.920356] PM: resume of drv:scsi_device dev:4:0:0:0 complete after 510.995 msecs
Dec 19 12:18:15 zhuqingyang-Rev-1-0 kernel: [ 7995.920363] PM: resume of drv: dev:ep_00 complete after 511.279 msecs
Dec 19 12:18:15 zhuqingyang-Rev-1-0 kernel: [ 7995.987560] usb 1-1.4: reset full-speed USB device number 5 using ehci_hcd
Dec 19 12:18:15 zhuqingyang-Rev-1-0 kernel: [ 7996.014996] PM: resume of drv:uvcvideo dev:2-1.3:1.0 complete after 605.896 msecs
Dec 19 12:18:15 zhuqingyang-Rev-1-0 kernel: [ 7996.015023] PM: resume of drv: dev:ep_00 complete after 605.859 msecs
Dec 19 12:18:15 zhuqingyang-Rev-1-0 kernel: [ 7996.015025] PM: resume of drv: dev:ep_87 complete after 605.925 msecs
Dec 19 12:18:15 zhuqingyang-Rev-1-0 kernel: [ 7996.015037] PM: resume of drv:uvcvideo dev:2-1.3:1.1 complete after 605.918 msecs
Dec 19 12:18:15 zhuqingyang-Rev-1-0 kernel: [ 7996.080050] PM: resume of drv:usb dev:1-1.4:1.0 complete after 671.119 msecs
Dec 19 12:18:15 zhuqingyang-Rev-1-0 kernel: [ 7996.080070] PM: resume of drv: dev:ep_81 complete after 671.139 msecs
Dec 19 12:18:15 zhuqingyang-Rev-1-0 kernel: [ 7996.080071] PM: resume of drv: dev:ep_02 complete after 671.130 msecs
Dec 19 12:18:15 zhuqingyang-Rev-1-0 kernel: [ 7996.080078] PM: resume of drv: dev:ep_00 complete after 671.109 msecs
Dec 19 12:18:15 zhuqingyang-Rev-1-0 kernel: [ 7996.080085] PM: resume of drv: dev:ep_83 complete after 671.131 msecs
Dec 19 12:18:15 zhuqingyang-Rev-1-0 kernel: [ 7996.085605] PM: resume of drv:i915 dev:0000:00:02.0 complete after 677.504 msecs
Dec 19 12:18:15 zhuqingyang-Rev-1-0 kernel: [ 7996.434673] ata4: failed to resume link (SControl 0)
Dec 19 12:18:15 zhuqingyang-Rev-1-0 kernel: [ 7996.445920] ata4: SATA link down (SStatus 4 SControl 0)
Dec 19 12:18:15 zhuqingyang-Rev-1-0 kernel: [ 7998.112801] ata2.00: configured for UDMA/100
Dec 19 12:18:15 zhuqingyang-Rev-1-0 kernel: [ 7998.131454] PM: resume of drv:sd dev:1:0:0:0 complete after 2726.134 msecs
Dec 19 12:18:15 zhuqingyang-Rev-1-0 kernel: [ 7998.131501] PM: resume of drv:scsi_device dev:1:0:0:0 complete after 2726.179 msecs
Dec 19 12:18:15 zhuqingyang-Rev-1-0 kernel: [ 7998.131504] PM: resume of drv:scsi_disk dev:1:0:0:0 complete after 2645.222 msecs
Dec 19 12:18:15 zhuqingyang-Rev-1-0 kernel: [ 7998.138760] PM: resume of devices complete after 2733.763 msecs
Dec 19 12:18:15 zhuqingyang-Rev-1-0 kernel: [ 7998.138810] PM: resume devices took 2.732 seconds
Dec 19 12:18:15 zhuqingyang-Rev-1-0 kernel: [ 7998.138832] PM: Finishing wakeup.
Dec 19 12:18:15 zhuqingyang-Rev-1-0 kernel: [ 7998.138833] Restarting tasks ... 
Dec 19 12:18:15 zhuqingyang-Rev-1-0 kernel: [ 7998.143166] [drm:gen6_sanitize_pm] *ERROR* Power management discrepancy: GEN6_RP_INTERRUPT_LIMITS expected 1a000000, was 12060000
Dec 19 12:18:15 zhuqingyang-Rev-1-0 kernel: [ 7998.144071] done.
Dec 19 12:18:15 zhuqingyang-Rev-1-0 kernel: [ 7998.173431] video LNXVIDEO:01: Restoring backlight state
Dec 19 12:18:15 zhuqingyang-Rev-1-0 acpid: client 1090[0:0] has disconnected
Dec 19 12:18:15 zhuqingyang-Rev-1-0 acpid: client connected from 1090[0:0]
Dec 19 12:18:15 zhuqingyang-Rev-1-0 acpid: 1 client rule loaded
Dec 19 12:18:15 zhuqingyang-Rev-1-0 anacron[8389]: Anacron 2.3 started on 2014-12-19
Dec 19 12:18:15 zhuqingyang-Rev-1-0 anacron[8389]: Normal exit (0 jobs run)
Dec 19 12:18:16 zhuqingyang-Rev-1-0 anacron[8553]: Anacron 2.3 started on 2014-12-19
Dec 19 12:18:16 zhuqingyang-Rev-1-0 anacron[8553]: Normal exit (0 jobs run)
Dec 19 12:18:16 zhuqingyang-Rev-1-0 NetworkManager[855]: <info> wake requested (sleeping: yes  enabled: yes)
Dec 19 12:18:16 zhuqingyang-Rev-1-0 NetworkManager[855]: <info> waking up and re-enabling...
Dec 19 12:18:16 zhuqingyang-Rev-1-0 NetworkManager[855]: <info> (eth0): now managed
Dec 19 12:18:16 zhuqingyang-Rev-1-0 NetworkManager[855]: <info> (eth0): device state change: unmanaged -> unavailable (reason 'managed') [10 20 2]
Dec 19 12:18:16 zhuqingyang-Rev-1-0 NetworkManager[855]: <info> (eth0): bringing up device.
Dec 19 12:18:16 zhuqingyang-Rev-1-0 kernel: [ 7998.843410] e1000e 0000:00:19.0: irq 44 for MSI/MSI-X
Dec 19 12:18:16 zhuqingyang-Rev-1-0 NetworkManager[855]: <info> (eth0): preparing device.
Dec 19 12:18:16 zhuqingyang-Rev-1-0 NetworkManager[855]: <info> (eth0): deactivating device (reason 'managed') [2]
Dec 19 12:18:16 zhuqingyang-Rev-1-0 NetworkManager[855]: <info> Unmanaged Device found; state CONNECTED forced. (see http://bugs.launchpad.net/bugs/191889)
Dec 19 12:18:16 zhuqingyang-Rev-1-0 NetworkManager[855]: <info> Unmanaged Device found; state CONNECTED forced. (see http://bugs.launchpad.net/bugs/191889)
Dec 19 12:18:16 zhuqingyang-Rev-1-0 NetworkManager[855]: <info> (wlan0): now managed
Dec 19 12:18:16 zhuqingyang-Rev-1-0 kernel: [ 7998.899114] e1000e 0000:00:19.0: irq 44 for MSI/MSI-X
Dec 19 12:18:16 zhuqingyang-Rev-1-0 kernel: [ 7998.899529] ADDRCONF(NETDEV_UP): eth0: link is not ready
Dec 19 12:18:16 zhuqingyang-Rev-1-0 NetworkManager[855]: <info> (wlan0): device state change: unmanaged -> unavailable (reason 'managed') [10 20 2]
Dec 19 12:18:16 zhuqingyang-Rev-1-0 NetworkManager[855]: <info> (wlan0): bringing up device.
Dec 19 12:18:16 zhuqingyang-Rev-1-0 NetworkManager[855]: <info> (wlan0): deactivating device (reason 'managed') [2]
Dec 19 12:18:17 zhuqingyang-Rev-1-0 kernel: [ 8000.451501] e1000e: eth0 NIC Link is Up 100 Mbps Full Duplex, Flow Control: Rx/Tx
Dec 19 12:18:17 zhuqingyang-Rev-1-0 kernel: [ 8000.451513] e1000e 0000:00:19.0: eth0: 10/100 speed: disabling TSO
Dec 19 12:18:17 zhuqingyang-Rev-1-0 kernel: [ 8000.451855] ADDRCONF(NETDEV_CHANGE): eth0: link becomes ready
Dec 19 12:18:17 zhuqingyang-Rev-1-0 NetworkManager[855]: <info> (eth0): carrier now ON (device state 20)
Dec 19 12:18:17 zhuqingyang-Rev-1-0 NetworkManager[855]: <info> (eth0): device state change: unavailable -> disconnected (reason 'carrier-changed') [20 30 40]
Dec 19 12:18:17 zhuqingyang-Rev-1-0 NetworkManager[855]: <info> Auto-activating connection 'Wired connection 1'.
Dec 19 12:18:17 zhuqingyang-Rev-1-0 NetworkManager[855]: <info> Activation (eth0) starting connection 'Wired connection 1'
Dec 19 12:18:17 zhuqingyang-Rev-1-0 NetworkManager[855]: <info> (eth0): device state change: disconnected -> prepare (reason 'none') [30 40 0]
Dec 19 12:18:17 zhuqingyang-Rev-1-0 NetworkManager[855]: <info> Activation (eth0) Stage 1 of 5 (Device Prepare) scheduled...
Dec 19 12:18:17 zhuqingyang-Rev-1-0 NetworkManager[855]: <info> Activation (eth0) Stage 1 of 5 (Device Prepare) started...
Dec 19 12:18:17 zhuqingyang-Rev-1-0 NetworkManager[855]: <info> Activation (eth0) Stage 2 of 5 (Device Configure) scheduled...
Dec 19 12:18:17 zhuqingyang-Rev-1-0 NetworkManager[855]: <info> Activation (eth0) Stage 1 of 5 (Device Prepare) complete.
Dec 19 12:18:17 zhuqingyang-Rev-1-0 NetworkManager[855]: <info> Activation (eth0) Stage 2 of 5 (Device Configure) starting...
Dec 19 12:18:17 zhuqingyang-Rev-1-0 NetworkManager[855]: <info> (eth0): device state change: prepare -> config (reason 'none') [40 50 0]
Dec 19 12:18:17 zhuqingyang-Rev-1-0 NetworkManager[855]: <info> Activation (eth0) Stage 2 of 5 (Device Configure) successful.
Dec 19 12:18:17 zhuqingyang-Rev-1-0 NetworkManager[855]: <info> Activation (eth0) Stage 3 of 5 (IP Configure Start) scheduled.
Dec 19 12:18:17 zhuqingyang-Rev-1-0 NetworkManager[855]: <info> Activation (eth0) Stage 2 of 5 (Device Configure) complete.
Dec 19 12:18:17 zhuqingyang-Rev-1-0 NetworkManager[855]: <info> Activation (eth0) Stage 3 of 5 (IP Configure Start) started...
Dec 19 12:18:17 zhuqingyang-Rev-1-0 NetworkManager[855]: <info> (eth0): device state change: config -> ip-config (reason 'none') [50 70 0]
Dec 19 12:18:17 zhuqingyang-Rev-1-0 NetworkManager[855]: <info> Activation (eth0) Beginning DHCPv4 transaction (timeout in 45 seconds)
Dec 19 12:18:17 zhuqingyang-Rev-1-0 NetworkManager[855]: <info> dhclient started with pid 8627
Dec 19 12:18:17 zhuqingyang-Rev-1-0 NetworkManager[855]: <info> Activation (eth0) Beginning IP6 addrconf.
Dec 19 12:18:17 zhuqingyang-Rev-1-0 NetworkManager[855]: <info> Activation (eth0) Stage 3 of 5 (IP Configure Start) complete.
Dec 19 12:18:17 zhuqingyang-Rev-1-0 dhclient: Internet Systems Consortium DHCP Client 4.1-ESV-R4
Dec 19 12:18:17 zhuqingyang-Rev-1-0 dhclient: Copyright 2004-2011 Internet Systems Consortium.
Dec 19 12:18:17 zhuqingyang-Rev-1-0 dhclient: All rights reserved.
Dec 19 12:18:17 zhuqingyang-Rev-1-0 dhclient: For info, please visit https://www.isc.org/software/dhcp/
Dec 19 12:18:17 zhuqingyang-Rev-1-0 dhclient: 
Dec 19 12:18:17 zhuqingyang-Rev-1-0 NetworkManager[855]: <info> (eth0): DHCPv4 state changed nbi -> preinit
Dec 19 12:18:18 zhuqingyang-Rev-1-0 dhclient: Listening on LPF/eth0/04:7d:7b:48:33:ef
Dec 19 12:18:18 zhuqingyang-Rev-1-0 dhclient: Sending on   LPF/eth0/04:7d:7b:48:33:ef
Dec 19 12:18:18 zhuqingyang-Rev-1-0 dhclient: Sending on   Socket/fallback
Dec 19 12:18:18 zhuqingyang-Rev-1-0 dhclient: DHCPREQUEST of 192.168.1.103 on eth0 to 255.255.255.255 port 67
Dec 19 12:18:18 zhuqingyang-Rev-1-0 dhclient: DHCPACK of 192.168.1.103 from 192.168.1.1
Dec 19 12:18:18 zhuqingyang-Rev-1-0 dhclient: bound to 192.168.1.103 -- renewal in 3390 seconds.
Dec 19 12:18:18 zhuqingyang-Rev-1-0 NetworkManager[855]: <info> (eth0): DHCPv4 state changed preinit -> reboot
Dec 19 12:18:18 zhuqingyang-Rev-1-0 NetworkManager[855]: <info>   address 192.168.1.103
Dec 19 12:18:18 zhuqingyang-Rev-1-0 NetworkManager[855]: <info>   prefix 24 (255.255.255.0)
Dec 19 12:18:18 zhuqingyang-Rev-1-0 NetworkManager[855]: <info>   gateway 192.168.1.1
Dec 19 12:18:18 zhuqingyang-Rev-1-0 NetworkManager[855]: <info>   nameserver '58.221.45.90'
Dec 19 12:18:18 zhuqingyang-Rev-1-0 NetworkManager[855]: <info>   nameserver '192.168.1.1'
Dec 19 12:18:18 zhuqingyang-Rev-1-0 NetworkManager[855]: <info> Activation (eth0) Stage 5 of 5 (IPv4 Configure Commit) scheduled...
Dec 19 12:18:18 zhuqingyang-Rev-1-0 NetworkManager[855]: <info> Activation (eth0) Stage 5 of 5 (IPv4 Commit) started...
Dec 19 12:18:19 zhuqingyang-Rev-1-0 NetworkManager[855]: <info> (eth0): writing resolv.conf to /sbin/resolvconf
Dec 19 12:18:19 zhuqingyang-Rev-1-0 dnsmasq[1564]: setting upstream servers from DBus
Dec 19 12:18:19 zhuqingyang-Rev-1-0 dnsmasq[1564]: using nameserver 192.168.1.1#53
Dec 19 12:18:19 zhuqingyang-Rev-1-0 dnsmasq[1564]: using nameserver 58.221.45.90#53
Dec 19 12:18:19 zhuqingyang-Rev-1-0 NetworkManager[855]: <info> (eth0): device state change: ip-config -> activated (reason 'none') [70 100 0]
Dec 19 12:18:19 zhuqingyang-Rev-1-0 NetworkManager[855]: <info> Policy set 'Wired connection 1' (eth0) as default for IPv4 routing and DNS.
Dec 19 12:18:19 zhuqingyang-Rev-1-0 NetworkManager[855]: <info> Activation (eth0) successful, device activated.
Dec 19 12:18:19 zhuqingyang-Rev-1-0 dbus[831]: [system] Activating service name='org.freedesktop.nm_dispatcher' (using servicehelper)
Dec 19 12:18:19 zhuqingyang-Rev-1-0 NetworkManager[855]: <info> Activation (eth0) Stage 5 of 5 (IPv4 Commit) complete.
Dec 19 12:18:19 zhuqingyang-Rev-1-0 dbus[831]: [system] Successfully activated service 'org.freedesktop.nm_dispatcher'
Dec 19 12:18:28 zhuqingyang-Rev-1-0 kernel: [ 8011.172625] eth0: no IPv6 routers present
Dec 19 12:18:28 zhuqingyang-Rev-1-0 ntpdate[8716]: adjust time server 91.189.89.199 offset 0.071933 sec
Dec 19 12:18:37 zhuqingyang-Rev-1-0 NetworkManager[855]: <info> (eth0): IP6 addrconf timed out or failed.
Dec 19 12:18:37 zhuqingyang-Rev-1-0 NetworkManager[855]: <info> Activation (eth0) Stage 4 of 5 (IPv6 Configure Timeout) scheduled...
Dec 19 12:18:37 zhuqingyang-Rev-1-0 NetworkManager[855]: <info> Activation (eth0) Stage 4 of 5 (IPv6 Configure Timeout) started...
Dec 19 12:18:37 zhuqingyang-Rev-1-0 NetworkManager[855]: <info> Activation (eth0) Stage 4 of 5 (IPv6 Configure Timeout) complete.
Dec 19 13:14:49 zhuqingyang-Rev-1-0 dhclient: DHCPREQUEST of 192.168.1.103 on eth0 to 192.168.1.1 port 67
Dec 19 13:14:49 zhuqingyang-Rev-1-0 dhclient: DHCPACK of 192.168.1.103 from 192.168.1.1
Dec 19 13:14:49 zhuqingyang-Rev-1-0 dhclient: bound to 192.168.1.103 -- renewal in 3167 seconds.
Dec 19 13:14:49 zhuqingyang-Rev-1-0 NetworkManager[855]: <info> (eth0): DHCPv4 state changed reboot -> renew
Dec 19 13:14:49 zhuqingyang-Rev-1-0 NetworkManager[855]: <info>   address 192.168.1.103
Dec 19 13:14:49 zhuqingyang-Rev-1-0 NetworkManager[855]: <info>   prefix 24 (255.255.255.0)
Dec 19 13:14:49 zhuqingyang-Rev-1-0 NetworkManager[855]: <info>   gateway 192.168.1.1
Dec 19 13:14:49 zhuqingyang-Rev-1-0 NetworkManager[855]: <info>   nameserver '58.221.45.90'
Dec 19 13:14:49 zhuqingyang-Rev-1-0 NetworkManager[855]: <info>   nameserver '192.168.1.1'
Dec 19 13:14:49 zhuqingyang-Rev-1-0 dbus[831]: [system] Activating service name='org.freedesktop.nm_dispatcher' (using servicehelper)
Dec 19 13:14:49 zhuqingyang-Rev-1-0 dbus[831]: [system] Successfully activated service 'org.freedesktop.nm_dispatcher'
Dec 19 13:17:02 zhuqingyang-Rev-1-0 CRON[10818]: (root) CMD (   cd / && run-parts --report /etc/cron.hourly)
Dec 19 13:24:34 zhuqingyang-Rev-1-0 kernel: [11970.727733] [drm:gen6_sanitize_pm] *ERROR* Power management discrepancy: GEN6_RP_INTERRUPT_LIMITS expected 1a0d0000, was 1a000000
Dec 19 13:43:02 zhuqingyang-Rev-1-0 kernel: [13077.526964] [drm:gen6_sanitize_pm] *ERROR* Power management discrepancy: GEN6_RP_INTERRUPT_LIMITS expected 000d0000, was 1a0d0000
Dec 19 14:07:35 zhuqingyang-Rev-1-0 dhclient: DHCPREQUEST of 192.168.1.103 on eth0 to 192.168.1.1 port 67
Dec 19 14:07:35 zhuqingyang-Rev-1-0 dhclient: DHCPACK of 192.168.1.103 from 192.168.1.1
Dec 19 14:07:35 zhuqingyang-Rev-1-0 dhclient: bound to 192.168.1.103 -- renewal in 2835 seconds.
Dec 19 14:12:31 zhuqingyang-Rev-1-0 kernel: [14843.189527] show_signal_msg: 42 callbacks suppressed
Dec 19 14:12:31 zhuqingyang-Rev-1-0 kernel: [14843.189533] fcitx-qimpanel[1939]: segfault at 0 ip   (null) sp bfa73d1c error 14 in fcitx-qimpanel[8048000+f9000]
Dec 19 14:12:41 zhuqingyang-Rev-1-0 kernel: [14853.278972] init: tty4 main process (953) killed by TERM signal
Dec 19 14:12:43 zhuqingyang-Rev-1-0 kernel: Kernel logging (proc) stopped.
Dec 19 14:12:43 zhuqingyang-Rev-1-0 rsyslogd: [origin software="rsyslogd" swVersion="5.8.6" x-pid="828" x-info="http://www.rsyslog.com"] exiting on signal 15.
Dec 19 18:45:32 zhuqingyang-Rev-1-0 kernel: imklog 5.8.6, log source = /proc/kmsg started.
Dec 19 18:45:32 zhuqingyang-Rev-1-0 rsyslogd: [origin software="rsyslogd" swVersion="5.8.6" x-pid="837" x-info="http://www.rsyslog.com"] start
Dec 19 18:45:32 zhuqingyang-Rev-1-0 rsyslogd: rsyslogd's groupid changed to 103
Dec 19 18:45:32 zhuqingyang-Rev-1-0 rsyslogd: rsyslogd's userid changed to 101
Dec 19 18:45:32 zhuqingyang-Rev-1-0 rsyslogd-2039: Could not open output pipe '/dev/xconsole' [try http://www.rsyslog.com/e/2039 ]
Dec 19 18:45:32 zhuqingyang-Rev-1-0 kernel: [    0.000000] Initializing cgroup subsys cpuset
Dec 19 18:45:32 zhuqingyang-Rev-1-0 kernel: [    0.000000] Initializing cgroup subsys cpu
Dec 19 18:45:32 zhuqingyang-Rev-1-0 kernel: [    0.000000] Linux version 3.2.0-61-generic-pae (buildd@batsu) (gcc version 4.6.3 (Ubuntu/Linaro 4.6.3-1ubuntu5) ) #92-Ubuntu SMP Tue Apr 1 00:10:04 UTC 2014 (Ubuntu 3.2.0-61.92-generic-pae 3.2.55)
Dec 19 18:45:32 zhuqingyang-Rev-1-0 kernel: [    0.000000] KERNEL supported cpus:
Dec 19 18:45:32 zhuqingyang-Rev-1-0 kernel: [    0.000000]   Intel GenuineIntel
Dec 19 18:45:32 zhuqingyang-Rev-1-0 kernel: [    0.000000]   AMD AuthenticAMD
Dec 19 18:45:32 zhuqingyang-Rev-1-0 kernel: [    0.000000]   NSC Geode by NSC
Dec 19 18:45:32 zhuqingyang-Rev-1-0 kernel: [    0.000000]   Cyrix CyrixInstead
Dec 19 18:45:32 zhuqingyang-Rev-1-0 kernel: [    0.000000]   Centaur CentaurHauls
Dec 19 18:45:32 zhuqingyang-Rev-1-0 kernel: [    0.000000]   Transmeta GenuineTMx86
Dec 19 18:45:32 zhuqingyang-Rev-1-0 kernel: [    0.000000]   Transmeta TransmetaCPU
Dec 19 18:45:32 zhuqingyang-Rev-1-0 kernel: [    0.000000]   UMC UMC UMC UMC
Dec 19 18:45:32 zhuqingyang-Rev-1-0 kernel: [    0.000000] BIOS-provided physical RAM map:
Dec 19 18:45:32 zhuqingyang-Rev-1-0 kernel: [    0.000000]  BIOS-e820: 0000000000000000 - 000000000009c400 (usable)
Dec 19 18:45:32 zhuqingyang-Rev-1-0 kernel: [    0.000000]  BIOS-e820: 000000000009c400 - 00000000000a0000 (reserved)
Dec 19 18:45:32 zhuqingyang-Rev-1-0 kernel: [    0.000000]  BIOS-e820: 00000000000dc000 - 00000000000e0000 (reserved)
Dec 19 18:45:32 zhuqingyang-Rev-1-0 kernel: [    0.000000]  BIOS-e820: 00000000000e4000 - 0000000000100000 (reserved)
Dec 19 18:45:32 zhuqingyang-Rev-1-0 kernel: [    0.000000]  BIOS-e820: 0000000000100000 - 0000000020000000 (usable)
Dec 19 18:45:32 zhuqingyang-Rev-1-0 kernel: [    0.000000]  BIOS-e820: 0000000020000000 - 0000000020200000 (reserved)
Dec 19 18:45:32 zhuqingyang-Rev-1-0 kernel: [    0.000000]  BIOS-e820: 0000000020200000 - 0000000040000000 (usable)
Dec 19 18:45:32 zhuqingyang-Rev-1-0 kernel: [    0.000000]  BIOS-e820: 0000000040000000 - 0000000040200000 (reserved)
Dec 19 18:45:32 zhuqingyang-Rev-1-0 kernel: [    0.000000]  BIOS-e820: 0000000040200000 - 00000000d6a7c000 (usable)
Dec 19 18:45:32 zhuqingyang-Rev-1-0 kernel: [    0.000000]  BIOS-e820: 00000000d6a7c000 - 00000000d6a82000 (reserved)
Dec 19 18:45:32 zhuqingyang-Rev-1-0 kernel: [    0.000000]  BIOS-e820: 00000000d6a82000 - 00000000d6bf2000 (usable)
Dec 19 18:45:32 zhuqingyang-Rev-1-0 kernel: [    0.000000]  BIOS-e820: 00000000d6bf2000 - 00000000d6c0f000 (reserved)
Dec 19 18:45:32 zhuqingyang-Rev-1-0 kernel: [    0.000000]  BIOS-e820: 00000000d6c0f000 - 00000000d6c70000 (usable)
Dec 19 18:45:32 zhuqingyang-Rev-1-0 kernel: [    0.000000]  BIOS-e820: 00000000d6c70000 - 00000000d6cf1000 (ACPI NVS)
Dec 19 18:45:32 zhuqingyang-Rev-1-0 kernel: [    0.000000]  BIOS-e820: 00000000d6cf1000 - 00000000d6f0f000 (reserved)
Dec 19 18:45:32 zhuqingyang-Rev-1-0 kernel: [    0.000000]  BIOS-e820: 00000000d6f0f000 - 00000000d6f18000 (usable)
Dec 19 18:45:32 zhuqingyang-Rev-1-0 kernel: [    0.000000]  BIOS-e820: 00000000d6f18000 - 00000000d6f1f000 (reserved)
Dec 19 18:45:32 zhuqingyang-Rev-1-0 kernel: [    0.000000]  BIOS-e820: 00000000d6f1f000 - 00000000d6f80000 (usable)
Dec 19 18:45:32 zhuqingyang-Rev-1-0 kernel: [    0.000000]  BIOS-e820: 00000000d6f80000 - 00000000d6f9f000 (ACPI NVS)
Dec 19 18:45:32 zhuqingyang-Rev-1-0 kernel: [    0.000000]  BIOS-e820: 00000000d6f9f000 - 00000000d6fe0000 (usable)
Dec 19 18:45:32 zhuqingyang-Rev-1-0 kernel: [    0.000000]  BIOS-e820: 00000000d6fe0000 - 00000000d6fff000 (ACPI data)
Dec 19 18:45:32 zhuqingyang-Rev-1-0 kernel: [    0.000000]  BIOS-e820: 00000000d6fff000 - 00000000d7000000 (usable)
Dec 19 18:45:32 zhuqingyang-Rev-1-0 kernel: [    0.000000]  BIOS-e820: 00000000d7000000 - 00000000e0000000 (reserved)
Dec 19 18:45:32 zhuqingyang-Rev-1-0 kernel: [    0.000000]  BIOS-e820: 00000000f80f8000 - 00000000f80f9000 (reserved)
Dec 19 18:45:32 zhuqingyang-Rev-1-0 kernel: [    0.000000]  BIOS-e820: 00000000fed1c000 - 00000000fed90000 (reserved)
Dec 19 18:45:32 zhuqingyang-Rev-1-0 kernel: [    0.000000]  BIOS-e820: 00000000fee00000 - 00000000fee01000 (reserved)
Dec 19 18:45:32 zhuqingyang-Rev-1-0 kernel: [    0.000000]  BIOS-e820: 00000000ff000000 - 0000000100000000 (reserved)
Dec 19 18:45:32 zhuqingyang-Rev-1-0 kernel: [    0.000000]  BIOS-e820: 0000000100000000 - 000000011f800000 (usable)
Dec 19 18:45:32 zhuqingyang-Rev-1-0 kernel: [    0.000000] NX (Execute Disable) protection: active
Dec 19 18:45:32 zhuqingyang-Rev-1-0 kernel: [    0.000000] SMBIOS 2.6 present.
Dec 19 18:45:32 zhuqingyang-Rev-1-0 kernel: [    0.000000] DMI: LENOVO                           ZHAOYANG K27    /KLx                             , BIOS 46CN21WW   09/07/2011
Dec 19 18:45:32 zhuqingyang-Rev-1-0 kernel: [    0.000000] e820 update range: 0000000000000000 - 0000000000010000 (usable) ==> (reserved)
Dec 19 18:45:32 zhuqingyang-Rev-1-0 kernel: [    0.000000] e820 remove range: 00000000000a0000 - 0000000000100000 (usable)
Dec 19 18:45:32 zhuqingyang-Rev-1-0 kernel: [    0.000000] last_pfn = 0x11f800 max_arch_pfn = 0x1000000
Dec 19 18:45:32 zhuqingyang-Rev-1-0 kernel: [    0.000000] MTRR default type: uncachable
Dec 19 18:45:32 zhuqingyang-Rev-1-0 kernel: [    0.000000] MTRR fixed ranges enabled:
Dec 19 18:45:32 zhuqingyang-Rev-1-0 kernel: [    0.000000]   00000-9FFFF write-back
Dec 19 18:45:32 zhuqingyang-Rev-1-0 kernel: [    0.000000]   A0000-BFFFF uncachable
Dec 19 18:45:32 zhuqingyang-Rev-1-0 kernel: [    0.000000]   C0000-CFFFF write-protect
Dec 19 18:45:32 zhuqingyang-Rev-1-0 kernel: [    0.000000]   D0000-DFFFF uncachable
Dec 19 18:45:32 zhuqingyang-Rev-1-0 kernel: [    0.000000]   E0000-FFFFF write-through
Dec 19 18:45:32 zhuqingyang-Rev-1-0 kernel: [    0.000000] MTRR variable ranges enabled:
Dec 19 18:45:32 zhuqingyang-Rev-1-0 kernel: [    0.000000]   0 disabled
Dec 19 18:45:32 zhuqingyang-Rev-1-0 kernel: [    0.000000]   1 base 000000000 mask F80000000 write-back
Dec 19 18:45:32 zhuqingyang-Rev-1-0 kernel: [    0.000000]   2 base 080000000 mask FC0000000 write-back
Dec 19 18:45:32 zhuqingyang-Rev-1-0 kernel: [    0.000000]   3 base 0C0000000 mask FE0000000 write-back
Dec 19 18:45:32 zhuqingyang-Rev-1-0 kernel: [    0.000000]   4 base 100000000 mask FE0000000 write-back
Dec 19 18:45:32 zhuqingyang-Rev-1-0 kernel: [    0.000000]   5 base 11F800000 mask FFF800000 uncachable
Dec 19 18:45:32 zhuqingyang-Rev-1-0 kernel: [    0.000000]   6 base 0D7800000 mask FFF800000 uncachable
Dec 19 18:45:32 zhuqingyang-Rev-1-0 kernel: [    0.000000]   7 base 0D8000000 mask FF8000000 uncachable
Dec 19 18:45:32 zhuqingyang-Rev-1-0 kernel: [    0.000000]   8 disabled
Dec 19 18:45:32 zhuqingyang-Rev-1-0 kernel: [    0.000000]   9 disabled
Dec 19 18:45:32 zhuqingyang-Rev-1-0 kernel: [    0.000000] x86 PAT enabled: cpu 0, old 0x7040600070406, new 0x7010600070106
Dec 19 18:45:32 zhuqingyang-Rev-1-0 kernel: [    0.000000] original variable MTRRs
Dec 19 18:45:32 zhuqingyang-Rev-1-0 kernel: [    0.000000] reg 1, base: 0GB, range: 2GB, type WB
Dec 19 18:45:32 zhuqingyang-Rev-1-0 kernel: [    0.000000] reg 2, base: 2GB, range: 1GB, type WB
Dec 19 18:45:32 zhuqingyang-Rev-1-0 kernel: [    0.000000] reg 3, base: 3GB, range: 512MB, type WB
Dec 19 18:45:32 zhuqingyang-Rev-1-0 kernel: [    0.000000] reg 4, base: 4GB, range: 512MB, type WB
Dec 19 18:45:32 zhuqingyang-Rev-1-0 kernel: [    0.000000] reg 5, base: 4600MB, range: 8MB, type UC
Dec 19 18:45:32 zhuqingyang-Rev-1-0 kernel: [    0.000000] reg 6, base: 3448MB, range: 8MB, type UC
Dec 19 18:45:32 zhuqingyang-Rev-1-0 kernel: [    0.000000] reg 7, base: 3456MB, range: 128MB, type UC
Dec 19 18:45:32 zhuqingyang-Rev-1-0 kernel: [    0.000000] total RAM covered: 3952M
Dec 19 18:45:32 zhuqingyang-Rev-1-0 kernel: [    0.000000] Found optimal setting for mtrr clean up
Dec 19 18:45:32 zhuqingyang-Rev-1-0 kernel: [    0.000000]  gran_size: 64K 	chunk_size: 16M 	num_reg: 7  	lose cover RAM: 0G
Dec 19 18:45:32 zhuqingyang-Rev-1-0 kernel: [    0.000000] New variable MTRRs
Dec 19 18:45:32 zhuqingyang-Rev-1-0 kernel: [    0.000000] reg 0, base: 0GB, range: 2GB, type WB
Dec 19 18:45:32 zhuqingyang-Rev-1-0 kernel: [    0.000000] reg 1, base: 2GB, range: 1GB, type WB
Dec 19 18:45:32 zhuqingyang-Rev-1-0 kernel: [    0.000000] reg 2, base: 3GB, range: 256MB, type WB
Dec 19 18:45:32 zhuqingyang-Rev-1-0 kernel: [    0.000000] reg 3, base: 3328MB, range: 128MB, type WB
Dec 19 18:45:32 zhuqingyang-Rev-1-0 kernel: [    0.000000] reg 4, base: 3448MB, range: 8MB, type UC
Dec 19 18:45:32 zhuqingyang-Rev-1-0 kernel: [    0.000000] reg 5, base: 4GB, range: 512MB, type WB
Dec 19 18:45:32 zhuqingyang-Rev-1-0 kernel: [    0.000000] reg 6, base: 4600MB, range: 8MB, type UC
Dec 19 18:45:32 zhuqingyang-Rev-1-0 kernel: [    0.000000] e820 update range: 00000000d7800000 - 0000000100000000 (usable) ==> (reserved)
Dec 19 18:45:32 zhuqingyang-Rev-1-0 kernel: [    0.000000] found SMP MP-table at [c00f7020] f7020
Dec 19 18:45:32 zhuqingyang-Rev-1-0 kernel: [    0.000000] initial memory mapped : 0 - 02000000
Dec 19 18:45:32 zhuqingyang-Rev-1-0 kernel: [    0.000000] Base memory trampoline at [c0098000] 98000 size 16384
Dec 19 18:45:32 zhuqingyang-Rev-1-0 kernel: [    0.000000] reserving inaccessible SNB gfx pages
Dec 19 18:45:32 zhuqingyang-Rev-1-0 kernel: [    0.000000] init_memory_mapping: 0000000000000000-0000000037bfe000
Dec 19 18:45:32 zhuqingyang-Rev-1-0 kernel: [    0.000000]  0000000000 - 0000200000 page 4k
Dec 19 18:45:32 zhuqingyang-Rev-1-0 kernel: [    0.000000]  0000200000 - 0037a00000 page 2M
Dec 19 18:45:32 zhuqingyang-Rev-1-0 kernel: [    0.000000]  0037a00000 - 0037bfe000 page 4k
Dec 19 18:45:32 zhuqingyang-Rev-1-0 kernel: [    0.000000] kernel direct mapping tables up to 37bfe000 @ 1ffa000-2000000
Dec 19 18:45:32 zhuqingyang-Rev-1-0 kernel: [    0.000000] RAMDISK: 364d8000 - 37264000
Dec 19 18:45:32 zhuqingyang-Rev-1-0 kernel: [    0.000000] ACPI: RSDP 000f6ee0 00024 (v02 PTLTD )
Dec 19 18:45:32 zhuqingyang-Rev-1-0 kernel: [    0.000000] ACPI: XSDT d6ff2928 00064 (v01 LENOVO CB-01    06040000  LTP 00000000)
Dec 19 18:45:32 zhuqingyang-Rev-1-0 kernel: [    0.000000] ACPI: FACP d6fe2000 000F4 (v03 LENOVO CB-01    06040000 PTEC 00000001)
Dec 19 18:45:32 zhuqingyang-Rev-1-0 kernel: [    0.000000] ACPI: DSDT d6fe3000 0C246 (v02 LENOVO CB-01    06040000 INTL 20060912)
Dec 19 18:45:32 zhuqingyang-Rev-1-0 kernel: [    0.000000] ACPI: FACS d6f9cfc0 00040
Dec 19 18:45:32 zhuqingyang-Rev-1-0 kernel: [    0.000000] ACPI: HPET d6ffed6a 00038 (v01 LENOVO CB-01    06040000 PTEC 00000001)
Dec 19 18:45:32 zhuqingyang-Rev-1-0 kernel: [    0.000000] ACPI: MCFG d6ffeda2 0003C (v01 LENOVO CB-01    06040000 PTEC 00000001)
Dec 19 18:45:32 zhuqingyang-Rev-1-0 kernel: [    0.000000] ACPI: APIC d6ffedde 00084 (v01 LENOVO CB-01    06040000  LTP 00000000)
Dec 19 18:45:32 zhuqingyang-Rev-1-0 kernel: [    0.000000] ACPI: BOOT d6ffee62 00028 (v01 LENOVO CB-01    06040000  LTP 00000001)
Dec 19 18:45:32 zhuqingyang-Rev-1-0 kernel: [    0.000000] ACPI: SLIC d6ffee8a 00176 (v01 LENOVO CB-01    06040000  LTP 00000000)
Dec 19 18:45:32 zhuqingyang-Rev-1-0 kernel: [    0.000000] ACPI: SSDT d6fe1000 00846 (v01  PmRef  Cpu0Ist 00003000 INTL 20060912)
Dec 19 18:45:32 zhuqingyang-Rev-1-0 kernel: [    0.000000] ACPI: SSDT d6fe0000 00996 (v01  PmRef    CpuPm 00003000 INTL 20060912)
Dec 19 18:45:32 zhuqingyang-Rev-1-0 kernel: [    0.000000] ACPI: Local APIC address 0xfee00000
Dec 19 18:45:32 zhuqingyang-Rev-1-0 kernel: [    0.000000] 3708MB HIGHMEM available.
Dec 19 18:45:32 zhuqingyang-Rev-1-0 kernel: [    0.000000] 891MB LOWMEM available.
Dec 19 18:45:32 zhuqingyang-Rev-1-0 kernel: [    0.000000]   mapped low ram: 0 - 37bfe000
Dec 19 18:45:32 zhuqingyang-Rev-1-0 kernel: [    0.000000]   low ram: 0 - 37bfe000
Dec 19 18:45:32 zhuqingyang-Rev-1-0 kernel: [    0.000000] Zone PFN ranges:
Dec 19 18:45:32 zhuqingyang-Rev-1-0 kernel: [    0.000000]   DMA      0x00000010 -> 0x00001000
Dec 19 18:45:32 zhuqingyang-Rev-1-0 kernel: [    0.000000]   Normal   0x00001000 -> 0x00037bfe
Dec 19 18:45:32 zhuqingyang-Rev-1-0 kernel: [    0.000000]   HighMem  0x00037bfe -> 0x0011f800
Dec 19 18:45:32 zhuqingyang-Rev-1-0 kernel: [    0.000000] Movable zone start PFN for each node
Dec 19 18:45:32 zhuqingyang-Rev-1-0 kernel: [    0.000000] early_node_map[11] active PFN ranges
Dec 19 18:45:32 zhuqingyang-Rev-1-0 kernel: [    0.000000]     0: 0x00000010 -> 0x0000009c
Dec 19 18:45:32 zhuqingyang-Rev-1-0 kernel: [    0.000000]     0: 0x00000100 -> 0x00020000
Dec 19 18:45:32 zhuqingyang-Rev-1-0 kernel: [    0.000000]     0: 0x00020200 -> 0x00040000
Dec 19 18:45:32 zhuqingyang-Rev-1-0 kernel: [    0.000000]     0: 0x00040200 -> 0x000d6a7c
Dec 19 18:45:32 zhuqingyang-Rev-1-0 kernel: [    0.000000]     0: 0x000d6a82 -> 0x000d6bf2
Dec 19 18:45:32 zhuqingyang-Rev-1-0 kernel: [    0.000000]     0: 0x000d6c0f -> 0x000d6c70
Dec 19 18:45:32 zhuqingyang-Rev-1-0 kernel: [    0.000000]     0: 0x000d6f0f -> 0x000d6f18
Dec 19 18:45:32 zhuqingyang-Rev-1-0 kernel: [    0.000000]     0: 0x000d6f1f -> 0x000d6f80
Dec 19 18:45:32 zhuqingyang-Rev-1-0 kernel: [    0.000000]     0: 0x000d6f9f -> 0x000d6fe0
Dec 19 18:45:32 zhuqingyang-Rev-1-0 kernel: [    0.000000]     0: 0x000d6fff -> 0x000d7000
Dec 19 18:45:32 zhuqingyang-Rev-1-0 kernel: [    0.000000]     0: 0x00100000 -> 0x0011f800
Dec 19 18:45:32 zhuqingyang-Rev-1-0 kernel: [    0.000000] On node 0 totalpages: 1007749
Dec 19 18:45:32 zhuqingyang-Rev-1-0 kernel: [    0.000000] free_area_init_node: node 0, pgdat c1871a40, node_mem_map f40e8200
Dec 19 18:45:32 zhuqingyang-Rev-1-0 kernel: [    0.000000]   DMA zone: 32 pages used for memmap
Dec 19 18:45:32 zhuqingyang-Rev-1-0 kernel: [    0.000000]   DMA zone: 0 pages reserved
Dec 19 18:45:32 zhuqingyang-Rev-1-0 kernel: [    0.000000]   DMA zone: 3948 pages, LIFO batch:0
Dec 19 18:45:32 zhuqingyang-Rev-1-0 kernel: [    0.000000]   Normal zone: 1752 pages used for memmap
Dec 19 18:45:32 zhuqingyang-Rev-1-0 kernel: [    0.000000]   Normal zone: 221990 pages, LIFO batch:31
Dec 19 18:45:32 zhuqingyang-Rev-1-0 kernel: [    0.000000]   HighMem zone: 7417 pages used for memmap
Dec 19 18:45:32 zhuqingyang-Rev-1-0 kernel: [    0.000000]   HighMem zone: 772610 pages, LIFO batch:31
Dec 19 18:45:32 zhuqingyang-Rev-1-0 kernel: [    0.000000] Using APIC driver default
Dec 19 18:45:32 zhuqingyang-Rev-1-0 kernel: [    0.000000] ACPI: PM-Timer IO Port: 0x408
Dec 19 18:45:32 zhuqingyang-Rev-1-0 kernel: [    0.000000] ACPI: Local APIC address 0xfee00000
Dec 19 18:45:32 zhuqingyang-Rev-1-0 kernel: [    0.000000] ACPI: LAPIC (acpi_id[0x00] lapic_id[0x00] enabled)
Dec 19 18:45:32 zhuqingyang-Rev-1-0 kernel: [    0.000000] ACPI: LAPIC (acpi_id[0x01] lapic_id[0x02] enabled)
Dec 19 18:45:32 zhuqingyang-Rev-1-0 kernel: [    0.000000] ACPI: LAPIC (acpi_id[0x02] lapic_id[0x01] enabled)
Dec 19 18:45:32 zhuqingyang-Rev-1-0 kernel: [    0.000000] ACPI: LAPIC (acpi_id[0x03] lapic_id[0x03] enabled)
Dec 19 18:45:32 zhuqingyang-Rev-1-0 kernel: [    0.000000] ACPI: LAPIC_NMI (acpi_id[0x00] high edge lint[0x1])
Dec 19 18:45:32 zhuqingyang-Rev-1-0 kernel: [    0.000000] ACPI: LAPIC_NMI (acpi_id[0x01] high edge lint[0x1])
Dec 19 18:45:32 zhuqingyang-Rev-1-0 kernel: [    0.000000] ACPI: LAPIC_NMI (acpi_id[0x02] high edge lint[0x1])
Dec 19 18:45:32 zhuqingyang-Rev-1-0 kernel: [    0.000000] ACPI: LAPIC_NMI (acpi_id[0x03] high edge lint[0x1])
Dec 19 18:45:32 zhuqingyang-Rev-1-0 kernel: [    0.000000] ACPI: IOAPIC (id[0x04] address[0xfec00000] gsi_base[0])
Dec 19 18:45:32 zhuqingyang-Rev-1-0 kernel: [    0.000000] IOAPIC[0]: apic_id 4, version 32, address 0xfec00000, GSI 0-23
Dec 19 18:45:32 zhuqingyang-Rev-1-0 kernel: [    0.000000] ACPI: INT_SRC_OVR (bus 0 bus_irq 0 global_irq 2 high edge)
Dec 19 18:45:32 zhuqingyang-Rev-1-0 kernel: [    0.000000] ACPI: INT_SRC_OVR (bus 0 bus_irq 9 global_irq 9 high level)
Dec 19 18:45:32 zhuqingyang-Rev-1-0 kernel: [    0.000000] ACPI: IRQ0 used by override.
Dec 19 18:45:32 zhuqingyang-Rev-1-0 kernel: [    0.000000] ACPI: IRQ2 used by override.
Dec 19 18:45:32 zhuqingyang-Rev-1-0 kernel: [    0.000000] ACPI: IRQ9 used by override.
Dec 19 18:45:32 zhuqingyang-Rev-1-0 kernel: [    0.000000] Using ACPI (MADT) for SMP configuration information
Dec 19 18:45:32 zhuqingyang-Rev-1-0 kernel: [    0.000000] ACPI: HPET id: 0x8086a701 base: 0xfed00000
Dec 19 18:45:32 zhuqingyang-Rev-1-0 kernel: [    0.000000] SMP: Allowing 4 CPUs, 0 hotplug CPUs
Dec 19 18:45:32 zhuqingyang-Rev-1-0 kernel: [    0.000000] nr_irqs_gsi: 40
Dec 19 18:45:32 zhuqingyang-Rev-1-0 kernel: [    0.000000] PM: Registered nosave memory: 000000000009c000 - 000000000009d000
Dec 19 18:45:32 zhuqingyang-Rev-1-0 kernel: [    0.000000] PM: Registered nosave memory: 000000000009d000 - 00000000000a0000
Dec 19 18:45:32 zhuqingyang-Rev-1-0 kernel: [    0.000000] PM: Registered nosave memory: 00000000000a0000 - 00000000000dc000
Dec 19 18:45:32 zhuqingyang-Rev-1-0 kernel: [    0.000000] PM: Registered nosave memory: 00000000000dc000 - 00000000000e0000
Dec 19 18:45:32 zhuqingyang-Rev-1-0 kernel: [    0.000000] PM: Registered nosave memory: 00000000000e0000 - 00000000000e4000
Dec 19 18:45:32 zhuqingyang-Rev-1-0 kernel: [    0.000000] PM: Registered nosave memory: 00000000000e4000 - 0000000000100000
Dec 19 18:45:32 zhuqingyang-Rev-1-0 kernel: [    0.000000] PM: Registered nosave memory: 0000000020000000 - 0000000020200000
Dec 19 18:45:32 zhuqingyang-Rev-1-0 kernel: [    0.000000] Allocating PCI resources starting at e0000000 (gap: e0000000:180f8000)
Dec 19 18:45:32 zhuqingyang-Rev-1-0 kernel: [    0.000000] Booting paravirtualized kernel on bare hardware
Dec 19 18:45:32 zhuqingyang-Rev-1-0 kernel: [    0.000000] setup_percpu: NR_CPUS:8 nr_cpumask_bits:8 nr_cpu_ids:4 nr_node_ids:1
Dec 19 18:45:32 zhuqingyang-Rev-1-0 kernel: [    0.000000] PERCPU: Embedded 14 pages/cpu @f7bb2000 s34240 r0 d23104 u57344
Dec 19 18:45:32 zhuqingyang-Rev-1-0 kernel: [    0.000000] pcpu-alloc: s34240 r0 d23104 u57344 alloc=14*4096
Dec 19 18:45:32 zhuqingyang-Rev-1-0 kernel: [    0.000000] pcpu-alloc: [0] 0 [0] 1 [0] 2 [0] 3 
Dec 19 18:45:32 zhuqingyang-Rev-1-0 kernel: [    0.000000] Built 1 zonelists in Zone order, mobility grouping on.  Total pages: 998548
Dec 19 18:45:32 zhuqingyang-Rev-1-0 kernel: [    0.000000] Kernel command line: BOOT_IMAGE=/boot/vmlinuz-3.2.0-61-generic-pae root=UUID=4e672614-a8b6-4bfc-83a7-e7fb7fd10a74 ro quiet splash vt.handoff=7
Dec 19 18:45:32 zhuqingyang-Rev-1-0 kernel: [    0.000000] PID hash table entries: 4096 (order: 2, 16384 bytes)
Dec 19 18:45:32 zhuqingyang-Rev-1-0 kernel: [    0.000000] Dentry cache hash table entries: 131072 (order: 7, 524288 bytes)
Dec 19 18:45:32 zhuqingyang-Rev-1-0 kernel: [    0.000000] Inode-cache hash table entries: 65536 (order: 6, 262144 bytes)
Dec 19 18:45:32 zhuqingyang-Rev-1-0 kernel: [    0.000000] Initializing CPU#0
Dec 19 18:45:32 zhuqingyang-Rev-1-0 kernel: [    0.000000] xsave/xrstor: enabled xstate_bv 0x7, cntxt size 0x340
Dec 19 18:45:32 zhuqingyang-Rev-1-0 kernel: [    0.000000] allocated 18841344 bytes of page_cgroup
Dec 19 18:45:32 zhuqingyang-Rev-1-0 kernel: [    0.000000] please try 'cgroup_disable=memory' option if you don't want memory cgroups
Dec 19 18:45:32 zhuqingyang-Rev-1-0 kernel: [    0.000000] Initializing HighMem for node 0 (00037bfe:0011f800)
Dec 19 18:45:32 zhuqingyang-Rev-1-0 kernel: [    0.000000] Memory: 3949868k/4710400k available (5842k kernel code, 81128k reserved, 2857k data, 744k init, 3120108k highmem)
Dec 19 18:45:32 zhuqingyang-Rev-1-0 kernel: [    0.000000] virtual kernel memory layout:
Dec 19 18:45:32 zhuqingyang-Rev-1-0 kernel: [    0.000000]     fixmap  : 0xfff16000 - 0xfffff000   ( 932 kB)
Dec 19 18:45:32 zhuqingyang-Rev-1-0 kernel: [    0.000000]     pkmap   : 0xffc00000 - 0xffe00000   (2048 kB)
Dec 19 18:45:32 zhuqingyang-Rev-1-0 kernel: [    0.000000]     vmalloc : 0xf83fe000 - 0xffbfe000   ( 120 MB)
Dec 19 18:45:32 zhuqingyang-Rev-1-0 kernel: [    0.000000]     lowmem  : 0xc0000000 - 0xf7bfe000   ( 891 MB)
Dec 19 18:45:32 zhuqingyang-Rev-1-0 kernel: [    0.000000]       .init : 0xc1880000 - 0xc193a000   ( 744 kB)
Dec 19 18:45:32 zhuqingyang-Rev-1-0 kernel: [    0.000000]       .data : 0xc15b4afc - 0xc187f280   (2857 kB)
Dec 19 18:45:32 zhuqingyang-Rev-1-0 kernel: [    0.000000]       .text : 0xc1000000 - 0xc15b4afc   (5842 kB)
Dec 19 18:45:32 zhuqingyang-Rev-1-0 kernel: [    0.000000] Checking if this processor honours the WP bit even in supervisor mode...Ok.
Dec 19 18:45:32 zhuqingyang-Rev-1-0 kernel: [    0.000000] SLUB: Genslabs=15, HWalign=64, Order=0-3, MinObjects=0, CPUs=4, Nodes=1
Dec 19 18:45:32 zhuqingyang-Rev-1-0 kernel: [    0.000000] Hierarchical RCU implementation.
Dec 19 18:45:32 zhuqingyang-Rev-1-0 kernel: [    0.000000] 	RCU dyntick-idle grace-period acceleration is enabled.
Dec 19 18:45:32 zhuqingyang-Rev-1-0 kernel: [    0.000000] NR_IRQS:2304 nr_irqs:712 16
Dec 19 18:45:32 zhuqingyang-Rev-1-0 kernel: [    0.000000] CPU 0 irqstacks, hard=f740a000 soft=f740c000
Dec 19 18:45:32 zhuqingyang-Rev-1-0 kernel: [    0.000000] Extended CMOS year: 2000
Dec 19 18:45:32 zhuqingyang-Rev-1-0 kernel: [    0.000000] vt handoff: transparent VT on vt#7
Dec 19 18:45:32 zhuqingyang-Rev-1-0 kernel: [    0.000000] Console: colour dummy device 80x25
Dec 19 18:45:32 zhuqingyang-Rev-1-0 kernel: [    0.000000] console [tty0] enabled
Dec 19 18:45:32 zhuqingyang-Rev-1-0 kernel: [    0.000000] hpet clockevent registered
Dec 19 18:45:32 zhuqingyang-Rev-1-0 kernel: [    0.000000] Fast TSC calibration using PIT
Dec 19 18:45:32 zhuqingyang-Rev-1-0 kernel: [    0.004000] Detected 2793.607 MHz processor.
Dec 19 18:45:32 zhuqingyang-Rev-1-0 kernel: [    0.000001] Calibrating delay loop (skipped), value calculated using timer frequency.. 5587.21 BogoMIPS (lpj=11174428)
Dec 19 18:45:32 zhuqingyang-Rev-1-0 kernel: [    0.000004] pid_max: default: 32768 minimum: 301
Dec 19 18:45:32 zhuqingyang-Rev-1-0 kernel: [    0.000019] Security Framework initialized
Dec 19 18:45:32 zhuqingyang-Rev-1-0 kernel: [    0.000030] AppArmor: AppArmor initialized
Dec 19 18:45:32 zhuqingyang-Rev-1-0 kernel: [    0.000031] Yama: becoming mindful.
Dec 19 18:45:32 zhuqingyang-Rev-1-0 kernel: [    0.000066] Mount-cache hash table entries: 512
Dec 19 18:45:32 zhuqingyang-Rev-1-0 kernel: [    0.000147] Initializing cgroup subsys cpuacct
Dec 19 18:45:32 zhuqingyang-Rev-1-0 kernel: [    0.000151] Initializing cgroup subsys memory
Dec 19 18:45:32 zhuqingyang-Rev-1-0 kernel: [    0.000156] Initializing cgroup subsys devices
Dec 19 18:45:32 zhuqingyang-Rev-1-0 kernel: [    0.000158] Initializing cgroup subsys freezer
Dec 19 18:45:32 zhuqingyang-Rev-1-0 kernel: [    0.000159] Initializing cgroup subsys blkio
Dec 19 18:45:32 zhuqingyang-Rev-1-0 kernel: [    0.000163] Initializing cgroup subsys perf_event
Dec 19 18:45:32 zhuqingyang-Rev-1-0 kernel: [    0.000183] CPU: Physical Processor ID: 0
Dec 19 18:45:32 zhuqingyang-Rev-1-0 kernel: [    0.000184] CPU: Processor Core ID: 0
Dec 19 18:45:32 zhuqingyang-Rev-1-0 kernel: [    0.000188] ENERGY_PERF_BIAS: Set to 'normal', was 'performance'
Dec 19 18:45:32 zhuqingyang-Rev-1-0 kernel: [    0.000188] ENERGY_PERF_BIAS: View and update with x86_energy_perf_policy(8)
Dec 19 18:45:32 zhuqingyang-Rev-1-0 kernel: [    0.000191] mce: CPU supports 7 MCE banks
Dec 19 18:45:32 zhuqingyang-Rev-1-0 kernel: [    0.000201] CPU0: Thermal monitoring enabled (TM1)
Dec 19 18:45:32 zhuqingyang-Rev-1-0 kernel: [    0.000207] using mwait in idle threads.
Dec 19 18:45:32 zhuqingyang-Rev-1-0 kernel: [    0.002113] ACPI: Core revision 20110623
Dec 19 18:45:32 zhuqingyang-Rev-1-0 kernel: [    0.020303] ftrace: allocating 26146 entries in 52 pages
Dec 19 18:45:32 zhuqingyang-Rev-1-0 kernel: [    0.028332] Enabling APIC mode:  Flat.  Using 1 I/O APICs
Dec 19 18:45:32 zhuqingyang-Rev-1-0 kernel: [    0.028745] ..TIMER: vector=0x30 apic1=0 pin1=2 apic2=-1 pin2=-1
Dec 19 18:45:32 zhuqingyang-Rev-1-0 kernel: [    0.068369] CPU0: Intel(R) Core(TM) i7-2640M CPU @ 2.80GHz stepping 07
Dec 19 18:45:32 zhuqingyang-Rev-1-0 kernel: [    0.172755] Performance Events: PEBS fmt1+, SandyBridge events, Intel PMU driver.
Dec 19 18:45:32 zhuqingyang-Rev-1-0 kernel: [    0.172759] PEBS disabled due to CPU errata.
Dec 19 18:45:32 zhuqingyang-Rev-1-0 kernel: [    0.172761] ... version:                3
Dec 19 18:45:32 zhuqingyang-Rev-1-0 kernel: [    0.172762] ... bit width:              48
Dec 19 18:45:32 zhuqingyang-Rev-1-0 kernel: [    0.172763] ... generic registers:      4
Dec 19 18:45:32 zhuqingyang-Rev-1-0 kernel: [    0.172764] ... value mask:             0000ffffffffffff
Dec 19 18:45:32 zhuqingyang-Rev-1-0 kernel: [    0.172766] ... max period:             000000007fffffff
Dec 19 18:45:32 zhuqingyang-Rev-1-0 kernel: [    0.172767] ... fixed-purpose events:   3
Dec 19 18:45:32 zhuqingyang-Rev-1-0 kernel: [    0.172768] ... event mask:             000000070000000f
Dec 19 18:45:32 zhuqingyang-Rev-1-0 kernel: [    0.172866] NMI watchdog enabled, takes one hw-pmu counter.
Dec 19 18:45:32 zhuqingyang-Rev-1-0 kernel: [    0.172925] CPU 1 irqstacks, hard=f7512000 soft=f7514000
Dec 19 18:45:32 zhuqingyang-Rev-1-0 kernel: [    0.172926] Booting Node   0, Processors  #1
Dec 19 18:45:32 zhuqingyang-Rev-1-0 kernel: [    0.172928] smpboot cpu 1: start_ip = 98000
Dec 19 18:45:32 zhuqingyang-Rev-1-0 kernel: [    0.183194] Initializing CPU#1
Dec 19 18:45:32 zhuqingyang-Rev-1-0 kernel: [    0.280652] NMI watchdog enabled, takes one hw-pmu counter.
Dec 19 18:45:32 zhuqingyang-Rev-1-0 kernel: [    0.280713] CPU 2 irqstacks, hard=f7520000 soft=f7522000
Dec 19 18:45:32 zhuqingyang-Rev-1-0 kernel: [    0.280714]  #2
Dec 19 18:45:32 zhuqingyang-Rev-1-0 kernel: [    0.280715] smpboot cpu 2: start_ip = 98000
Dec 19 18:45:32 zhuqingyang-Rev-1-0 kernel: [    0.291016] Initializing CPU#2
Dec 19 18:45:32 zhuqingyang-Rev-1-0 kernel: [    0.388531] NMI watchdog enabled, takes one hw-pmu counter.
Dec 19 18:45:32 zhuqingyang-Rev-1-0 kernel: [    0.388600] CPU 3 irqstacks, hard=f7554000 soft=f7556000
Dec 19 18:45:32 zhuqingyang-Rev-1-0 kernel: [    0.388601]  #3 Ok.
Dec 19 18:45:32 zhuqingyang-Rev-1-0 kernel: [    0.388602] smpboot cpu 3: start_ip = 98000
Dec 19 18:45:32 zhuqingyang-Rev-1-0 kernel: [    0.398867] Initializing CPU#3
Dec 19 18:45:32 zhuqingyang-Rev-1-0 kernel: [    0.496323] NMI watchdog enabled, takes one hw-pmu counter.
Dec 19 18:45:32 zhuqingyang-Rev-1-0 kernel: [    0.496345] Brought up 4 CPUs
Dec 19 18:45:32 zhuqingyang-Rev-1-0 kernel: [    0.496347] Total of 4 processors activated (22348.35 BogoMIPS).
Dec 19 18:45:32 zhuqingyang-Rev-1-0 kernel: [    0.500030] devtmpfs: initialized
Dec 19 18:45:32 zhuqingyang-Rev-1-0 kernel: [    0.500120] EVM: security.selinux
Dec 19 18:45:32 zhuqingyang-Rev-1-0 kernel: [    0.500121] EVM: security.SMACK64
Dec 19 18:45:32 zhuqingyang-Rev-1-0 kernel: [    0.500122] EVM: security.capability
Dec 19 18:45:32 zhuqingyang-Rev-1-0 kernel: [    0.500141] PM: Registering ACPI NVS region at d6c70000 (528384 bytes)
Dec 19 18:45:32 zhuqingyang-Rev-1-0 kernel: [    0.500151] PM: Registering ACPI NVS region at d6f80000 (126976 bytes)
Dec 19 18:45:32 zhuqingyang-Rev-1-0 kernel: [    0.500878] print_constraints: dummy: 
Dec 19 18:45:32 zhuqingyang-Rev-1-0 kernel: [    0.500906] RTC time: 18:45:12, date: 12/19/14
Dec 19 18:45:32 zhuqingyang-Rev-1-0 kernel: [    0.500933] NET: Registered protocol family 16
Dec 19 18:45:32 zhuqingyang-Rev-1-0 kernel: [    0.501007] Trying to unpack rootfs image as initramfs...
Dec 19 18:45:32 zhuqingyang-Rev-1-0 kernel: [    0.501012] EISA bus registered
Dec 19 18:45:32 zhuqingyang-Rev-1-0 kernel: [    0.501025] ACPI: bus type pci registered
Dec 19 18:45:32 zhuqingyang-Rev-1-0 kernel: [    0.501079] PCI: MMCONFIG for domain 0000 [bus 00-ff] at [mem 0xf8000000-0x107ffffff] (base 0xf8000000)
Dec 19 18:45:32 zhuqingyang-Rev-1-0 kernel: [    0.501082] PCI: not using MMCONFIG
Dec 19 18:45:32 zhuqingyang-Rev-1-0 kernel: [    0.505954] PCI : PCI BIOS aera is rw and x. Use pci=nobios if you want it NX.
Dec 19 18:45:32 zhuqingyang-Rev-1-0 kernel: [    0.506053] PCI: PCI BIOS revision 3.00 entry at 0xfddb2, last bus=7
Dec 19 18:45:32 zhuqingyang-Rev-1-0 kernel: [    0.506055] PCI: Using configuration type 1 for base access
Dec 19 18:45:32 zhuqingyang-Rev-1-0 kernel: [    0.506823] bio: create slab <bio-0> at 0
Dec 19 18:45:32 zhuqingyang-Rev-1-0 kernel: [    0.506885] ACPI: Added _OSI(Module Device)
Dec 19 18:45:32 zhuqingyang-Rev-1-0 kernel: [    0.506886] ACPI: Added _OSI(Processor Device)
Dec 19 18:45:32 zhuqingyang-Rev-1-0 kernel: [    0.506888] ACPI: Added _OSI(3.0 _SCP Extensions)
Dec 19 18:45:32 zhuqingyang-Rev-1-0 kernel: [    0.506889] ACPI: Added _OSI(Processor Aggregator Device)
Dec 19 18:45:32 zhuqingyang-Rev-1-0 kernel: [    0.508591] ACPI: EC: Look up EC in DSDT
Dec 19 18:45:32 zhuqingyang-Rev-1-0 kernel: [    0.510278] ACPI: Executed 1 blocks of module-level executable AML code
Dec 19 18:45:32 zhuqingyang-Rev-1-0 kernel: [    0.513328] [Firmware Bug]: ACPI: BIOS _OSI(Linux) query ignored
Dec 19 18:45:32 zhuqingyang-Rev-1-0 kernel: [    0.513656] ACPI: SSDT d6f19718 0068F (v01  PmRef  Cpu0Cst 00003001 INTL 20060912)
Dec 19 18:45:32 zhuqingyang-Rev-1-0 kernel: [    0.514094] ACPI: Dynamic OEM Table Load:
Dec 19 18:45:32 zhuqingyang-Rev-1-0 kernel: [    0.514096] ACPI: SSDT   (null) 0068F (v01  PmRef  Cpu0Cst 00003001 INTL 20060912)
Dec 19 18:45:32 zhuqingyang-Rev-1-0 kernel: [    0.544405] ACPI: SSDT d6f1aa98 00303 (v01  PmRef    ApIst 00003000 INTL 20060912)
Dec 19 18:45:32 zhuqingyang-Rev-1-0 kernel: [    0.544869] ACPI: Dynamic OEM Table Load:
Dec 19 18:45:32 zhuqingyang-Rev-1-0 kernel: [    0.544871] ACPI: SSDT   (null) 00303 (v01  PmRef    ApIst 00003000 INTL 20060912)
Dec 19 18:45:32 zhuqingyang-Rev-1-0 kernel: [    0.568242] ACPI: SSDT d6f18d98 00119 (v01  PmRef    ApCst 00003000 INTL 20060912)
Dec 19 18:45:32 zhuqingyang-Rev-1-0 kernel: [    0.568674] ACPI: Dynamic OEM Table Load:
Dec 19 18:45:32 zhuqingyang-Rev-1-0 kernel: [    0.568676] ACPI: SSDT   (null) 00119 (v01  PmRef    ApCst 00003000 INTL 20060912)
Dec 19 18:45:32 zhuqingyang-Rev-1-0 kernel: [    0.721826] Freeing initrd memory: 13872k freed
Dec 19 18:45:32 zhuqingyang-Rev-1-0 kernel: [    0.893451] ACPI: Interpreter enabled
Dec 19 18:45:32 zhuqingyang-Rev-1-0 kernel: [    0.893468] ACPI: (supports S0 S1 S3 S4 S5)
Dec 19 18:45:32 zhuqingyang-Rev-1-0 kernel: [    0.893490] ACPI: Using IOAPIC for interrupt routing
Dec 19 18:45:32 zhuqingyang-Rev-1-0 kernel: [    0.893509] PCI: MMCONFIG for domain 0000 [bus 00-ff] at [mem 0xf8000000-0x107ffffff] (base 0xf8000000)
Dec 19 18:45:32 zhuqingyang-Rev-1-0 kernel: [    0.894489] PCI: MMCONFIG at [mem 0xf8000000-0x107ffffff] reserved in ACPI motherboard resources
Dec 19 18:45:32 zhuqingyang-Rev-1-0 kernel: [    0.894491] PCI: MMCONFIG for 0000 [bus00-3f] at [mem 0xf8000000-0xfbffffff] (base 0xf8000000) (size reduced!)
Dec 19 18:45:32 zhuqingyang-Rev-1-0 kernel: [    0.894493] PCI: Using MMCONFIG for extended config space
Dec 19 18:45:32 zhuqingyang-Rev-1-0 kernel: [    0.902977] ACPI: EC: GPE = 0x17, I/O: command/status = 0x66, data = 0x62
Dec 19 18:45:32 zhuqingyang-Rev-1-0 kernel: [    0.903130] ACPI: No dock devices found.
Dec 19 18:45:32 zhuqingyang-Rev-1-0 kernel: [    0.903132] HEST: Table not found.
Dec 19 18:45:32 zhuqingyang-Rev-1-0 kernel: [    0.903136] PCI: Using host bridge windows from ACPI; if necessary, use "pci=nocrs" and report a bug
Dec 19 18:45:32 zhuqingyang-Rev-1-0 kernel: [    0.903367] \_SB_.PCI0:_OSC invalid UUID
Dec 19 18:45:32 zhuqingyang-Rev-1-0 kernel: [    0.903368] _OSC request data:1 8 0 
Dec 19 18:45:32 zhuqingyang-Rev-1-0 kernel: [    0.903371] ACPI: PCI Root Bridge [PCI0] (domain 0000 [bus 00-3e])
Dec 19 18:45:32 zhuqingyang-Rev-1-0 kernel: [    0.903780] pci_root PNP0A08:00: host bridge window [io  0x0000-0x0cf7]
Dec 19 18:45:32 zhuqingyang-Rev-1-0 kernel: [    0.903782] pci_root PNP0A08:00: host bridge window [io  0x0d00-0xffff]
Dec 19 18:45:32 zhuqingyang-Rev-1-0 kernel: [    0.903783] pci_root PNP0A08:00: host bridge window [mem 0x000a0000-0x000bffff]
Dec 19 18:45:32 zhuqingyang-Rev-1-0 kernel: [    0.903785] pci_root PNP0A08:00: host bridge window [mem 0x000d0000-0x000d3fff]
Dec 19 18:45:32 zhuqingyang-Rev-1-0 kernel: [    0.903787] pci_root PNP0A08:00: host bridge window [mem 0x000d4000-0x000d7fff]
Dec 19 18:45:32 zhuqingyang-Rev-1-0 kernel: [    0.903789] pci_root PNP0A08:00: host bridge window [mem 0x000d8000-0x000dbfff]
Dec 19 18:45:32 zhuqingyang-Rev-1-0 kernel: [    0.903791] pci_root PNP0A08:00: host bridge window [mem 0x000e0000-0x000e3fff]
Dec 19 18:45:32 zhuqingyang-Rev-1-0 kernel: [    0.903793] pci_root PNP0A08:00: host bridge window [mem 0xe0000000-0xfeafffff]
Dec 19 18:45:32 zhuqingyang-Rev-1-0 kernel: [    0.903794] pci_root PNP0A08:00: host bridge window [mem 0xf8628900-0xfeb00000]
Dec 19 18:45:32 zhuqingyang-Rev-1-0 kernel: [    0.903796] pci_root PNP0A08:00: host bridge window [mem 0xf7000000-0xf8000000]
Dec 19 18:45:32 zhuqingyang-Rev-1-0 kernel: [    0.903799] pci_root PNP0A08:00: host bridge window expanded to [mem 0xe0000000-0xfeb00000]; [mem 0xf8628900-0xfeb00000] ignored
Dec 19 18:45:32 zhuqingyang-Rev-1-0 kernel: [    0.903801] pci_root PNP0A08:00: host bridge window expanded to [mem 0xe0000000-0xfeb00000]; [mem 0xf7000000-0xf8000000] ignored
Dec 19 18:45:32 zhuqingyang-Rev-1-0 kernel: [    0.903812] pci 0000:00:00.0: [8086:0104] type 0 class 0x000600
Dec 19 18:45:32 zhuqingyang-Rev-1-0 kernel: [    0.903846] pci 0000:00:02.0: [8086:0126] type 0 class 0x000300
Dec 19 18:45:32 zhuqingyang-Rev-1-0 kernel: [    0.903856] pci 0000:00:02.0: reg 10: [mem 0xf4000000-0xf43fffff 64bit]
Dec 19 18:45:32 zhuqingyang-Rev-1-0 kernel: [    0.903862] pci 0000:00:02.0: reg 18: [mem 0xe0000000-0xefffffff 64bit pref]
Dec 19 18:45:32 zhuqingyang-Rev-1-0 kernel: [    0.903867] pci 0000:00:02.0: reg 20: [io  0x1800-0x183f]
Dec 19 18:45:32 zhuqingyang-Rev-1-0 kernel: [    0.903920] pci 0000:00:16.0: [8086:1c3a] type 0 class 0x000780
Dec 19 18:45:32 zhuqingyang-Rev-1-0 kernel: [    0.903943] pci 0000:00:16.0: reg 10: [mem 0xf4924000-0xf492400f 64bit]
Dec 19 18:45:32 zhuqingyang-Rev-1-0 kernel: [    0.904019] pci 0000:00:16.0: PME# supported from D0 D3hot D3cold
Dec 19 18:45:32 zhuqingyang-Rev-1-0 kernel: [    0.904024] pci 0000:00:16.0: PME# disabled
Dec 19 18:45:32 zhuqingyang-Rev-1-0 kernel: [    0.904053] pci 0000:00:19.0: [8086:1503] type 0 class 0x000200
Dec 19 18:45:32 zhuqingyang-Rev-1-0 kernel: [    0.904071] pci 0000:00:19.0: reg 10: [mem 0xf4900000-0xf491ffff]
Dec 19 18:45:32 zhuqingyang-Rev-1-0 kernel: [    0.904080] pci 0000:00:19.0: reg 14: [mem 0xf4927000-0xf4927fff]
Dec 19 18:45:32 zhuqingyang-Rev-1-0 kernel: [    0.904088] pci 0000:00:19.0: reg 18: [io  0x1860-0x187f]
Dec 19 18:45:32 zhuqingyang-Rev-1-0 kernel: [    0.904152] pci 0000:00:19.0: PME# supported from D0 D3hot D3cold
Dec 19 18:45:32 zhuqingyang-Rev-1-0 kernel: [    0.904155] pci 0000:00:19.0: PME# disabled
Dec 19 18:45:32 zhuqingyang-Rev-1-0 kernel: [    0.904179] pci 0000:00:1a.0: [8086:1c2d] type 0 class 0x000c03
Dec 19 18:45:32 zhuqingyang-Rev-1-0 kernel: [    0.904200] pci 0000:00:1a.0: reg 10: [mem 0xf4928000-0xf49283ff]
Dec 19 18:45:32 zhuqingyang-Rev-1-0 kernel: [    0.904289] pci 0000:00:1a.0: PME# supported from D0 D3hot D3cold
Dec 19 18:45:32 zhuqingyang-Rev-1-0 kernel: [    0.904294] pci 0000:00:1a.0: PME# disabled
Dec 19 18:45:32 zhuqingyang-Rev-1-0 kernel: [    0.904316] pci 0000:00:1b.0: [8086:1c20] type 0 class 0x000403
Dec 19 18:45:32 zhuqingyang-Rev-1-0 kernel: [    0.904331] pci 0000:00:1b.0: reg 10: [mem 0xf4920000-0xf4923fff 64bit]
Dec 19 18:45:32 zhuqingyang-Rev-1-0 kernel: [    0.904398] pci 0000:00:1b.0: PME# supported from D0 D3hot D3cold
Dec 19 18:45:32 zhuqingyang-Rev-1-0 kernel: [    0.904402] pci 0000:00:1b.0: PME# disabled
Dec 19 18:45:32 zhuqingyang-Rev-1-0 kernel: [    0.904424] pci 0000:00:1c.0: [8086:1c10] type 1 class 0x000604
Dec 19 18:45:32 zhuqingyang-Rev-1-0 kernel: [    0.904503] pci 0000:00:1c.0: PME# supported from D0 D3hot D3cold
Dec 19 18:45:32 zhuqingyang-Rev-1-0 kernel: [    0.904508] pci 0000:00:1c.0: PME# disabled
Dec 19 18:45:32 zhuqingyang-Rev-1-0 kernel: [    0.904532] pci 0000:00:1c.2: [8086:1c14] type 1 class 0x000604
Dec 19 18:45:32 zhuqingyang-Rev-1-0 kernel: [    0.904611] pci 0000:00:1c.2: PME# supported from D0 D3hot D3cold
Dec 19 18:45:32 zhuqingyang-Rev-1-0 kernel: [    0.904615] pci 0000:00:1c.2: PME# disabled
Dec 19 18:45:32 zhuqingyang-Rev-1-0 kernel: [    0.904646] pci 0000:00:1d.0: [8086:1c26] type 0 class 0x000c03
Dec 19 18:45:32 zhuqingyang-Rev-1-0 kernel: [    0.904667] pci 0000:00:1d.0: reg 10: [mem 0xf4929000-0xf49293ff]
Dec 19 18:45:32 zhuqingyang-Rev-1-0 kernel: [    0.904757] pci 0000:00:1d.0: PME# supported from D0 D3hot D3cold
Dec 19 18:45:32 zhuqingyang-Rev-1-0 kernel: [    0.904761] pci 0000:00:1d.0: PME# disabled
Dec 19 18:45:32 zhuqingyang-Rev-1-0 kernel: [    0.904784] pci 0000:00:1f.0: [8086:1c49] type 0 class 0x000601
Dec 19 18:45:32 zhuqingyang-Rev-1-0 kernel: [    0.904903] pci 0000:00:1f.2: [8086:1c01] type 0 class 0x000101
Dec 19 18:45:32 zhuqingyang-Rev-1-0 kernel: [    0.904918] pci 0000:00:1f.2: reg 10: [io  0x1898-0x189f]
Dec 19 18:45:32 zhuqingyang-Rev-1-0 kernel: [    0.904926] pci 0000:00:1f.2: reg 14: [io  0x184c-0x184f]
Dec 19 18:45:32 zhuqingyang-Rev-1-0 kernel: [    0.904935] pci 0000:00:1f.2: reg 18: [io  0x1890-0x1897]
Dec 19 18:45:32 zhuqingyang-Rev-1-0 kernel: [    0.904943] pci 0000:00:1f.2: reg 1c: [io  0x1848-0x184b]
Dec 19 18:45:32 zhuqingyang-Rev-1-0 kernel: [    0.904951] pci 0000:00:1f.2: reg 20: [io  0x1880-0x188f]
Dec 19 18:45:32 zhuqingyang-Rev-1-0 kernel: [    0.904959] pci 0000:00:1f.2: reg 24: [io  0x1850-0x185f]
Dec 19 18:45:32 zhuqingyang-Rev-1-0 kernel: [    0.905005] pci 0000:00:1f.3: [8086:1c22] type 0 class 0x000c05
Dec 19 18:45:32 zhuqingyang-Rev-1-0 kernel: [    0.905020] pci 0000:00:1f.3: reg 10: [mem 0xf492a000-0xf492a0ff 64bit]
Dec 19 18:45:32 zhuqingyang-Rev-1-0 kernel: [    0.905041] pci 0000:00:1f.3: reg 20: [io  0x18a0-0x18bf]
Dec 19 18:45:32 zhuqingyang-Rev-1-0 kernel: [    0.905076] pci 0000:00:1f.5: [8086:1c09] type 0 class 0x000101
Dec 19 18:45:32 zhuqingyang-Rev-1-0 kernel: [    0.905091] pci 0000:00:1f.5: reg 10: [io  0x18f0-0x18f7]
Dec 19 18:45:32 zhuqingyang-Rev-1-0 kernel: [    0.905099] pci 0000:00:1f.5: reg 14: [io  0x18e4-0x18e7]
Dec 19 18:45:32 zhuqingyang-Rev-1-0 kernel: [    0.905107] pci 0000:00:1f.5: reg 18: [io  0x18e8-0x18ef]
Dec 19 18:45:32 zhuqingyang-Rev-1-0 kernel: [    0.905115] pci 0000:00:1f.5: reg 1c: [io  0x18e0-0x18e3]
Dec 19 18:45:32 zhuqingyang-Rev-1-0 kernel: [    0.905123] pci 0000:00:1f.5: reg 20: [io  0x18d0-0x18df]
Dec 19 18:45:32 zhuqingyang-Rev-1-0 kernel: [    0.905131] pci 0000:00:1f.5: reg 24: [io  0x18c0-0x18cf]
Dec 19 18:45:32 zhuqingyang-Rev-1-0 kernel: [    0.905218] pci 0000:00:1c.0: PCI bridge to [bus 03-04]
Dec 19 18:45:32 zhuqingyang-Rev-1-0 kernel: [    0.905222] pci 0000:00:1c.0:   bridge window [io  0x2000-0x2fff]
Dec 19 18:45:32 zhuqingyang-Rev-1-0 kernel: [    0.905226] pci 0000:00:1c.0:   bridge window [mem 0xf4400000-0xf45fffff]
Dec 19 18:45:32 zhuqingyang-Rev-1-0 kernel: [    0.905232] pci 0000:00:1c.0:   bridge window [mem 0xf0000000-0xf3ffffff 64bit pref]
Dec 19 18:45:32 zhuqingyang-Rev-1-0 kernel: [    0.905314] pci 0000:05:00.0: [8086:0084] type 0 class 0x000280
Dec 19 18:45:32 zhuqingyang-Rev-1-0 kernel: [    0.905359] pci 0000:05:00.0: reg 10: [mem 0xf4600000-0xf4601fff 64bit]
Dec 19 18:45:32 zhuqingyang-Rev-1-0 kernel: [    0.905576] pci 0000:05:00.0: PME# supported from D0 D3hot D3cold
Dec 19 18:45:32 zhuqingyang-Rev-1-0 kernel: [    0.905584] pci 0000:05:00.0: PME# disabled
Dec 19 18:45:32 zhuqingyang-Rev-1-0 kernel: [    0.911659] pci 0000:00:1c.2: PCI bridge to [bus 05-05]
Dec 19 18:45:32 zhuqingyang-Rev-1-0 kernel: [    0.911674] pci 0000:00:1c.2:   bridge window [mem 0xf4600000-0xf46fffff]
Dec 19 18:45:32 zhuqingyang-Rev-1-0 kernel: [    0.911713] pci_bus 0000:00: on NUMA node 0
Dec 19 18:45:32 zhuqingyang-Rev-1-0 kernel: [    0.911722] ACPI: PCI Interrupt Routing Table [\_SB_.PCI0._PRT]
Dec 19 18:45:32 zhuqingyang-Rev-1-0 kernel: [    0.911912] ACPI: PCI Interrupt Routing Table [\_SB_.PCI0.RP01._PRT]
Dec 19 18:45:32 zhuqingyang-Rev-1-0 kernel: [    0.911947] ACPI: PCI Interrupt Routing Table [\_SB_.PCI0.RP03._PRT]
Dec 19 18:45:32 zhuqingyang-Rev-1-0 kernel: [    0.912029] \_SB_.PCI0:_OSC invalid UUID
Dec 19 18:45:32 zhuqingyang-Rev-1-0 kernel: [    0.912030] _OSC request data:1 1f 0 
Dec 19 18:45:32 zhuqingyang-Rev-1-0 kernel: [    0.912033]  pci0000:00: Requesting ACPI _OSC control (0x1d)
Dec 19 18:45:32 zhuqingyang-Rev-1-0 kernel: [    0.912059] \_SB_.PCI0:_OSC invalid UUID
Dec 19 18:45:32 zhuqingyang-Rev-1-0 kernel: [    0.912060] _OSC request data:1 0 1d 
Dec 19 18:45:32 zhuqingyang-Rev-1-0 kernel: [    0.912063]  pci0000:00: ACPI _OSC request failed (AE_ERROR), returned control mask: 0x1d
Dec 19 18:45:32 zhuqingyang-Rev-1-0 kernel: [    0.912064] ACPI _OSC control for PCIe not granted, disabling ASPM
Dec 19 18:45:32 zhuqingyang-Rev-1-0 kernel: [    0.914439] ACPI: PCI Interrupt Link [LNKA] (IRQs 1 3 4 5 6 7 10 *11 12 14 15)
Dec 19 18:45:32 zhuqingyang-Rev-1-0 kernel: [    0.914480] ACPI: PCI Interrupt Link [LNKB] (IRQs 1 3 4 5 6 7 10 *11 12 14 15)
Dec 19 18:45:32 zhuqingyang-Rev-1-0 kernel: [    0.914519] ACPI: PCI Interrupt Link [LNKC] (IRQs 1 3 4 *5 6 7 10 11 12 14 15)
Dec 19 18:45:32 zhuqingyang-Rev-1-0 kernel: [    0.914557] ACPI: PCI Interrupt Link [LNKD] (IRQs 1 3 4 5 6 7 *10 11 12 14 15)
Dec 19 18:45:32 zhuqingyang-Rev-1-0 kernel: [    0.914596] ACPI: PCI Interrupt Link [LNKE] (IRQs 1 3 4 5 6 *7 10 11 12 14 15)
Dec 19 18:45:32 zhuqingyang-Rev-1-0 kernel: [    0.914634] ACPI: PCI Interrupt Link [LNKF] (IRQs 1 3 4 5 6 7 10 11 12 14 15) *0, disabled.
Dec 19 18:45:32 zhuqingyang-Rev-1-0 kernel: [    0.914673] ACPI: PCI Interrupt Link [LNKG] (IRQs 1 3 4 5 6 7 *10 11 12 14 15)
Dec 19 18:45:32 zhuqingyang-Rev-1-0 kernel: [    0.914712] ACPI: PCI Interrupt Link [LNKH] (IRQs 1 3 4 5 6 7 *10 11 12 14 15)
Dec 19 18:45:32 zhuqingyang-Rev-1-0 kernel: [    0.914801] vgaarb: device added: PCI:0000:00:02.0,decodes=io+mem,owns=io+mem,locks=none
Dec 19 18:45:32 zhuqingyang-Rev-1-0 kernel: [    0.914806] vgaarb: loaded
Dec 19 18:45:32 zhuqingyang-Rev-1-0 kernel: [    0.914807] vgaarb: bridge control possible 0000:00:02.0
Dec 19 18:45:32 zhuqingyang-Rev-1-0 kernel: [    0.914885] i2c-core: driver [aat2870] using legacy suspend method
Dec 19 18:45:32 zhuqingyang-Rev-1-0 kernel: [    0.914886] i2c-core: driver [aat2870] using legacy resume method
Dec 19 18:45:32 zhuqingyang-Rev-1-0 kernel: [    0.914935] SCSI subsystem initialized
Dec 19 18:45:32 zhuqingyang-Rev-1-0 kernel: [    0.914972] libata version 3.00 loaded.
Dec 19 18:45:32 zhuqingyang-Rev-1-0 kernel: [    0.915003] usbcore: registered new interface driver usbfs
Dec 19 18:45:32 zhuqingyang-Rev-1-0 kernel: [    0.915011] usbcore: registered new interface driver hub
Dec 19 18:45:32 zhuqingyang-Rev-1-0 kernel: [    0.915028] usbcore: registered new device driver usb
Dec 19 18:45:32 zhuqingyang-Rev-1-0 kernel: [    0.915087] PCI: Using ACPI for IRQ routing
Dec 19 18:45:32 zhuqingyang-Rev-1-0 kernel: [    0.915221] PCI: pci_cache_line_size set to 64 bytes
Dec 19 18:45:32 zhuqingyang-Rev-1-0 kernel: [    0.915285] reserve RAM buffer: 000000000009c400 - 000000000009ffff 
Dec 19 18:45:32 zhuqingyang-Rev-1-0 kernel: [    0.915287] reserve RAM buffer: 00000000d6a7c000 - 00000000d7ffffff 
Dec 19 18:45:32 zhuqingyang-Rev-1-0 kernel: [    0.915290] reserve RAM buffer: 00000000d6bf2000 - 00000000d7ffffff 
Dec 19 18:45:32 zhuqingyang-Rev-1-0 kernel: [    0.915292] reserve RAM buffer: 00000000d6c70000 - 00000000d7ffffff 
Dec 19 18:45:32 zhuqingyang-Rev-1-0 kernel: [    0.915295] reserve RAM buffer: 00000000d6f18000 - 00000000d7ffffff 
Dec 19 18:45:32 zhuqingyang-Rev-1-0 kernel: [    0.915297] reserve RAM buffer: 00000000d6f80000 - 00000000d7ffffff 
Dec 19 18:45:32 zhuqingyang-Rev-1-0 kernel: [    0.915298] reserve RAM buffer: 00000000d6fe0000 - 00000000d7ffffff 
Dec 19 18:45:32 zhuqingyang-Rev-1-0 kernel: [    0.915300] reserve RAM buffer: 00000000d7000000 - 00000000d7ffffff 
Dec 19 18:45:32 zhuqingyang-Rev-1-0 kernel: [    0.915302] reserve RAM buffer: 000000011f800000 - 000000011fffffff 
Dec 19 18:45:32 zhuqingyang-Rev-1-0 kernel: [    0.915371] NetLabel: Initializing
Dec 19 18:45:32 zhuqingyang-Rev-1-0 kernel: [    0.915373] NetLabel:  domain hash size = 128
Dec 19 18:45:32 zhuqingyang-Rev-1-0 kernel: [    0.915374] NetLabel:  protocols = UNLABELED CIPSOv4
Dec 19 18:45:32 zhuqingyang-Rev-1-0 kernel: [    0.915381] NetLabel:  unlabeled traffic allowed by default
Dec 19 18:45:32 zhuqingyang-Rev-1-0 kernel: [    0.915424] hpet0: at MMIO 0xfed00000, IRQs 2, 8, 0, 0, 0, 0, 0, 0
Dec 19 18:45:32 zhuqingyang-Rev-1-0 kernel: [    0.915429] hpet0: 8 comparators, 64-bit 14.318180 MHz counter
Dec 19 18:45:32 zhuqingyang-Rev-1-0 kernel: [    0.917442] Switching to clocksource hpet
Dec 19 18:45:32 zhuqingyang-Rev-1-0 kernel: [    0.922715] AppArmor: AppArmor Filesystem Enabled
Dec 19 18:45:32 zhuqingyang-Rev-1-0 kernel: [    0.922731] pnp: PnP ACPI init
Dec 19 18:45:32 zhuqingyang-Rev-1-0 kernel: [    0.922742] ACPI: bus type pnp registered
Dec 19 18:45:32 zhuqingyang-Rev-1-0 kernel: [    0.922968] pnp 00:00: [bus 00-3e]
Dec 19 18:45:32 zhuqingyang-Rev-1-0 kernel: [    0.922970] pnp 00:00: [io  0x0000-0x0cf7 window]
Dec 19 18:45:32 zhuqingyang-Rev-1-0 kernel: [    0.922972] pnp 00:00: [io  0x0cf8-0x0cff]
Dec 19 18:45:32 zhuqingyang-Rev-1-0 kernel: [    0.922973] pnp 00:00: [io  0x0d00-0xffff window]
Dec 19 18:45:32 zhuqingyang-Rev-1-0 kernel: [    0.922975] pnp 00:00: [mem 0x000a0000-0x000bffff window]
Dec 19 18:45:32 zhuqingyang-Rev-1-0 kernel: [    0.922977] pnp 00:00: [mem 0x000c0000-0x000c3fff window]
Dec 19 18:45:32 zhuqingyang-Rev-1-0 kernel: [    0.922978] pnp 00:00: [mem 0x000c4000-0x000c7fff window]
Dec 19 18:45:32 zhuqingyang-Rev-1-0 kernel: [    0.922980] pnp 00:00: [mem 0x000c8000-0x000cbfff window]
Dec 19 18:45:32 zhuqingyang-Rev-1-0 kernel: [    0.922981] pnp 00:00: [mem 0x000cc000-0x000cffff window]
Dec 19 18:45:32 zhuqingyang-Rev-1-0 kernel: [    0.922983] pnp 00:00: [mem 0x000d0000-0x000d3fff window]
Dec 19 18:45:32 zhuqingyang-Rev-1-0 kernel: [    0.922984] pnp 00:00: [mem 0x000d4000-0x000d7fff window]
Dec 19 18:45:32 zhuqingyang-Rev-1-0 kernel: [    0.922987] pnp 00:00: [mem 0x000d8000-0x000dbfff window]
Dec 19 18:45:32 zhuqingyang-Rev-1-0 kernel: [    0.922988] pnp 00:00: [mem 0x000dc000-0x000dffff window]
Dec 19 18:45:32 zhuqingyang-Rev-1-0 kernel: [    0.922990] pnp 00:00: [mem 0x000e0000-0x000e3fff window]
Dec 19 18:45:32 zhuqingyang-Rev-1-0 kernel: [    0.922992] pnp 00:00: [mem 0x000e4000-0x000e7fff window]
Dec 19 18:45:32 zhuqingyang-Rev-1-0 kernel: [    0.922993] pnp 00:00: [mem 0x000e8000-0x000ebfff window]
Dec 19 18:45:32 zhuqingyang-Rev-1-0 kernel: [    0.922995] pnp 00:00: [mem 0x000ec000-0x000effff window]
Dec 19 18:45:32 zhuqingyang-Rev-1-0 kernel: [    0.922996] pnp 00:00: [mem 0x000f0000-0x000fffff window]
Dec 19 18:45:32 zhuqingyang-Rev-1-0 kernel: [    0.922998] pnp 00:00: [mem 0xe0000000-0xfeafffff window]
Dec 19 18:45:32 zhuqingyang-Rev-1-0 kernel: [    0.923000] pnp 00:00: [mem 0xfed40000-0xfed44fff window]
Dec 19 18:45:32 zhuqingyang-Rev-1-0 kernel: [    0.923001] pnp 00:00: [mem 0xf8628900-0xfeb00000 window]
Dec 19 18:45:32 zhuqingyang-Rev-1-0 kernel: [    0.923003] pnp 00:00: [mem 0xf7000000-0xf8000000 window]
Dec 19 18:45:32 zhuqingyang-Rev-1-0 kernel: [    0.923047] pnp 00:00: Plug and Play ACPI device, IDs PNP0a08 PNP0a03 (active)
Dec 19 18:45:32 zhuqingyang-Rev-1-0 kernel: [    0.923071] pnp 00:01: [io  0x0000-0x001f]
Dec 19 18:45:32 zhuqingyang-Rev-1-0 kernel: [    0.923072] pnp 00:01: [io  0x0081-0x0091]
Dec 19 18:45:32 zhuqingyang-Rev-1-0 kernel: [    0.923073] pnp 00:01: [io  0x0093-0x009f]
Dec 19 18:45:32 zhuqingyang-Rev-1-0 kernel: [    0.923075] pnp 00:01: [io  0x00c0-0x00df]
Dec 19 18:45:32 zhuqingyang-Rev-1-0 kernel: [    0.923076] pnp 00:01: [dma 4]
Dec 19 18:45:32 zhuqingyang-Rev-1-0 kernel: [    0.923095] pnp 00:01: Plug and Play ACPI device, IDs PNP0200 (active)
Dec 19 18:45:32 zhuqingyang-Rev-1-0 kernel: [    0.923101] pnp 00:02: [mem 0xff000000-0xffffffff]
Dec 19 18:45:32 zhuqingyang-Rev-1-0 kernel: [    0.923120] pnp 00:02: Plug and Play ACPI device, IDs INT0800 (active)
Dec 19 18:45:32 zhuqingyang-Rev-1-0 kernel: [    0.923176] pnp 00:03: [mem 0xfed00000-0xfed003ff]
Dec 19 18:45:32 zhuqingyang-Rev-1-0 kernel: [    0.923195] pnp 00:03: Plug and Play ACPI device, IDs PNP0103 (active)
Dec 19 18:45:32 zhuqingyang-Rev-1-0 kernel: [    0.923202] pnp 00:04: [io  0x00f0]
Dec 19 18:45:32 zhuqingyang-Rev-1-0 kernel: [    0.923210] pnp 00:04: [irq 13]
Dec 19 18:45:32 zhuqingyang-Rev-1-0 kernel: [    0.923229] pnp 00:04: Plug and Play ACPI device, IDs PNP0c04 (active)
Dec 19 18:45:32 zhuqingyang-Rev-1-0 kernel: [    0.923237] pnp 00:05: [io  0x002e-0x002f]
Dec 19 18:45:32 zhuqingyang-Rev-1-0 kernel: [    0.923238] pnp 00:05: [io  0x004e-0x004f]
Dec 19 18:45:32 zhuqingyang-Rev-1-0 kernel: [    0.923240] pnp 00:05: [io  0x0061]
Dec 19 18:45:32 zhuqingyang-Rev-1-0 kernel: [    0.923241] pnp 00:05: [io  0x0063]
Dec 19 18:45:32 zhuqingyang-Rev-1-0 kernel: [    0.923242] pnp 00:05: [io  0x0065]
Dec 19 18:45:32 zhuqingyang-Rev-1-0 kernel: [    0.923243] pnp 00:05: [io  0x0067]
Dec 19 18:45:32 zhuqingyang-Rev-1-0 kernel: [    0.923244] pnp 00:05: [io  0x0070]
Dec 19 18:45:32 zhuqingyang-Rev-1-0 kernel: [    0.923246] pnp 00:05: [io  0x0080]
Dec 19 18:45:32 zhuqingyang-Rev-1-0 kernel: [    0.923247] pnp 00:05: [io  0x0092]
Dec 19 18:45:32 zhuqingyang-Rev-1-0 kernel: [    0.923248] pnp 00:05: [io  0x00b2-0x00b3]
Dec 19 18:45:32 zhuqingyang-Rev-1-0 kernel: [    0.923250] pnp 00:05: [io  0x0680-0x069f]
